157.55.39.110 - - [11/Oct/2016:15:59:52 +0152] "GET /loja.html?color=44&tamanho=20&cat=8&p=2&limit=10&mode=list&order=position&dir=desc HTTP/1.1" - -
207.46.13.33 - - [11/Oct/2016:16:00:19 +0152] "GET /loja/vestidos-11/maes.html?p=3&tamanho=12&mode=list HTTP/1.1" - -
157.55.39.110 - - [11/Oct/2016:16:00:23 +0152] "GET /loja.html?color=46&p=2&price=1000-2000&order=position&dir=asc HTTP/1.1" - -
207.46.13.14 - - [11/Oct/2016:16:00:30 +0152] "GET /loja.html?mode=list&color=48&price=3000-&tamanho=20&order=position&dir=desc&cat=7 HTTP/1.1" - -
207.46.13.14 - - [11/Oct/2016:16:00:30 +0152] "GET /loja.html?color=27&order=price&dir=asc&cat=10 HTTP/1.1" - -
157.55.39.237 - - [11/Oct/2016:16:00:36 +0152] "GET /loja/vestidos-11.html?color=26&tamanho=21&cat=10 HTTP/1.1" - -
157.55.39.237 - - [11/Oct/2016:16:00:36 +0152] "GET /loja.html?mode=list&price=2060-&tamanho=17&order=position&dir=desc&cat=9 HTTP/1.1" - -
157.55.39.237 - - [11/Oct/2016:16:00:36 +0152] "GET /loja.html?color=4&order=price&dir=desc&cat=8 HTTP/1.1" - -
157.55.39.237 - - [11/Oct/2016:16:00:36 +0152] "GET /loja/vestidos-11/madrinhas.html?tamanho=20&limit=10&order=position&dir=desc HTTP/1.1" - -
157.55.39.237 - - [11/Oct/2016:16:00:36 +0152] "GET /loja/vestidos-11.html?p=2&price=1000-2000&tamanho=13&mode=grid HTTP/1.1" - -
157.55.39.237 - - [11/Oct/2016:16:00:36 +0152] "GET /loja/vestidos-11/madrinhas.html?color=47&mode=list&dir=asc&order=position HTTP/1.1" - -
157.55.39.237 - - [11/Oct/2016:16:00:50 +0152] "GET /loja.html?limit=10&mode=list&color=34&price=2150-&tamanho=21&cat=7 HTTP/1.1" - -
157.55.39.237 - - [11/Oct/2016:16:00:51 +0152] "GET /loja.html?color=28&cat=7&order=price&dir=asc&mode=list HTTP/1.1" - -
157.55.39.237 - - [11/Oct/2016:16:00:52 +0152] "GET /loja.html?limit=15&mode=list&color=40&tamanho=21&order=position&dir=desc&cat=7 HTTP/1.1" - -
207.46.13.14 - - [11/Oct/2016:16:00:55 +0152] "GET /loja.html?price=3000-&cat=9&order=position&dir=desc&mode=list HTTP/1.1" - -
157.55.39.237 - - [11/Oct/2016:16:01:10 +0152] "GET /loja.html?limit=15 HTTP/1.1" - -
157.55.39.237 - - [11/Oct/2016:16:01:10 +0152] "GET /loja/vestidos-11/madrinhas.html?color=47&price=2780- HTTP/1.1" - -
157.55.39.237 - - [11/Oct/2016:16:01:12 +0152] "GET /loja/vestidos-11.html?color=24&tamanho=18&order=position&dir=asc&cat=8 HTTP/1.1" - -
157.55.39.237 - - [11/Oct/2016:16:01:12 +0152] "GET /loja.html?color=4&p=3&price=2000-3000&mode=list&cat=9 HTTP/1.1" - -
157.55.39.110 - - [11/Oct/2016:16:01:15 +0152] "GET /loja/vestidos-11.html?color=38&tamanho=13&mode=list&cat=10 HTTP/1.1" - -
157.55.39.237 - - [11/Oct/2016:16:01:27 +0152] "GET /loja/vestidos-11.html?price=2060-&tamanho=13 HTTP/1.1" - -
157.55.39.237 - - [11/Oct/2016:16:01:27 +0152] "GET /loja.html?p=2&price=2000-&tamanho=21&order=position&dir=desc&cat=10 HTTP/1.1" - -
157.55.39.237 - - [11/Oct/2016:16:01:29 +0152] "GET /loja.html?price=1000-2000&cat=10&order=position&dir=desc&mode=grid HTTP/1.1" - -
207.46.13.49 - - [11/Oct/2016:16:01:34 +0152] "GET /loja.html?p=3&mode=list&price=2000-&tamanho=21&order=position&dir=asc&cat=7 HTTP/1.1" - -
207.46.13.49 - - [11/Oct/2016:16:01:35 +0152] "GET /loja/vestidos-11.html?p=2&price=2000-3000&tamanho=22 HTTP/1.1" - -
207.46.13.33 - - [11/Oct/2016:16:01:39 +0152] "GET /loja.html?limit=10&price=3000-&tamanho=22&order=position&dir=desc&cat=9 HTTP/1.1" - -
207.46.13.33 - - [11/Oct/2016:16:01:39 +0152] "GET /loja.html?limit=30&mode=list&color=33&order=position&dir=desc&cat=10 HTTP/1.1" - -
157.55.39.110 - - [11/Oct/2016:16:01:45 +0152] "GET /loja.html?color=26&p=2&limit=15&mode=list&cat=7 HTTP/1.1" - -
157.55.39.110 - - [11/Oct/2016:16:01:46 +0152] "GET /loja.html?limit=15&mode=list&color=36&price=2100-2200&tamanho=21&cat=10 HTTP/1.1" - -
157.55.39.237 - - [11/Oct/2016:16:01:53 +0152] "GET /loja.html?p=2&mode=list&color=38&price=1000-2000&tamanho=20&order=price&dir=asc HTTP/1.1" - -
157.55.39.237 - - [11/Oct/2016:16:01:53 +0152] "GET /loja.html?mode=list&color=30&tamanho=21&order=position&dir=desc&cat=10 HTTP/1.1" - -
157.55.39.237 - - [11/Oct/2016:16:01:53 +0152] "GET /loja.html?color=44&tamanho=20&limit=15&order=position&dir=asc HTTP/1.1" - -
157.55.39.237 - - [11/Oct/2016:16:01:53 +0152] "GET /loja/vestidos-11.html?color=39&mode=list&dir=desc&order=position HTTP/1.1" - -
157.55.39.237 - - [11/Oct/2016:16:01:54 +0152] "GET /loja.html?limit=30&mode=grid&color=28&tamanho=20&order=position&dir=desc HTTP/1.1" - -
207.46.13.49 - - [11/Oct/2016:16:01:56 +0152] "GET /loja.html?mode=list&color=39&tamanho=20&order=price&dir=asc&cat=7 HTTP/1.1" - -
157.55.39.110 - - [11/Oct/2016:16:02:01 +0152] "GET /loja/vestidos-11/maes.html?color=27&price=2000-&mode=list HTTP/1.1" - -
207.46.13.33 - - [11/Oct/2016:16:02:05 +0152] "GET /loja.html?limit=10&color=40&tamanho=13&order=position&dir=asc&cat=8 HTTP/1.1" - -
157.55.39.237 - - [11/Oct/2016:16:02:12 +0152] "GET /loja.html?color=24&price=2290-&limit=30&order=position&dir=asc HTTP/1.1" - -
157.55.39.237 - - [11/Oct/2016:16:02:12 +0152] "GET /loja.html?p=1&limit=10&mode=list&color=39&tamanho=20&cat=9 HTTP/1.1" - -
157.55.39.237 - - [11/Oct/2016:16:02:12 +0152] "GET /loja.html?color=44&price=2710-&tamanho=20&limit=10 HTTP/1.1" - -
157.55.39.237 - - [11/Oct/2016:16:02:13 +0152] "GET /loja.html?tamanho=12&order=position&dir=desc&cat=8 HTTP/1.1" - -
157.55.39.237 - - [11/Oct/2016:16:02:13 +0152] "GET /loja/vestidos-11.html?p=2&price=1000-2000&tamanho=21&order=position&dir=asc HTTP/1.1" - -
207.46.13.14 - - [11/Oct/2016:16:02:28 +0152] "GET /loja.html?limit=15&color=38&price=1980-&order=position&dir=desc&cat=7 HTTP/1.1" - -
157.55.39.110 - - [11/Oct/2016:16:02:43 +0152] "GET /loja.html?limit=10&order=position&dir=asc&cat=8 HTTP/1.1" - -
157.55.39.237 - - [11/Oct/2016:16:02:51 +0152] "GET /loja/vestidos-11.html?color=39&price=1000-2000&tamanho=20&cat=8 HTTP/1.1" - -
207.46.13.33 - - [11/Oct/2016:16:02:59 +0152] "GET /loja/vestidos-11.html?color=36&price=2060-&mode=list&cat=9 HTTP/1.1" - -
207.46.13.49 - - [11/Oct/2016:16:03:12 +0152] "GET /loja.html?limit=30&color=40&price=2000-3000&order=position&dir=desc&cat=10 HTTP/1.1" - -
157.55.39.110 - - [11/Oct/2016:16:03:16 +0152] "GET /loja.html?color=30&price=2100-&tamanho=22&limit=30&mode=list HTTP/1.1" - -
207.46.13.49 - - [11/Oct/2016:16:03:47 +0152] "GET /loja/vestidos-11.html?color=46&p=3&price=1000-2000&tamanho=21&cat=10 HTTP/1.1" - -
207.46.13.14 - - [11/Oct/2016:16:03:55 +0152] "GET /loja/vestidos-11/madrinhas.html?color=38&tamanho=21&limit=10 HTTP/1.1" - -
207.46.13.14 - - [11/Oct/2016:16:03:55 +0152] "GET /loja/vestidos-11.html?color=44&tamanho=13&mode=grid&cat=10 HTTP/1.1" - -
207.46.13.14 - - [11/Oct/2016:16:04:03 +0152] "GET /loja.html?color=24&cat=7&order=price&dir=desc&mode=list HTTP/1.1" - -
207.46.13.14 - - [11/Oct/2016:16:04:03 +0152] "GET /loja.html?color=30&price=2600-&mode=list&dir=desc&order=position HTTP/1.1" - -
207.46.13.49 - - [11/Oct/2016:16:04:12 +0152] "GET /loja.html?p=3&tamanho=17 HTTP/1.1" - -
207.46.13.49 - - [11/Oct/2016:16:04:12 +0152] "GET /loja.html?price=1000-2000&tamanho=22&limit=10&cat=7 HTTP/1.1" - -
207.46.13.14 - - [11/Oct/2016:16:04:18 +0152] "GET /loja.html?limit=10&mode=grid&price=1000-2000&order=position&dir=desc&cat=8 HTTP/1.1" - -
157.55.39.110 - - [11/Oct/2016:16:04:26 +0152] "GET /loja/vestidos-11.html?p=2&mode=list&color=39&tamanho=13&order=position&dir=desc HTTP/1.1" - -
207.46.13.14 - - [11/Oct/2016:16:04:39 +0152] "GET /loja.html?color=47&p=2&limit=10&order=position&dir=desc HTTP/1.1" - -
207.46.13.14 - - [11/Oct/2016:16:04:39 +0152] "GET /loja.html?p=3&limit=10&color=26&price=1000-2000&order=position&dir=desc&cat=7 HTTP/1.1" - -
157.55.39.237 - - [11/Oct/2016:16:04:50 +0152] "GET /loja.html?color=48&price=2800-&tamanho=20 HTTP/1.1" - -
157.55.39.237 - - [11/Oct/2016:16:04:51 +0152] "GET /loja.html?color=4&tamanho=13&limit=15&mode=list&cat=8 HTTP/1.1" - -
157.55.39.237 - - [11/Oct/2016:16:04:51 +0152] "GET /loja.html?p=3&limit=10&color=37&tamanho=13&order=position&dir=desc&cat=9 HTTP/1.1" - -
157.55.39.237 - - [11/Oct/2016:16:04:51 +0152] "GET /loja.html?tamanho=17&mode=grid&cat=10 HTTP/1.1" - -
157.55.39.237 - - [11/Oct/2016:16:04:51 +0152] "GET /loja.html?price=1000-2000&order=price&dir=asc&cat=7 HTTP/1.1" - -
157.55.39.237 - - [11/Oct/2016:16:04:52 +0152] "GET /loja.html?mode=list&price=1000-2000&tamanho=22&order=price&dir=desc&cat=9 HTTP/1.1" - -
157.55.39.237 - - [11/Oct/2016:16:04:52 +0152] "GET /loja.html?limit=30&color=24&price=2000-3000&order=position&dir=desc&cat=8 HTTP/1.1" - -
157.55.39.237 - - [11/Oct/2016:16:04:52 +0152] "GET /loja.html?p=2&limit=10&mode=list&color=36&tamanho=21&cat=8 HTTP/1.1" - -
157.55.39.237 - - [11/Oct/2016:16:04:52 +0152] "GET /loja.html?color=26&price=2000-&limit=30&mode=list&cat=10 HTTP/1.1" - -
207.46.13.14 - - [11/Oct/2016:16:04:59 +0152] "GET /loja.html?color=28&price=2000-&tamanho=21&order=position&dir=desc HTTP/1.1" - -
207.46.13.33 - - [11/Oct/2016:16:05:05 +0152] "GET /loja.html?price=1000-2000&tamanho=21&mode=list&cat=10 HTTP/1.1" - -
207.46.13.33 - - [11/Oct/2016:16:05:05 +0152] "GET /loja.html?p=2&color=4&price=2000-3000&tamanho=13&order=position&dir=desc HTTP/1.1" - -
157.55.39.237 - - [11/Oct/2016:16:05:13 +0152] "GET /loja/vestidos-11.html?color=28&order=position&dir=asc&cat=9 HTTP/1.1" - -
157.55.39.237 - - [11/Oct/2016:16:05:13 +0152] "GET /loja.html?p=2&limit=10&color=42&price=2000-2100&order=position&dir=desc HTTP/1.1" - -
157.55.39.237 - - [11/Oct/2016:16:05:14 +0152] "GET /loja/vestidos-11/formaturas.html?color=47&p=3&order=position&dir=asc HTTP/1.1" - -
157.55.39.237 - - [11/Oct/2016:16:05:14 +0152] "GET /loja.html?price=3000-&limit=15&mode=list&cat=9 HTTP/1.1" - -
157.55.39.237 - - [11/Oct/2016:16:05:14 +0152] "GET /loja.html?limit=10&mode=list&color=48&price=3270-&tamanho=22&cat=8 HTTP/1.1" - -
157.55.39.237 - - [11/Oct/2016:16:05:14 +0152] "GET /loja.html?color=42&p=2&price=2000-3000 HTTP/1.1" - -
157.55.39.237 - - [11/Oct/2016:16:05:14 +0152] "GET /loja.html?color=46&p=3&price=1000-2000&cat=7 HTTP/1.1" - -
157.55.39.237 - - [11/Oct/2016:16:05:15 +0152] "GET /loja/vestidos-11.html?color=46&price=3000-&mode=grid&cat=10 HTTP/1.1" - -
157.55.39.237 - - [11/Oct/2016:16:05:15 +0152] "GET /loja.html?p=2&limit=10&color=36&price=2100-2200&tamanho=21&cat=10 HTTP/1.1" - -
157.55.39.237 - - [11/Oct/2016:16:05:16 +0152] "GET /loja/vestidos-11.html?color=36&price=2900-&order=position&dir=desc HTTP/1.1" - -
207.46.13.14 - - [11/Oct/2016:16:05:39 +0152] "GET /loja.html?color=24&p=3&mode=list&dir=asc&order=position HTTP/1.1" - -
207.46.13.14 - - [11/Oct/2016:16:05:39 +0152] "GET /loja.html?color=47&price=2000-3000&order=price&dir=desc&cat=10 HTTP/1.1" - -
157.55.39.237 - - [11/Oct/2016:16:05:44 +0152] "GET /loja.html?p=3&price=2800-&tamanho=13&mode=list HTTP/1.1" - -
157.55.39.237 - - [11/Oct/2016:16:05:44 +0152] "GET /loja/vestidos-11.html?color=28&tamanho=17&mode=list&cat=10 HTTP/1.1" - -
157.55.39.237 - - [11/Oct/2016:16:05:44 +0152] "GET /loja.html?price=2000-3000&tamanho=18&mode=grid&cat=8 HTTP/1.1" - -
157.55.39.237 - - [11/Oct/2016:16:05:44 +0152] "GET /loja.html?p=2&mode=list&color=38&tamanho=21&order=position&dir=asc&cat=7 HTTP/1.1" - -
157.55.39.237 - - [11/Oct/2016:16:05:44 +0152] "GET /loja.html?color=28&p=3&mode=grid&dir=asc&order=position HTTP/1.1" - -
157.55.39.237 - - [11/Oct/2016:16:05:45 +0152] "GET /loja.html?p=2&tamanho=20&limit=30&mode=list&cat=7 HTTP/1.1" - -
157.55.39.110 - - [11/Oct/2016:16:05:54 +0152] "GET /loja/vestidos-11.html?color=27&p=1&order=position&dir=asc HTTP/1.1" - -
207.46.13.49 - - [11/Oct/2016:16:05:59 +0152] "GET /loja/vestidos-11.html?p=3&tamanho=21&order=position&dir=asc HTTP/1.1" - -
157.55.39.110 - - [11/Oct/2016:16:06:05 +0152] "GET /loja.html?mode=list&price=2000-&tamanho=21&order=price&dir=asc&cat=10 HTTP/1.1" - -
157.55.39.237 - - [11/Oct/2016:16:06:28 +0152] "GET /loja.html?price=3860-&order=price&dir=asc HTTP/1.1" - -
157.55.39.237 - - [11/Oct/2016:16:06:28 +0152] "GET /loja/vestidos-11.html?p=3&price=1000-2000&tamanho=21&order=position&dir=asc HTTP/1.1" - -
157.55.39.237 - - [11/Oct/2016:16:06:28 +0152] "GET /loja/vestidos-11.html?color=24&tamanho=21&cat=9 HTTP/1.1" - -
157.55.39.237 - - [11/Oct/2016:16:06:28 +0152] "GET /loja.html?p=2&limit=15&mode=list&color=36&tamanho=20&cat=9 HTTP/1.1" - -
207.46.13.14 - - [11/Oct/2016:16:06:31 +0152] "GET /loja.html?p=3&limit=10&color=38&price=1000-2000&order=position&dir=asc&cat=8 HTTP/1.1" - -
207.46.13.14 - - [11/Oct/2016:16:06:31 +0152] "GET /loja.html?color=36&mode=list&cat=9 HTTP/1.1" - -
157.55.39.110 - - [11/Oct/2016:16:06:37 +0152] "GET /loja.html?p=3&price=3000-&mode=list HTTP/1.1" - -
157.55.39.110 - - [11/Oct/2016:16:06:37 +0152] "GET /loja/vestidos-11.html?price=2830-2840&mode=list&cat=10 HTTP/1.1" - -
157.55.39.110 - - [11/Oct/2016:16:06:38 +0152] "GET /loja.html?color=36&tamanho=20&mode=grid&cat=7 HTTP/1.1" - -
207.46.13.49 - - [11/Oct/2016:16:06:45 +0152] "GET /loja/vestidos-11/madrinhas.html?color=28&p=2&price=1000-2000&tamanho=13&limit=10 HTTP/1.1" - -
207.46.13.49 - - [11/Oct/2016:16:06:45 +0152] "GET /loja/vestidos-11.html?mode=list&color=37&tamanho=13&order=position&dir=desc&cat=9 HTTP/1.1" - -
207.46.13.49 - - [11/Oct/2016:16:06:56 +0152] "GET /loja/vestidos-11/maes.html?color=40&mode=grid&dir=asc&order=position HTTP/1.1" - -
157.55.39.110 - - [11/Oct/2016:16:07:00 +0152] "GET /loja/vestidos-11/madrinhas.html?price=1980-&tamanho=18&limit=10 HTTP/1.1" - -
207.46.13.14 - - [11/Oct/2016:16:07:09 +0152] "GET /loja.html?color=26&price=2000-3000&tamanho=22&cat=8 HTTP/1.1" - -
207.46.13.14 - - [11/Oct/2016:16:07:10 +0152] "GET /loja/vestidos-11.html?price=3000-&cat=9 HTTP/1.1" - -
157.55.39.110 - - [11/Oct/2016:16:08:01 +0152] "GET /loja/vestidos-11/formaturas.html?p=2&price=2000-2100&tamanho=21 HTTP/1.1" - -
157.55.39.110 - - [11/Oct/2016:16:08:02 +0152] "GET /loja.html?price=2060-&tamanho=20&limit=30&mode=list HTTP/1.1" - -
157.55.39.110 - - [11/Oct/2016:16:08:02 +0152] "GET /loja.html?color=42&price=2060-&order=price&dir=asc&cat=9 HTTP/1.1" - -
207.46.13.14 - - [11/Oct/2016:16:08:07 +0152] "GET /loja/vestidos-11/madrinhas.html?color=26&p=2&price=1000-2000&tamanho=22&mode=list HTTP/1.1" - -
207.46.13.49 - - [11/Oct/2016:16:08:11 +0152] "GET /loja.html?p=2&limit=10&mode=list&color=44&tamanho=22&cat=8 HTTP/1.1" - -
207.46.13.14 - - [11/Oct/2016:16:08:19 +0152] "GET /loja.html?color=27&price=2800-&order=price&dir=asc&cat=7 HTTP/1.1" - -
207.46.13.14 - - [11/Oct/2016:16:08:21 +0152] "GET /loja.html?p=3&mode=grid&tamanho=13&order=price&dir=desc&cat=7 HTTP/1.1" - -
157.55.39.110 - - [11/Oct/2016:16:08:31 +0152] "GET /loja.html?color=44&tamanho=13&order=position&dir=asc&cat=10 HTTP/1.1" - -
207.46.13.33 - - [11/Oct/2016:16:08:36 +0152] "GET /loja.html?limit=15&mode=list&color=47&price=1980-&order=position&dir=desc HTTP/1.1" - -
207.46.13.33 - - [11/Oct/2016:16:08:36 +0152] "GET /loja/vestidos-11.html?color=47&order=position&dir=asc&cat=8 HTTP/1.1" - -
207.46.13.33 - - [11/Oct/2016:16:08:37 +0152] "GET /loja.html?p=3&limit=10&price=1000-2000&order=position&dir=asc&cat=7 HTTP/1.1" - -
207.46.13.33 - - [11/Oct/2016:16:08:37 +0152] "GET /loja/vestidos-11/madrinhas.html?color=30&price=2000-3000&limit=15&order=position&dir=desc HTTP/1.1" - -
207.46.13.33 - - [11/Oct/2016:16:08:37 +0152] "GET /loja/vestidos-11/madrinhas.html?color=4&p=3&price=2000-3000&limit=30&mode=list HTTP/1.1" - -
157.55.39.110 - - [11/Oct/2016:16:08:47 +0152] "GET /loja.html?p=1&order=color&dir=asc HTTP/1.1" - -
207.46.13.49 - - [11/Oct/2016:16:08:56 +0152] "GET /loja.html?price=2830-&tamanho=20&limit=30&cat=7 HTTP/1.1" - -
207.46.13.49 - - [11/Oct/2016:16:08:57 +0152] "GET /loja.html?price=2000-&tamanho=13&limit=15&order=position&dir=desc HTTP/1.1" - -
207.46.13.33 - - [11/Oct/2016:16:09:02 +0152] "GET /loja.html?mode=list&color=24&tamanho=18&order=position&dir=desc&cat=9 HTTP/1.1" - -
207.46.13.14 - - [11/Oct/2016:16:09:49 +0152] "GET /loja.html?price=2290-&tamanho=18&mode=list&cat=10 HTTP/1.1" - -
207.46.13.49 - - [11/Oct/2016:16:10:01 +0152] "GET /loja.html?color=42&price=2000-3000&limit=30&order=position&dir=desc HTTP/1.1" - -
207.46.13.49 - - [11/Oct/2016:16:10:03 +0152] "GET /loja.html?price=1000-2000&tamanho=13&limit=30&cat=7 HTTP/1.1" - -
157.55.39.110 - - [11/Oct/2016:16:10:14 +0152] "GET /loja.html?color=24&price=2200-2300&tamanho=18&mode=list HTTP/1.1" - -
207.46.13.14 - - [11/Oct/2016:16:10:20 +0152] "GET /loja/vestidos-11.html?color=28&p=3&price=1000-2000&order=position&dir=asc HTTP/1.1" - -
207.46.13.33 - - [11/Oct/2016:16:10:37 +0152] "GET /loja.html?price=1000-2000&limit=30&cat=8 HTTP/1.1" - -
207.46.13.33 - - [11/Oct/2016:16:10:38 +0152] "GET /loja.html?color=42&tamanho=21&mode=grid&cat=9 HTTP/1.1" - -
207.46.13.33 - - [11/Oct/2016:16:10:38 +0152] "GET /loja/vestidos-11.html?color=24&limit=30&cat=10 HTTP/1.1" - -
207.46.13.33 - - [11/Oct/2016:16:10:38 +0152] "GET /loja.html?price=3000-&cat=9 HTTP/1.1" - -
207.46.13.33 - - [11/Oct/2016:16:10:38 +0152] "GET /loja.html?p=2&limit=30&mode=list&color=44&price=2000-3000&tamanho=13&cat=7 HTTP/1.1" - -
207.46.13.49 - - [11/Oct/2016:16:11:00 +0152] "GET /loja.html?p=3&color=28&tamanho=17&order=position&dir=desc&cat=10 HTTP/1.1" - -
207.46.13.33 - - [11/Oct/2016:16:11:22 +0152] "GET /loja.html?p=2&mode=list&color=38&price=2000-3000&tamanho=13&order=position&dir=asc HTTP/1.1" - -
207.46.13.49 - - [11/Oct/2016:16:11:45 +0152] "GET /loja.html?p=2&mode=list&color=40&order=position&dir=asc&cat=10 HTTP/1.1" - -
207.46.13.14 - - [11/Oct/2016:16:11:51 +0152] "GET /loja/vestidos-11/formaturas.html?color=34&tamanho=13&limit=30&mode=list HTTP/1.1" - -
207.46.13.14 - - [11/Oct/2016:16:12:00 +0152] "GET /loja.html?p=3&limit=10&mode=list&color=48&price=3270-&cat=7 HTTP/1.1" - -
157.55.39.110 - - [11/Oct/2016:16:12:06 +0152] "GET /loja.html?color=24&p=2&mode=grid&cat=7 HTTP/1.1" - -
207.46.13.49 - - [11/Oct/2016:16:12:30 +0152] "GET /loja.html?color=27&limit=15&cat=8 HTTP/1.1" - -
207.46.13.49 - - [11/Oct/2016:16:12:31 +0152] "GET /loja.html?limit=10&mode=list&color=28&price=2000-&order=position&dir=desc&cat=9 HTTP/1.1" - -
207.46.13.49 - - [11/Oct/2016:16:12:31 +0152] "GET /loja/vestidos-11/maes.html?color=38&price=1880-&tamanho=13 HTTP/1.1" - -
207.46.13.49 - - [11/Oct/2016:16:12:32 +0152] "GET /loja.html?color=40&price=2860-&mode=grid&cat=10 HTTP/1.1" - -
66.249.79.103 - - [11/Oct/2016:16:12:35 +0152] "GET /catalogsearch/result/index/?q=comp&limit=10&mode=list&price=100-&tamanho=127&order=relevance&dir=desc HTTP/1.1" - -
207.46.13.14 - - [11/Oct/2016:16:12:40 +0152] "GET /loja.html?mode=list&color=33&price=2980-&tamanho=20&order=position&dir=desc HTTP/1.1" - -
207.46.13.14 - - [11/Oct/2016:16:12:40 +0152] "GET /loja/vestidos-11.html?price=3000-&tamanho=13&mode=grid&cat=10 HTTP/1.1" - -
207.46.13.33 - - [11/Oct/2016:16:12:47 +0152] "GET /loja.html?p=3&limit=30&mode=list&color=28&price=2000-3000&tamanho=13&cat=7 HTTP/1.1" - -
207.46.13.33 - - [11/Oct/2016:16:12:47 +0152] "GET /loja/vestidos-11/maes.html?color=30&price=2100-2200&tamanho=21&limit=30&mode=list HTTP/1.1" - -
207.46.13.33 - - [11/Oct/2016:16:13:19 +0152] "GET /loja.html?p=2&mode=list&color=24&tamanho=18&order=position&dir=desc&cat=7 HTTP/1.1" - -
207.46.13.33 - - [11/Oct/2016:16:13:20 +0152] "GET /loja/vestidos-11.html?tamanho=12&cat=9 HTTP/1.1" - -
207.46.13.14 - - [11/Oct/2016:16:14:03 +0152] "GET /loja.html?price=1980-&tamanho=20&limit=10&mode=list&cat=8 HTTP/1.1" - -
207.46.13.33 - - [11/Oct/2016:16:14:08 +0152] "GET /loja.html?color=42&price=1980-&tamanho=21&limit=15&mode=list HTTP/1.1" - -
207.46.13.49 - - [11/Oct/2016:16:14:16 +0152] "GET /loja.html?color=40&price=2000-&limit=15 HTTP/1.1" - -
207.46.13.49 - - [11/Oct/2016:16:14:17 +0152] "GET /loja.html?p=2&color=44&tamanho=13&order=price&dir=asc&cat=7 HTTP/1.1" - -
207.46.13.49 - - [11/Oct/2016:16:14:18 +0152] "GET /loja.html?color=46&p=3&order=price&dir=asc&cat=9 HTTP/1.1" - -
207.46.13.49 - - [11/Oct/2016:16:14:18 +0152] "GET /loja.html?color=48&p=2&price=3270-&limit=10 HTTP/1.1" - -
207.46.13.49 - - [11/Oct/2016:16:14:41 +0152] "GET /loja/vestidos-11.html?color=40&tamanho=21&cat=8 HTTP/1.1" - -
207.46.13.49 - - [11/Oct/2016:16:14:54 +0152] "GET /loja.html?cat=8&tamanho=20&order=position&dir=asc&mode=list HTTP/1.1" - -
207.46.13.33 - - [11/Oct/2016:16:15:00 +0152] "GET /loja.html?color=26&price=2000-3000&mode=grid&cat=9 HTTP/1.1" - -
207.46.13.33 - - [11/Oct/2016:16:15:01 +0152] "GET /loja/vestidos-11/madrinhas.html?color=26&p=1&tamanho=13&mode=list HTTP/1.1" - -
207.46.13.14 - - [11/Oct/2016:16:15:04 +0152] "GET /loja/vestidos-11.html?color=38&price=2000-3000&cat=9 HTTP/1.1" - -
207.46.13.14 - - [11/Oct/2016:16:16:02 +0152] "GET /loja.html?color=42&price=2060-&limit=10&mode=grid&cat=9 HTTP/1.1" - -
207.46.13.49 - - [11/Oct/2016:16:16:11 +0152] "GET /loja.html?limit=15&mode=grid&color=36&price=2100-2200&tamanho=20&cat=7 HTTP/1.1" - -
157.55.39.110 - - [11/Oct/2016:16:16:26 +0152] "GET /loja.html?color=36&price=2980-&limit=15&mode=list&cat=7 HTTP/1.1" - -
207.46.13.33 - - [11/Oct/2016:16:16:30 +0152] "GET /loja.html?p=2&tamanho=12&limit=15&order=position&dir=asc HTTP/1.1" - -
207.46.13.14 - - [11/Oct/2016:16:16:47 +0152] "GET /loja/vestidos-11/maes.html?color=39&p=1&mode=list&dir=desc&order=position HTTP/1.1" - -
207.46.13.14 - - [11/Oct/2016:16:16:47 +0152] "GET /loja/vestidos-11.html?color=42&price=2060-&mode=list&cat=9 HTTP/1.1" - -
207.46.13.49 - - [11/Oct/2016:16:16:52 +0152] "GET /loja.html?price=1980-&tamanho=21&limit=15&mode=list HTTP/1.1" - -
207.46.13.49 - - [11/Oct/2016:16:17:05 +0152] "GET /loja.html?price=2600-&limit=10&cat=9 HTTP/1.1" - -
207.46.13.33 - - [11/Oct/2016:16:17:09 +0152] "GET /loja/vestidos-11/maes.html?color=40&order=position&dir=asc HTTP/1.1" - -
157.55.39.110 - - [11/Oct/2016:16:17:14 +0152] "GET /loja.html?p=1&limit=10&mode=list&price=1000-2000&tamanho=13&cat=9 HTTP/1.1" - -
207.46.13.49 - - [11/Oct/2016:16:17:38 +0152] "GET /loja.html?color=36&p=3&price=2800-&tamanho=20 HTTP/1.1" - -
207.46.13.49 - - [11/Oct/2016:16:17:39 +0152] "GET /loja.html?color=36&tamanho=20&mode=list&cat=9 HTTP/1.1" - -
207.46.13.49 - - [11/Oct/2016:16:18:15 +0152] "GET /loja.html?color=36&p=2&price=2000-3000&order=price&dir=desc HTTP/1.1" - -
207.46.13.49 - - [11/Oct/2016:16:18:15 +0152] "GET /loja.html?color=44&limit=30&cat=8 HTTP/1.1" - -
207.46.13.33 - - [11/Oct/2016:16:18:25 +0152] "GET /loja.html?mode=list&color=36&price=2000-3000&tamanho=20&order=position&dir=desc HTTP/1.1" - -
207.46.13.49 - - [11/Oct/2016:16:18:49 +0152] "GET /loja/vestidos-11/madrinhas.html?p=2&tamanho=18 HTTP/1.1" - -
157.55.39.110 - - [11/Oct/2016:16:19:04 +0152] "GET /loja.html?tamanho=17&limit=15&mode=grid&cat=7 HTTP/1.1" - -
207.46.13.49 - - [11/Oct/2016:16:19:11 +0152] "GET /loja.html?color=26&tamanho=13&order=position&dir=asc&cat=8 HTTP/1.1" - -
207.46.13.49 - - [11/Oct/2016:16:19:11 +0152] "GET /loja.html?p=3&price=2000-3000&tamanho=18&limit=10&cat=8 HTTP/1.1" - -
207.46.13.33 - - [11/Oct/2016:16:19:56 +0152] "GET /loja.html?limit=10&color=36&price=2100-2200&order=position&dir=desc&cat=10 HTTP/1.1" - -
207.46.13.33 - - [11/Oct/2016:16:19:57 +0152] "GET /loja.html?p=2&limit=30&mode=list&color=40&price=2000-3000&cat=7 HTTP/1.1" - -
207.46.13.14 - - [11/Oct/2016:16:20:12 +0152] "GET /loja.html?price=2800-&tamanho=12&order=position&dir=desc HTTP/1.1" - -
207.46.13.14 - - [11/Oct/2016:16:20:13 +0152] "GET /loja.html?color=44&p=3&price=2710-&mode=list HTTP/1.1" - -
207.46.13.49 - - [11/Oct/2016:16:20:16 +0152] "GET /loja.html?color=27&p=3&price=2000-3000&order=position&dir=desc HTTP/1.1" - -
207.46.13.49 - - [11/Oct/2016:16:20:19 +0152] "GET /loja.html?limit=10&color=28&price=1000-2000&order=position&dir=desc&cat=10 HTTP/1.1" - -
207.46.13.49 - - [11/Oct/2016:16:20:19 +0152] "GET /loja.html?color=33&price=2000-3000&tamanho=13&limit=10&cat=7 HTTP/1.1" - -
207.46.13.49 - - [11/Oct/2016:16:20:19 +0152] "GET /loja/vestidos-11/maes.html?color=39&p=2&price=1980-&order=position&dir=asc HTTP/1.1" - -
207.46.13.49 - - [11/Oct/2016:16:20:19 +0152] "GET /loja.html?tamanho=17&mode=grid&dir=asc&order=price HTTP/1.1" - -
157.55.39.110 - - [11/Oct/2016:16:20:22 +0152] "GET /loja.html?color=28&p=3&tamanho=20&cat=10 HTTP/1.1" - -
157.55.39.110 - - [11/Oct/2016:16:20:23 +0152] "GET /loja.html?color=46&tamanho=13&limit=15&mode=grid HTTP/1.1" - -
157.55.39.110 - - [11/Oct/2016:16:20:23 +0152] "GET /loja.html?price=2700-&order=price&dir=asc HTTP/1.1" - -
207.46.13.14 - - [11/Oct/2016:16:20:26 +0152] "GET /loja/vestidos-11.html?color=24&tamanho=21&mode=list&dir=asc&order=position HTTP/1.1" - -
207.46.13.14 - - [11/Oct/2016:16:20:27 +0152] "GET /loja.html?color=34&p=3&cat=8 HTTP/1.1" - -
207.46.13.33 - - [11/Oct/2016:16:20:32 +0152] "GET /loja.html?color=33&tamanho=20&limit=10&mode=grid HTTP/1.1" - -
207.46.13.33 - - [11/Oct/2016:16:20:47 +0152] "GET /loja.html?limit=15&color=39&price=1980-&tamanho=13&order=position&dir=desc&cat=7 HTTP/1.1" - -
157.55.39.110 - - [11/Oct/2016:16:20:53 +0152] "GET /loja.html?p=3&limit=10&color=36&price=2100-2200&order=position&dir=desc&cat=9 HTTP/1.1" - -
157.55.39.110 - - [11/Oct/2016:16:20:53 +0152] "GET /loja.html?color=30&price=2000-&limit=30&order=position&dir=desc HTTP/1.1" - -
207.46.13.14 - - [11/Oct/2016:16:21:05 +0152] "GET /loja.html?color=30&price=2060-&cat=7 HTTP/1.1" - -
207.46.13.33 - - [11/Oct/2016:16:21:10 +0152] "GET /loja/vestidos-11.html?p=3&price=2000-3000&tamanho=21&order=position&dir=asc HTTP/1.1" - -
207.46.13.33 - - [11/Oct/2016:16:21:11 +0152] "GET /loja.html?p=1&tamanho=20&order=position&dir=asc HTTP/1.1" - -
207.46.13.33 - - [11/Oct/2016:16:21:11 +0152] "GET /loja/vestidos-11/madrinhas.html?color=41&tamanho=13&limit=15&mode=list HTTP/1.1" - -
157.55.39.110 - - [11/Oct/2016:16:21:22 +0152] "GET /loja.html?color=40&price=2860-&cat=10 HTTP/1.1" - -
207.46.13.14 - - [11/Oct/2016:16:21:44 +0152] "GET /loja.html?color=26&tamanho=20&order=price&dir=desc&cat=10 HTTP/1.1" - -
207.46.13.14 - - [11/Oct/2016:16:22:04 +0152] "GET /loja.html?p=3&color=38&tamanho=21&order=position&dir=asc&cat=7 HTTP/1.1" - -
207.46.13.14 - - [11/Oct/2016:16:22:04 +0152] "GET /loja.html?color=28&price=2060-&tamanho=17&order=price&dir=desc&cat=9 HTTP/1.1" - -
207.46.13.14 - - [11/Oct/2016:16:22:05 +0152] "GET /loja.html?limit=15&color=42&price=1980-&order=position&dir=desc&cat=7 HTTP/1.1" - -
207.46.13.49 - - [11/Oct/2016:16:22:23 +0152] "GET /loja/vestidos-11.html?color=40&price=2000-3000&order=position&dir=asc&cat=9 HTTP/1.1" - -
207.46.13.14 - - [11/Oct/2016:16:22:34 +0152] "GET /loja.html?color=44&price=2710-&tamanho=20&mode=grid&cat=7 HTTP/1.1" - -
207.46.13.33 - - [11/Oct/2016:16:22:39 +0152] "GET /loja.html?color=27&limit=10&mode=list&cat=8 HTTP/1.1" - -
207.46.13.14 - - [11/Oct/2016:16:22:53 +0152] "GET /loja.html?mode=list&color=4&tamanho=22&order=price&dir=desc&cat=10 HTTP/1.1" - -
157.55.39.110 - - [11/Oct/2016:16:22:58 +0152] "GET /loja.html?p=2&price=2000-3000&order=position&dir=desc&cat=8 HTTP/1.1" - -
207.46.13.49 - - [11/Oct/2016:16:23:07 +0152] "GET /loja.html?p=3&price=1000-2000&tamanho=13&limit=10&cat=8 HTTP/1.1" - -
207.46.13.49 - - [11/Oct/2016:16:23:07 +0152] "GET /loja.html?p=1&price=2000-3000&tamanho=13&order=position&dir=desc HTTP/1.1" - -
207.46.13.14 - - [11/Oct/2016:16:23:30 +0152] "GET /loja.html?color=26&tamanho=22&limit=15 HTTP/1.1" - -
207.46.13.14 - - [11/Oct/2016:16:23:49 +0152] "GET /loja/vestidos-11.html?color=37&p=2&price=3860- HTTP/1.1" - -
207.46.13.14 - - [11/Oct/2016:16:23:49 +0152] "GET /loja.html?color=27&p=2&tamanho=22&limit=15&cat=9 HTTP/1.1" - -
207.46.13.49 - - [11/Oct/2016:16:23:54 +0152] "GET /loja/vestidos-11.html?color=27&tamanho=13&order=position&dir=desc&cat=8 HTTP/1.1" - -
45.32.129.1 - - [11/Oct/2016:16:23:54 +0152] "GET / HTTP/1.1" - -
157.55.39.110 - - [11/Oct/2016:16:23:57 +0152] "GET /loja.html?price=2600-&tamanho=21&limit=15&mode=list&cat=7 HTTP/1.1" - -
207.46.13.49 - - [11/Oct/2016:16:24:27 +0152] "GET /loja/vestidos-11/madrinhas.html?color=44&p=2&order=position&dir=asc HTTP/1.1" - -
207.46.13.49 - - [11/Oct/2016:16:24:29 +0152] "GET /loja.html?color=42&p=3&limit=10&mode=list&cat=7 HTTP/1.1" - -
207.46.13.14 - - [11/Oct/2016:16:24:30 +0152] "GET /loja.html?color=28&tamanho=17&cat=10 HTTP/1.1" - -
207.46.13.14 - - [11/Oct/2016:16:24:30 +0152] "GET /loja.html?limit=30&mode=grid&price=2290-&tamanho=18&order=position&dir=desc HTTP/1.1" - -
207.46.13.14 - - [11/Oct/2016:16:24:31 +0152] "GET /loja.html?p=2&tamanho=17&cat=8 HTTP/1.1" - -
207.46.13.14 - - [11/Oct/2016:16:24:49 +0152] "GET /loja/vestidos-11/madrinhas.html?p=3&tamanho=13&limit=10&mode=list HTTP/1.1" - -
207.46.13.49 - - [11/Oct/2016:16:24:53 +0152] "GET /loja.html?color=48&p=2&limit=10&order=position&dir=desc HTTP/1.1" - -
157.55.39.110 - - [11/Oct/2016:16:25:01 +0152] "GET /loja.html?color=37&limit=10&mode=list&cat=10 HTTP/1.1" - -
207.46.13.49 - - [11/Oct/2016:16:25:13 +0152] "GET /loja.html?color=28&tamanho=20&limit=30&mode=list&cat=9 HTTP/1.1" - -
207.46.13.33 - - [11/Oct/2016:16:25:18 +0152] "GET /loja.html?color=41&price=2750-&limit=10&cat=8 HTTP/1.1" - -
207.46.13.33 - - [11/Oct/2016:16:25:45 +0152] "GET /loja.html?limit=15&mode=list&color=40&tamanho=13&order=position&dir=desc&cat=7 HTTP/1.1" - -
207.46.13.49 - - [11/Oct/2016:16:25:49 +0152] "GET /loja.html?color=42&p=3&price=2060-&tamanho=17&cat=7 HTTP/1.1" - -
207.46.13.14 - - [11/Oct/2016:16:26:06 +0152] "GET /loja.html?color=46&p=2&price=3000-&cat=8 HTTP/1.1" - -
207.46.13.33 - - [11/Oct/2016:16:26:31 +0152] "GET /loja/vestidos-11.html?color=26&price=2000-3000&tamanho=13&cat=10 HTTP/1.1" - -
207.46.13.33 - - [11/Oct/2016:16:26:32 +0152] "GET /loja.html?color=27&price=2100-&tamanho=22&order=position&dir=asc HTTP/1.1" - -
207.46.13.14 - - [11/Oct/2016:16:26:50 +0152] "GET /loja.html?color=38&p=2&tamanho=20&mode=list&cat=7 HTTP/1.1" - -
207.46.13.14 - - [11/Oct/2016:16:26:51 +0152] "GET /loja.html?p=2&limit=15&mode=list&color=4&tamanho=22&cat=7 HTTP/1.1" - -
157.55.39.110 - - [11/Oct/2016:16:26:55 +0152] "GET /loja.html?color=4&price=2060-&limit=30&order=position&dir=desc HTTP/1.1" - -
207.46.13.33 - - [11/Oct/2016:16:27:10 +0152] "GET /loja.html?mode=list&color=4&price=3000-&order=position&dir=desc&cat=8 HTTP/1.1" - -
207.46.13.14 - - [11/Oct/2016:16:27:15 +0152] "GET /loja.html?color=28&tamanho=21&limit=10&order=position&dir=desc HTTP/1.1" - -
207.46.13.14 - - [11/Oct/2016:16:27:15 +0152] "GET /loja.html?color=40&price=2830-&tamanho=12&order=position&dir=desc&cat=10 HTTP/1.1" - -
207.46.13.14 - - [11/Oct/2016:16:27:31 +0152] "GET /loja/vestidos-11.html?color=37&tamanho=13&mode=grid&cat=9 HTTP/1.1" - -
207.46.13.49 - - [11/Oct/2016:16:28:19 +0152] "GET /loja.html?color=46&price=3000-&limit=10&cat=7 HTTP/1.1" - -
157.55.39.110 - - [11/Oct/2016:16:28:24 +0152] "GET /loja.html?p=2&mode=list&color=44&tamanho=22&order=price&dir=desc HTTP/1.1" - -
207.46.13.33 - - [11/Oct/2016:16:28:31 +0152] "GET /loja.html?color=38&price=1980-&limit=15&mode=grid HTTP/1.1" - -
207.46.13.33 - - [11/Oct/2016:16:28:31 +0152] "GET /loja/vestidos-11.html?color=33&tamanho=13&mode=grid&cat=10 HTTP/1.1" - -
207.46.13.33 - - [11/Oct/2016:16:28:31 +0152] "GET /loja.html?color=28&price=2000-&tamanho=13&order=position&dir=desc&cat=8 HTTP/1.1" - -
207.46.13.33 - - [11/Oct/2016:16:28:32 +0152] "GET /loja/vestidos-11.html?color=38&tamanho=20&mode=grid&cat=10 HTTP/1.1" - -
207.46.13.33 - - [11/Oct/2016:16:28:32 +0152] "GET /loja.html?color=38&p=1&price=1000-2000&limit=15 HTTP/1.1" - -
207.46.13.49 - - [11/Oct/2016:16:28:37 +0152] "GET /loja.html?color=44&tamanho=13&order=position&dir=desc HTTP/1.1" - -
207.46.13.14 - - [11/Oct/2016:16:28:44 +0152] "GET /loja.html?limit=10&color=36&price=2900-&order=position&dir=asc&cat=7 HTTP/1.1" - -
207.46.13.33 - - [11/Oct/2016:16:29:00 +0152] "GET /loja/vestidos-11/madrinhas.html?p=2&price=1000-2000&order=position&dir=desc HTTP/1.1" - -
207.46.13.33 - - [11/Oct/2016:16:29:01 +0152] "GET /loja/vestidos-11.html?price=3000-&tamanho=20&mode=grid&cat=9 HTTP/1.1" - -
207.46.13.14 - - [11/Oct/2016:16:29:15 +0152] "GET /loja.html?color=30&limit=15&cat=9 HTTP/1.1" - -
157.55.39.110 - - [11/Oct/2016:16:29:33 +0152] "GET /loja.html?color=28&price=2060-&tamanho=17&mode=list HTTP/1.1" - -
157.55.39.110 - - [11/Oct/2016:16:29:58 +0152] "GET /loja.html?color=44&price=2710-&tamanho=22&limit=10 HTTP/1.1" - -
207.46.13.49 - - [11/Oct/2016:16:30:06 +0152] "GET /loja.html?color=4&price=3000-&tamanho=22&mode=list HTTP/1.1" - -
157.55.39.110 - - [11/Oct/2016:16:30:11 +0152] "GET /loja.html?mode=list&color=39&tamanho=13&order=position&dir=desc&cat=8 HTTP/1.1" - -
157.55.39.110 - - [11/Oct/2016:16:30:12 +0152] "GET /loja.html?p=2&limit=10&color=28&price=1000-2000&order=position&dir=asc HTTP/1.1" - -
207.46.13.14 - - [11/Oct/2016:16:30:15 +0152] "GET /loja.html?limit=15&color=27&tamanho=21&order=position&dir=desc&cat=7 HTTP/1.1" - -
207.46.13.33 - - [11/Oct/2016:16:30:21 +0152] "GET /loja.html?color=33&price=2000-3000&limit=30&mode=list&cat=8 HTTP/1.1" - -
207.46.13.33 - - [11/Oct/2016:16:30:22 +0152] "GET /loja/vestidos-11.html?color=40&tamanho=12 HTTP/1.1" - -
207.46.13.33 - - [11/Oct/2016:16:30:22 +0152] "GET /loja/vestidos-11/formaturas.html?price=2290-&tamanho=18&order=position&dir=asc HTTP/1.1" - -
157.55.39.110 - - [11/Oct/2016:16:30:36 +0152] "GET /loja.html?color=38&price=2000-&tamanho=21&order=position&dir=desc&cat=10 HTTP/1.1" - -
207.46.13.14 - - [11/Oct/2016:16:30:46 +0152] "GET /loja/vestidos-11.html?mode=list&color=27&tamanho=17&order=position&dir=desc&cat=10 HTTP/1.1" - -
207.46.13.49 - - [11/Oct/2016:16:30:50 +0152] "GET /loja/vestidos-11/maes.html?p=2&tamanho=20&mode=grid&dir=desc&order=position HTTP/1.1" - -
207.46.13.49 - - [11/Oct/2016:16:30:51 +0152] "GET /loja.html?p=1&limit=10&mode=list&price=1000-2000&tamanho=20&cat=9 HTTP/1.1" - -
207.46.13.49 - - [11/Oct/2016:16:30:51 +0152] "GET /loja/vestidos-11/maes.html?color=33&price=2000-&order=position&dir=desc HTTP/1.1" - -
157.55.39.110 - - [11/Oct/2016:16:30:56 +0152] "GET /loja.html?mode=grid&color=34&price=2000-3000&tamanho=13&order=position&dir=asc HTTP/1.1" - -
157.55.39.110 - - [11/Oct/2016:16:30:56 +0152] "GET /loja.html?color=33&price=2000-3000&tamanho=13&order=position&dir=desc&cat=9 HTTP/1.1" - -
207.46.13.33 - - [11/Oct/2016:16:31:00 +0152] "GET /loja/vestidos-11.html?color=33&p=2&tamanho=20&mode=list&cat=10 HTTP/1.1" - -
207.46.13.33 - - [11/Oct/2016:16:31:00 +0152] "GET /loja.html?color=48&p=2&limit=10&mode=list HTTP/1.1" - -
207.46.13.33 - - [11/Oct/2016:16:31:00 +0152] "GET /loja.html?p=1&price=1000-2000&order=price&dir=asc HTTP/1.1" - -
207.46.13.14 - - [11/Oct/2016:16:31:16 +0152] "GET /loja/vestidos-11.html?mode=list&color=41&tamanho=13&order=position&dir=desc&cat=10 HTTP/1.1" - -
207.46.13.14 - - [11/Oct/2016:16:31:26 +0152] "GET /loja/vestidos-11/madrinhas.html?color=39&p=3&limit=30&mode=list HTTP/1.1" - -
157.55.39.110 - - [11/Oct/2016:16:31:58 +0152] "GET /loja.html?color=27&p=1&price=2000-2100&tamanho=21&limit=10 HTTP/1.1" - -
207.46.13.49 - - [11/Oct/2016:16:32:01 +0152] "GET /loja.html?color=40&price=2860-&tamanho=21&order=position&dir=desc HTTP/1.1" - -
180.76.15.144 - - [11/Oct/2016:16:32:12 +0152] "GET / HTTP/1.1" - -
207.46.13.14 - - [11/Oct/2016:16:32:19 +0152] "GET /loja.html?color=36&p=2&price=2100-2200 HTTP/1.1" - -
157.55.39.110 - - [11/Oct/2016:16:32:40 +0152] "GET /loja.html?color=28&cat=7&order=price&dir=desc&mode=grid HTTP/1.1" - -
207.46.13.49 - - [11/Oct/2016:16:32:49 +0152] "GET /loja/vestidos-11/formaturas.html?color=27&price=2100-2200&tamanho=22 HTTP/1.1" - -
207.46.13.49 - - [11/Oct/2016:16:32:49 +0152] "GET /loja.html?color=28&price=1000-2000&tamanho=13&order=position&dir=desc&cat=9 HTTP/1.1" - -
207.46.13.49 - - [11/Oct/2016:16:32:51 +0152] "GET /loja.html?price=2060-&tamanho=13&limit=30&mode=list HTTP/1.1" - -
180.76.15.135 - - [11/Oct/2016:16:32:58 +0152] "GET / HTTP/1.1" - -
207.46.13.14 - - [11/Oct/2016:16:33:01 +0152] "GET /loja.html?color=36&tamanho=20&order=position&dir=desc&cat=9 HTTP/1.1" - -
207.46.13.14 - - [11/Oct/2016:16:33:01 +0152] "GET /loja.html?color=47&price=2780-&tamanho=13 HTTP/1.1" - -
207.46.13.33 - - [11/Oct/2016:16:33:05 +0152] "GET /loja/vestidos-11/madrinhas.html?color=34&tamanho=21&limit=10&mode=grid HTTP/1.1" - -
207.46.13.14 - - [11/Oct/2016:16:33:22 +0152] "GET /loja.html?price=2000-2100&limit=15&order=position&dir=desc HTTP/1.1" - -
207.46.13.14 - - [11/Oct/2016:16:33:32 +0152] "GET /loja.html?limit=30&color=44&price=2100-&tamanho=22&order=position&dir=desc HTTP/1.1" - -
207.46.13.49 - - [11/Oct/2016:16:34:07 +0152] "GET /loja.html?color=48&p=2&limit=10&cat=8 HTTP/1.1" - -
207.46.13.33 - - [11/Oct/2016:16:34:12 +0152] "GET /loja.html?color=24&price=2480-&order=position&dir=asc&cat=7 HTTP/1.1" - -
207.46.13.49 - - [11/Oct/2016:16:34:56 +0152] "GET /loja.html?color=36&tamanho=13&limit=10&mode=grid&cat=10 HTTP/1.1" - -
157.55.39.110 - - [11/Oct/2016:16:34:59 +0152] "GET /loja.html?limit=10&mode=list&color=26&price=2000-&order=position&dir=desc&cat=8 HTTP/1.1" - -
207.46.13.49 - - [11/Oct/2016:16:35:17 +0152] "GET /loja/vestidos-11.html?color=48&tamanho=20&order=position&dir=desc&cat=9 HTTP/1.1" - -
207.46.13.33 - - [11/Oct/2016:16:35:25 +0152] "GET /loja.html?color=33&price=2400-2500&tamanho=13&limit=10&cat=7 HTTP/1.1" - -
207.46.13.33 - - [11/Oct/2016:16:35:25 +0152] "GET /loja.html?color=27&p=2&price=2000-3000&limit=10&cat=9 HTTP/1.1" - -
207.46.13.33 - - [11/Oct/2016:16:35:25 +0152] "GET /loja.html?color=42&price=2060-&tamanho=17&mode=list HTTP/1.1" - -
157.55.39.110 - - [11/Oct/2016:16:36:01 +0152] "GET /loja.html?limit=15&color=36&tamanho=13&order=position&dir=desc&cat=9 HTTP/1.1" - -
207.46.13.14 - - [11/Oct/2016:16:36:04 +0152] "GET /loja.html?color=27&price=2800-&mode=list&dir=asc&order=position HTTP/1.1" - -
207.46.13.14 - - [11/Oct/2016:16:36:11 +0152] "GET /loja.html?color=4&tamanho=13&mode=grid HTTP/1.1" - -
207.46.13.14 - - [11/Oct/2016:16:36:23 +0152] "GET /loja/vestidos-11.html?color=27&tamanho=21&mode=list HTTP/1.1" - -
157.55.39.110 - - [11/Oct/2016:16:36:32 +0152] "GET /loja.html?color=47&p=2&cat=10 HTTP/1.1" - -
157.55.39.110 - - [11/Oct/2016:16:36:34 +0152] "GET /loja.html?color=24&tamanho=18&mode=grid&cat=8 HTTP/1.1" - -
157.55.39.110 - - [11/Oct/2016:16:36:34 +0152] "GET /loja/vestidos-11/madrinhas.html?color=24&p=3&mode=list&dir=asc&order=position HTTP/1.1" - -
207.46.13.49 - - [11/Oct/2016:16:36:40 +0152] "GET /loja.html?color=48&p=3&price=3000-&tamanho=22 HTTP/1.1" - -
207.46.13.33 - - [11/Oct/2016:16:36:44 +0152] "GET /loja.html?price=2000-3000&tamanho=20&mode=grid&dir=asc&order=price HTTP/1.1" - -
157.55.39.110 - - [11/Oct/2016:16:37:47 +0152] "GET /loja/vestidos-11/madrinhas.html?color=39&p=3&limit=10&mode=grid HTTP/1.1" - -
207.46.13.14 - - [11/Oct/2016:16:38:13 +0152] "GET /loja.html?color=36&p=3&tamanho=13&limit=30&mode=list HTTP/1.1" - -
207.46.13.49 - - [11/Oct/2016:16:38:22 +0152] "GET /loja.html?color=44&p=3&order=price&dir=desc HTTP/1.1" - -
157.55.39.110 - - [11/Oct/2016:16:38:41 +0152] "GET /loja.html?p=3&limit=10&mode=list&tamanho=13&order=position&dir=desc&cat=9 HTTP/1.1" - -
157.55.39.110 - - [11/Oct/2016:16:38:42 +0152] "GET /loja/vestidos-11.html?color=27&tamanho=22&mode=list HTTP/1.1" - -
207.46.13.14 - - [11/Oct/2016:16:38:44 +0152] "GET /loja/vestidos-11/madrinhas.html?color=26&p=2&tamanho=20&order=position&dir=desc HTTP/1.1" - -
207.46.13.14 - - [11/Oct/2016:16:38:44 +0152] "GET /loja/vestidos-11.html?color=44&price=2060-&order=position&dir=desc&cat=9 HTTP/1.1" - -
207.46.13.49 - - [11/Oct/2016:16:38:49 +0152] "GET /loja.html?price=3000-&order=price&dir=desc HTTP/1.1" - -
207.46.13.33 - - [11/Oct/2016:16:38:54 +0152] "GET /loja.html?color=44&price=2710-&tamanho=20&order=position&dir=desc HTTP/1.1" - -
157.55.39.110 - - [11/Oct/2016:16:39:10 +0152] "GET /loja.html?mode=list&color=4&price=3000-&tamanho=22&order=position&dir=desc&cat=7 HTTP/1.1" - -
207.46.13.33 - - [11/Oct/2016:16:39:57 +0152] "GET /loja/vestidos-11.html?price=3000-&tamanho=20&order=position&dir=asc&cat=9 HTTP/1.1" - -
207.46.13.33 - - [11/Oct/2016:16:39:57 +0152] "GET /loja.html?limit=15&mode=grid&color=39&order=position&dir=desc&cat=8 HTTP/1.1" - -
207.46.13.49 - - [11/Oct/2016:16:40:05 +0152] "GET /loja/vestidos-11/maes.html?price=2060-&tamanho=17 HTTP/1.1" - -
207.46.13.49 - - [11/Oct/2016:16:40:05 +0152] "GET /loja/vestidos-11/madrinhas.html?color=47&price=2780-&tamanho=13&limit=15 HTTP/1.1" - -
207.46.13.49 - - [11/Oct/2016:16:40:05 +0152] "GET /loja.html?p=3&tamanho=20&mode=grid&dir=desc&order=price HTTP/1.1" - -
207.46.13.49 - - [11/Oct/2016:16:40:05 +0152] "GET /loja.html?p=3&color=37&price=3860-&order=position&dir=desc&cat=10 HTTP/1.1" - -
157.55.39.110 - - [11/Oct/2016:16:40:17 +0152] "GET /loja.html?p=3&limit=30&mode=list&color=44&price=2710-&tamanho=22&cat=7 HTTP/1.1" - -
157.55.39.110 - - [11/Oct/2016:16:40:18 +0152] "GET /loja.html?color=30&p=2&limit=10&mode=grid&cat=9 HTTP/1.1" - -
157.55.39.110 - - [11/Oct/2016:16:40:46 +0152] "GET /loja.html?color=46&tamanho=13&mode=list&cat=7 HTTP/1.1" - -
207.46.13.33 - - [11/Oct/2016:16:41:18 +0152] "GET /loja/vestidos-11.html?price=2000-3000&cat=9&order=position&dir=asc&mode=list HTTP/1.1" - -
207.46.13.33 - - [11/Oct/2016:16:41:18 +0152] "GET /loja.html?color=27&p=2&price=2800-&order=position&dir=desc HTTP/1.1" - -
207.46.13.33 - - [11/Oct/2016:16:41:19 +0152] "GET /loja.html?p=3&price=3000-&order=position&dir=desc&cat=9 HTTP/1.1" - -
207.46.13.14 - - [11/Oct/2016:16:41:34 +0152] "GET /loja/vestidos-11.html?color=46&tamanho=13&mode=grid&cat=8 HTTP/1.1" - -
157.55.39.110 - - [11/Oct/2016:16:41:39 +0152] "GET /loja.html?color=36&price=2950-2960&tamanho=13&cat=8 HTTP/1.1" - -
207.46.13.49 - - [11/Oct/2016:16:41:48 +0152] "GET /loja.html?color=42&price=2000-3000&mode=grid HTTP/1.1" - -
207.46.13.49 - - [11/Oct/2016:16:41:48 +0152] "GET /loja.html?price=3000-&mode=list&cat=7 HTTP/1.1" - -
207.46.13.49 - - [11/Oct/2016:16:41:49 +0152] "GET /loja.html?limit=15&color=4&price=2000-3000&order=position&dir=desc&cat=8 HTTP/1.1" - -
207.46.13.49 - - [11/Oct/2016:16:41:49 +0152] "GET /loja.html?color=4&p=2&mode=grid&dir=asc&order=price HTTP/1.1" - -
207.46.13.14 - - [11/Oct/2016:16:42:05 +0152] "GET /loja.html?color=46&price=2600-&limit=15&mode=list HTTP/1.1" - -
207.46.13.49 - - [11/Oct/2016:16:42:11 +0152] "GET /loja.html?color=24&p=3&tamanho=18&limit=30&mode=list HTTP/1.1" - -
207.46.13.49 - - [11/Oct/2016:16:42:11 +0152] "GET /loja.html?p=1&price=1000-2000&order=position&dir=asc&cat=7 HTTP/1.1" - -
207.46.13.14 - - [11/Oct/2016:16:42:15 +0152] "GET /loja/vestidos-11/formaturas.html?color=40&order=position&dir=desc HTTP/1.1" - -
207.46.13.14 - - [11/Oct/2016:16:42:35 +0152] "GET /loja.html?mode=list&color=24&tamanho=21&order=position&dir=asc&cat=9 HTTP/1.1" - -
207.46.13.33 - - [11/Oct/2016:16:42:38 +0152] "GET /loja.html?p=3&price=3000-&mode=grid&cat=9 HTTP/1.1" - -
207.46.13.49 - - [11/Oct/2016:16:42:47 +0152] "GET /loja/vestidos-11.html?color=33&tamanho=13&mode=grid&cat=8 HTTP/1.1" - -
207.46.13.33 - - [11/Oct/2016:16:43:07 +0152] "GET /loja.html?cat=9&tamanho=18&order=price&dir=asc&mode=grid HTTP/1.1" - -
207.46.13.33 - - [11/Oct/2016:16:43:08 +0152] "GET /loja.html?p=2&mode=list&price=2000-3000&tamanho=20&order=price&dir=desc&cat=7 HTTP/1.1" - -
207.46.13.14 - - [11/Oct/2016:16:43:35 +0152] "GET /loja.html?color=40&order=price&dir=desc&cat=7 HTTP/1.1" - -
207.46.13.14 - - [11/Oct/2016:16:44:04 +0152] "GET /loja.html?color=24&p=3&mode=grid&cat=9 HTTP/1.1" - -
207.46.13.49 - - [11/Oct/2016:16:44:08 +0152] "GET /loja/vestidos-11.html?p=3&price=2000-3000&cat=9 HTTP/1.1" - -
207.46.13.49 - - [11/Oct/2016:16:45:09 +0152] "GET /loja/vestidos-11/madrinhas.html?color=47&p=1&tamanho=13 HTTP/1.1" - -
207.46.13.49 - - [11/Oct/2016:16:45:09 +0152] "GET /loja.html?color=26&price=2000-2100&tamanho=13&limit=10 HTTP/1.1" - -
207.46.13.49 - - [11/Oct/2016:16:45:11 +0152] "GET /loja.html?mode=list&color=24&price=2290-&tamanho=18&order=price&dir=desc HTTP/1.1" - -
207.46.13.49 - - [11/Oct/2016:16:45:11 +0152] "GET /loja.html?p=2&color=42&price=2060-&tamanho=13&order=position&dir=asc&cat=7 HTTP/1.1" - -
157.55.39.110 - - [11/Oct/2016:16:45:20 +0152] "GET /loja.html?color=27&p=1&price=2800-&limit=10&cat=9 HTTP/1.1" - -
207.46.13.33 - - [11/Oct/2016:16:45:24 +0152] "GET /loja.html?p=2&color=28&tamanho=20&order=position&dir=desc&cat=10 HTTP/1.1" - -
207.46.13.49 - - [11/Oct/2016:16:46:04 +0152] "GET /loja.html?price=2600-&order=position&dir=desc&cat=10 HTTP/1.1" - -
207.46.13.33 - - [11/Oct/2016:16:46:08 +0152] "GET /loja.html?color=40&price=2060-&tamanho=21&order=position&dir=asc HTTP/1.1" - -
207.46.13.49 - - [11/Oct/2016:16:46:41 +0152] "GET /loja.html?color=4&p=3&price=3000-&tamanho=22 HTTP/1.1" - -
157.55.39.110 - - [11/Oct/2016:16:47:04 +0152] "GET /loja.html?color=4&price=3000-&mode=grid&cat=9 HTTP/1.1" - -
157.55.39.110 - - [11/Oct/2016:16:47:04 +0152] "GET /loja/vestidos-11/maes.html?color=40&tamanho=12&mode=grid&dir=desc&order=position HTTP/1.1" - -
207.46.13.49 - - [11/Oct/2016:16:47:11 +0152] "GET /loja/vestidos-11.html?color=26&tamanho=20&mode=list&cat=10 HTTP/1.1" - -
207.46.13.49 - - [11/Oct/2016:16:47:11 +0152] "GET /loja.html?color=37&order=price&dir=asc&cat=9 HTTP/1.1" - -
207.46.13.33 - - [11/Oct/2016:16:47:21 +0152] "GET /loja/vestidos-11/madrinhas.html?color=36&price=2100-2200 HTTP/1.1" - -
207.46.13.33 - - [11/Oct/2016:16:47:22 +0152] "GET /loja.html?color=34&p=2&order=position&dir=desc&cat=9 HTTP/1.1" - -
207.46.13.33 - - [11/Oct/2016:16:47:22 +0152] "GET /loja.html?color=42&mode=list&cat=7 HTTP/1.1" - -
207.46.13.49 - - [11/Oct/2016:16:47:40 +0152] "GET /loja.html?limit=10&mode=list&tamanho=17&order=position&dir=desc&cat=8 HTTP/1.1" - -
207.46.13.49 - - [11/Oct/2016:16:47:40 +0152] "GET /loja.html?color=4&price=2980-&tamanho=20&limit=10&cat=9 HTTP/1.1" - -
157.55.39.110 - - [11/Oct/2016:16:48:02 +0152] "GET /loja.html?color=42&p=2&price=2060-&tamanho=17&cat=8 HTTP/1.1" - -
157.55.39.110 - - [11/Oct/2016:16:48:25 +0152] "GET /loja.html?color=42&price=2060-&order=price&dir=asc HTTP/1.1" - -
207.46.13.49 - - [11/Oct/2016:16:48:43 +0152] "GET /loja/vestidos-11.html?color=37&price=3860-&tamanho=13&mode=list&cat=9 HTTP/1.1" - -
157.55.39.110 - - [11/Oct/2016:16:48:56 +0152] "GET /loja/vestidos-11/formaturas.html?color=40&p=3&price=2000-3000 HTTP/1.1" - -
157.55.39.110 - - [11/Oct/2016:16:48:56 +0152] "GET /loja.html?color=42&p=3&mode=list&dir=desc&order=position HTTP/1.1" - -
207.46.13.33 - - [11/Oct/2016:16:49:12 +0152] "GET /loja.html?color=40&limit=30&mode=grid&cat=7 HTTP/1.1" - -
207.46.13.33 - - [11/Oct/2016:16:49:57 +0152] "GET /loja.html?color=27&tamanho=21&order=price&dir=asc&cat=10 HTTP/1.1" - -
207.46.13.33 - - [11/Oct/2016:16:49:58 +0152] "GET /loja.html?tamanho=20&order=position&dir=asc HTTP/1.1" - -
207.46.13.49 - - [11/Oct/2016:16:50:06 +0152] "GET /loja.html?color=39&mode=grid&dir=asc&order=position HTTP/1.1" - -
207.46.13.49 - - [11/Oct/2016:16:50:06 +0152] "GET /loja.html?p=2&limit=10&color=26&tamanho=21&order=position&dir=desc&cat=9 HTTP/1.1" - -
207.46.13.14 - - [11/Oct/2016:16:50:10 +0152] "GET /loja.html?limit=10&color=39&tamanho=13&order=position&dir=desc&cat=7 HTTP/1.1" - -
207.46.13.14 - - [11/Oct/2016:16:50:11 +0152] "GET /loja.html?limit=10&price=2800-&tamanho=21&order=position&dir=desc&cat=9 HTTP/1.1" - -
207.46.13.49 - - [11/Oct/2016:16:50:18 +0152] "GET /loja.html?color=30&limit=10&mode=grid&cat=7 HTTP/1.1" - -
207.46.13.14 - - [11/Oct/2016:16:50:36 +0152] "GET /loja.html?color=33&p=2&price=2400-2500&limit=10 HTTP/1.1" - -
207.46.13.49 - - [11/Oct/2016:16:50:48 +0152] "GET /loja.html?color=46&p=3&order=price&dir=asc&cat=8 HTTP/1.1" - -
157.55.39.110 - - [11/Oct/2016:16:50:52 +0152] "GET /loja.html?p=2&limit=10&mode=list&color=39&tamanho=20&cat=7 HTTP/1.1" - -
157.55.39.110 - - [11/Oct/2016:16:50:52 +0152] "GET /loja.html?color=37&p=3&price=3860-&order=position&dir=asc HTTP/1.1" - -
157.55.39.110 - - [11/Oct/2016:16:50:54 +0152] "GET /loja.html?limit=30&mode=list&color=36&price=2100-2200&tamanho=20&cat=7 HTTP/1.1" - -
207.46.13.14 - - [11/Oct/2016:16:51:07 +0152] "GET /loja/vestidos-11.html?color=33&p=3&price=2000-3000&tamanho=13&cat=10 HTTP/1.1" - -
104.193.88.244 - - [11/Oct/2016:16:51:07 +0152] "GET / HTTP/1.1" - -
66.249.79.99 - - [11/Oct/2016:16:51:19 +0152] "GET /macac-o.html?color=138&tamanho=127&mode=list&dir=asc&order=price HTTP/1.1" - -
157.55.39.110 - - [11/Oct/2016:16:51:51 +0152] "GET /loja.html?color=36&tamanho=13&order=price&dir=asc&cat=9 HTTP/1.1" - -
157.55.39.110 - - [11/Oct/2016:16:51:51 +0152] "GET /loja/vestidos-11.html?color=46&price=3750-&tamanho=13&mode=list&cat=9 HTTP/1.1" - -
207.46.13.14 - - [11/Oct/2016:16:52:11 +0152] "GET /loja.html?color=36&price=2900-&cat=8 HTTP/1.1" - -
207.46.13.33 - - [11/Oct/2016:16:52:29 +0152] "GET /loja.html?color=24&p=3&price=2400-&limit=10&cat=8 HTTP/1.1" - -
157.55.39.110 - - [11/Oct/2016:16:52:49 +0152] "GET /loja.html?color=4&price=3400-&order=price&dir=desc&cat=7 HTTP/1.1" - -
207.46.13.14 - - [11/Oct/2016:16:53:03 +0152] "GET /loja.html?color=34&price=1980-&limit=15&mode=grid HTTP/1.1" - -
207.46.13.14 - - [11/Oct/2016:16:53:03 +0152] "GET /loja/vestidos-11.html?color=38&p=3&tamanho=21&cat=10 HTTP/1.1" - -
207.46.13.49 - - [11/Oct/2016:16:53:07 +0152] "GET /loja.html?color=33&p=3&price=2000-3000&mode=grid&cat=7 HTTP/1.1" - -
207.46.13.49 - - [11/Oct/2016:16:53:07 +0152] "GET /loja/vestidos-11.html?color=42&p=3&tamanho=17&order=position&dir=desc HTTP/1.1" - -
207.46.13.49 - - [11/Oct/2016:16:53:09 +0152] "GET /loja/vestidos-11.html?color=26&p=2&tamanho=21&order=position&dir=asc HTTP/1.1" - -
157.55.39.110 - - [11/Oct/2016:16:53:12 +0152] "GET /loja/vestidos-11.html?color=26&cat=9&order=position&dir=desc&mode=list HTTP/1.1" - -
157.55.39.110 - - [11/Oct/2016:16:53:12 +0152] "GET /loja.html?color=38&price=1880-&tamanho=20&limit=15&mode=grid HTTP/1.1" - -
