207.46.13.33 - - [11/Oct/2016:16:53:24 +0152] "GET /loja/vestidos-11/formaturas.html?price=3000-&tamanho=20&limit=30&mode=list HTTP/1.1" - -
207.46.13.14 - - [11/Oct/2016:16:53:43 +0152] "GET /loja/vestidos-11/madrinhas.html?color=42&p=3&tamanho=17&mode=list HTTP/1.1" - -
207.46.13.14 - - [11/Oct/2016:16:53:43 +0152] "GET /loja.html?mode=list&color=40&tamanho=21&order=price&dir=desc&cat=7 HTTP/1.1" - -
157.55.39.110 - - [11/Oct/2016:16:53:59 +0152] "GET /loja.html?price=2150-&tamanho=13&limit=10&mode=list&cat=8 HTTP/1.1" - -
207.46.13.33 - - [11/Oct/2016:16:54:25 +0152] "GET /loja.html?tamanho=22&limit=30&cat=9 HTTP/1.1" - -
207.46.13.33 - - [11/Oct/2016:16:54:25 +0152] "GET /loja.html?price=2800-&tamanho=13&mode=grid HTTP/1.1" - -
207.46.13.33 - - [11/Oct/2016:16:54:25 +0152] "GET /loja.html?p=2&price=3000-&order=position&dir=desc HTTP/1.1" - -
207.46.13.49 - - [11/Oct/2016:16:54:40 +0152] "GET /loja/vestidos-11/formaturas.html?color=27&mode=list&dir=asc&order=position HTTP/1.1" - -
207.46.13.14 - - [11/Oct/2016:16:55:02 +0152] "GET /loja.html?color=38&price=1000-2000&tamanho=21&limit=30&mode=list HTTP/1.1" - -
207.46.13.14 - - [11/Oct/2016:16:55:02 +0152] "GET /loja.html?mode=grid&color=26&price=2050-&tamanho=21&order=position&dir=asc HTTP/1.1" - -
207.46.13.14 - - [11/Oct/2016:16:55:02 +0152] "GET /loja.html?color=28&price=1000-2000&tamanho=13&mode=list HTTP/1.1" - -
207.46.13.33 - - [11/Oct/2016:16:55:26 +0152] "GET /loja.html?p=2&mode=list&color=41&price=2750-&order=position&dir=desc HTTP/1.1" - -
207.46.13.33 - - [11/Oct/2016:16:55:26 +0152] "GET /loja/vestidos-11.html?color=48&p=1&order=position&dir=asc HTTP/1.1" - -
207.46.13.33 - - [11/Oct/2016:16:55:26 +0152] "GET /loja.html?color=44&price=2400-&mode=list&dir=asc&order=price HTTP/1.1" - -
207.46.13.33 - - [11/Oct/2016:16:55:28 +0152] "GET /loja/vestidos-11/maes.html?color=33&price=2000-3000&tamanho=13 HTTP/1.1" - -
207.46.13.33 - - [11/Oct/2016:16:55:28 +0152] "GET /loja.html?color=39&price=1000-2000&mode=grid&cat=10 HTTP/1.1" - -
207.46.13.14 - - [11/Oct/2016:16:55:55 +0152] "GET /loja.html?limit=30&color=28&price=2060-&tamanho=21&order=position&dir=asc HTTP/1.1" - -
207.46.13.49 - - [11/Oct/2016:16:56:00 +0152] "GET /loja/vestido-mnm-6748.html HTTP/1.1" - -
207.46.13.33 - - [11/Oct/2016:16:56:06 +0152] "GET /loja.html?color=48&price=3270-&tamanho=20&limit=10&cat=8 HTTP/1.1" - -
207.46.13.49 - - [11/Oct/2016:16:56:48 +0152] "GET /loja.html?color=38&tamanho=20&mode=list&cat=10 HTTP/1.1" - -
157.55.39.110 - - [11/Oct/2016:16:56:57 +0152] "GET /loja/vestidos-11/madrinhas.html?color=4&price=3000-&tamanho=22&limit=15&mode=list HTTP/1.1" - -
207.46.13.49 - - [11/Oct/2016:16:57:20 +0152] "GET /loja/vestidos-11.html?color=24&p=3&price=2200-2300&order=position&dir=asc HTTP/1.1" - -
207.46.13.33 - - [11/Oct/2016:16:57:26 +0152] "GET /loja.html?p=3&limit=30&mode=list&price=2900-&order=position&dir=desc HTTP/1.1" - -
207.46.13.14 - - [11/Oct/2016:16:57:54 +0152] "GET /loja/vestidos-11.html?color=46&price=3000-&order=position&dir=asc HTTP/1.1" - -
207.46.13.14 - - [11/Oct/2016:16:57:55 +0152] "GET /loja.html?price=2480-&tamanho=21&order=position&dir=desc HTTP/1.1" - -
207.46.13.33 - - [11/Oct/2016:16:58:01 +0152] "GET /loja.html?mode=list&color=48&price=3000-&tamanho=22&order=price&dir=asc&cat=9 HTTP/1.1" - -
207.46.13.33 - - [11/Oct/2016:16:58:01 +0152] "GET /loja.html?limit=15&mode=list&color=41&price=2750-&tamanho=13&cat=7 HTTP/1.1" - -
207.46.13.14 - - [11/Oct/2016:16:58:15 +0152] "GET /loja.html?p=2&limit=15&color=36&tamanho=21&order=position&dir=desc&cat=7 HTTP/1.1" - -
207.46.13.49 - - [11/Oct/2016:16:58:19 +0152] "GET /loja.html?p=3&tamanho=22&order=position&dir=desc&cat=8 HTTP/1.1" - -
207.46.13.33 - - [11/Oct/2016:16:58:24 +0152] "GET /loja.html?color=33&limit=10&mode=grid HTTP/1.1" - -
207.46.13.33 - - [11/Oct/2016:16:58:25 +0152] "GET /loja.html?color=34&limit=30&mode=list&cat=7 HTTP/1.1" - -
207.46.13.14 - - [11/Oct/2016:16:58:40 +0152] "GET /loja.html?color=41&price=2000-3000&tamanho=13&order=position&dir=asc&cat=10 HTTP/1.1" - -
207.46.13.14 - - [11/Oct/2016:16:58:41 +0152] "GET /loja/vestidos-11.html?tamanho=22&mode=grid HTTP/1.1" - -
207.46.13.33 - - [11/Oct/2016:16:58:47 +0152] "GET /loja/vestidos-11.html?tamanho=17&mode=grid&cat=8 HTTP/1.1" - -
207.46.13.33 - - [11/Oct/2016:16:59:00 +0152] "GET /loja.html?p=3&price=2000-3000&tamanho=22&order=position&dir=desc HTTP/1.1" - -
207.46.13.14 - - [11/Oct/2016:16:59:13 +0152] "GET /loja.html?color=28&tamanho=13&limit=10&order=position&dir=desc HTTP/1.1" - -
157.55.39.110 - - [11/Oct/2016:17:00:10 +0152] "GET /loja.html?p=2&color=38&price=2000-3000&order=position&dir=desc&cat=8 HTTP/1.1" - -
207.46.13.49 - - [11/Oct/2016:17:00:14 +0152] "GET /loja/vestidos-11.html?color=42&price=2060-&mode=grid HTTP/1.1" - -
207.46.13.33 - - [11/Oct/2016:17:00:20 +0152] "GET /loja.html?p=2&color=38&tamanho=13&order=position&dir=desc&cat=9 HTTP/1.1" - -
207.46.13.14 - - [11/Oct/2016:17:00:35 +0152] "GET /loja.html?p=2&price=1000-2000&limit=15&mode=list HTTP/1.1" - -
207.46.13.14 - - [11/Oct/2016:17:00:36 +0152] "GET /loja.html?color=44&price=2000-3000&mode=list&dir=desc&order=position HTTP/1.1" - -
207.46.13.14 - - [11/Oct/2016:17:00:36 +0152] "GET /loja.html?color=46&price=1000-2000&tamanho=21&order=price&dir=asc&cat=8 HTTP/1.1" - -
157.55.39.110 - - [11/Oct/2016:17:00:40 +0152] "GET /loja.html?limit=30&color=44&price=2400-&tamanho=13&order=position&dir=desc HTTP/1.1" - -
157.55.39.110 - - [11/Oct/2016:17:00:42 +0152] "GET /loja.html?color=27&limit=15&mode=grid&cat=7 HTTP/1.1" - -
207.46.13.14 - - [11/Oct/2016:17:00:45 +0152] "GET /loja.html?color=42&price=2060-&tamanho=17&limit=30&cat=7 HTTP/1.1" - -
207.46.13.49 - - [11/Oct/2016:17:00:51 +0152] "GET /loja.html?color=39&p=2&order=price&dir=desc HTTP/1.1" - -
207.46.13.49 - - [11/Oct/2016:17:00:51 +0152] "GET /loja.html?limit=10&color=40&price=2830-2840&order=position&dir=desc&cat=10 HTTP/1.1" - -
207.46.13.49 - - [11/Oct/2016:17:00:51 +0152] "GET /loja/vestidos-11.html?color=44&tamanho=13&mode=grid&dir=desc&order=position HTTP/1.1" - -
157.55.39.110 - - [11/Oct/2016:17:01:09 +0152] "GET /loja.html?color=26&p=2&order=position&dir=desc HTTP/1.1" - -
207.46.13.14 - - [11/Oct/2016:17:01:41 +0152] "GET /loja.html?limit=10&price=2000-3000&tamanho=12&order=position&dir=asc&cat=7 HTTP/1.1" - -
207.46.13.33 - - [11/Oct/2016:17:01:52 +0152] "GET /loja.html?price=2200-2300&limit=30&order=position&dir=desc&cat=7 HTTP/1.1" - -
207.46.13.33 - - [11/Oct/2016:17:02:27 +0152] "GET /loja.html?color=44&tamanho=13&order=price&dir=desc HTTP/1.1" - -
207.46.13.33 - - [11/Oct/2016:17:02:28 +0152] "GET /loja.html?p=3&mode=list&color=27&price=2100-&tamanho=22&order=position&dir=desc HTTP/1.1" - -
207.46.13.33 - - [11/Oct/2016:17:02:28 +0152] "GET /loja/vestidos-11.html?color=4&tamanho=20&mode=list&cat=8 HTTP/1.1" - -
157.55.39.110 - - [11/Oct/2016:17:02:31 +0152] "GET /loja/vestidos-11/madrinhas.html?color=33&tamanho=20&limit=15 HTTP/1.1" - -
157.55.39.110 - - [11/Oct/2016:17:02:31 +0152] "GET /loja.html?color=44&price=2710-&limit=30&mode=list&cat=7 HTTP/1.1" - -
207.46.13.14 - - [11/Oct/2016:17:02:37 +0152] "GET /loja.html?price=2900-&limit=30&cat=9 HTTP/1.1" - -
207.46.13.33 - - [11/Oct/2016:17:03:46 +0152] "GET /loja.html?p=3&color=39&tamanho=13&order=position&dir=asc&cat=7 HTTP/1.1" - -
207.46.13.14 - - [11/Oct/2016:17:04:11 +0152] "GET /loja.html?color=30&price=2600-&tamanho=21&order=position&dir=desc HTTP/1.1" - -
207.46.13.33 - - [11/Oct/2016:17:04:34 +0152] "GET /loja.html?mode=grid&color=26&price=2700-&tamanho=20&order=price&dir=asc HTTP/1.1" - -
207.46.13.14 - - [11/Oct/2016:17:04:41 +0152] "GET /loja/vestidos-11/maes.html?color=40&p=3&tamanho=13&limit=30&mode=list HTTP/1.1" - -
157.55.39.110 - - [11/Oct/2016:17:04:50 +0152] "GET /loja.html?color=27&p=2&tamanho=17&mode=list&cat=8 HTTP/1.1" - -
157.55.39.110 - - [11/Oct/2016:17:04:51 +0152] "GET /loja.html?color=42&price=2000-3000&tamanho=17&limit=30 HTTP/1.1" - -
157.55.39.110 - - [11/Oct/2016:17:04:51 +0152] "GET /loja.html?mode=list&color=42&tamanho=21&order=position&dir=asc&cat=8 HTTP/1.1" - -
207.46.13.33 - - [11/Oct/2016:17:05:12 +0152] "GET /loja.html?p=2&mode=list&color=40&order=position&dir=asc&cat=7 HTTP/1.1" - -
207.46.13.33 - - [11/Oct/2016:17:05:12 +0152] "GET /loja.html?color=26&price=2000-3000&tamanho=13&cat=9 HTTP/1.1" - -
207.46.13.33 - - [11/Oct/2016:17:05:12 +0152] "GET /loja.html?tamanho=12&limit=10&order=position&dir=asc HTTP/1.1" - -
207.46.13.33 - - [11/Oct/2016:17:05:12 +0152] "GET /loja.html?color=34&price=2000-3000&tamanho=21&order=position&dir=desc&cat=9 HTTP/1.1" - -
207.46.13.14 - - [11/Oct/2016:17:05:22 +0152] "GET /loja/vestidos-11.html?color=27&price=2000-3000&cat=9 HTTP/1.1" - -
207.46.13.33 - - [11/Oct/2016:17:05:59 +0152] "GET /loja.html?p=2&mode=list&color=24&price=2290-&tamanho=18&cat=7 HTTP/1.1" - -
207.46.13.33 - - [11/Oct/2016:17:06:34 +0152] "GET /loja/vestidos-11/maes.html?color=27&price=2100-2200&mode=list HTTP/1.1" - -
207.46.13.33 - - [11/Oct/2016:17:07:04 +0152] "GET /loja.html?color=26&price=2700-&tamanho=20&cat=10 HTTP/1.1" - -
157.55.39.110 - - [11/Oct/2016:17:07:09 +0152] "GET /loja/vestidos-11.html?color=48&price=3270-&tamanho=20&mode=list&cat=9 HTTP/1.1" - -
157.55.39.110 - - [11/Oct/2016:17:07:10 +0152] "GET /loja/vestidos-11/madrinhas.html?color=48&mode=list&dir=desc&order=position HTTP/1.1" - -
207.46.13.33 - - [11/Oct/2016:17:07:50 +0152] "GET /loja.html?color=40&tamanho=12&mode=list&cat=10 HTTP/1.1" - -
207.46.13.33 - - [11/Oct/2016:17:08:04 +0152] "GET /loja.html?price=2000-&tamanho=18&limit=15&mode=list HTTP/1.1" - -
207.46.13.33 - - [11/Oct/2016:17:08:05 +0152] "GET /loja.html?p=2&limit=10&color=28&tamanho=13&order=position&dir=asc HTTP/1.1" - -
157.55.39.110 - - [11/Oct/2016:17:08:24 +0152] "GET /loja.html?p=2&limit=15&mode=list&color=36&price=2100-2200&tamanho=20&cat=7 HTTP/1.1" - -
157.55.39.110 - - [11/Oct/2016:17:08:56 +0152] "GET /loja.html?color=26&price=2000-2100&mode=list&dir=desc&order=position HTTP/1.1" - -
157.55.39.110 - - [11/Oct/2016:17:08:58 +0152] "GET /loja.html?color=42&tamanho=21&limit=15 HTTP/1.1" - -
207.46.13.14 - - [11/Oct/2016:17:09:08 +0152] "GET /loja.html?color=24&tamanho=18&mode=list&cat=8 HTTP/1.1" - -
207.46.13.14 - - [11/Oct/2016:17:09:08 +0152] "GET /loja.html?limit=30&color=28&price=2060-&tamanho=17&order=position&dir=desc&cat=8 HTTP/1.1" - -
207.46.13.136 - - [11/Oct/2016:17:09:13 +0152] "GET /loja.html?color=39&tamanho=13&order=price&dir=asc&cat=10 HTTP/1.1" - -
207.46.13.136 - - [11/Oct/2016:17:09:13 +0152] "GET /loja/vestidos-11.html?color=24&mode=grid HTTP/1.1" - -
207.46.13.136 - - [11/Oct/2016:17:09:13 +0152] "GET /loja.html?color=27&price=2800-&mode=grid HTTP/1.1" - -
207.46.13.136 - - [11/Oct/2016:17:09:13 +0152] "GET /loja.html?color=27&tamanho=22&mode=grid&dir=desc&order=position HTTP/1.1" - -
207.46.13.136 - - [11/Oct/2016:17:09:13 +0152] "GET /loja/vestidos-11/maes.html?price=2000-&tamanho=20&order=position&dir=desc HTTP/1.1" - -
207.46.13.136 - - [11/Oct/2016:17:09:14 +0152] "GET /loja/vestidos-11/madrinhas.html?color=28&p=3&price=2000-3000 HTTP/1.1" - -
207.46.13.136 - - [11/Oct/2016:17:09:14 +0152] "GET /loja.html?color=27&cat=9&order=position&dir=asc&mode=list HTTP/1.1" - -
207.46.13.136 - - [11/Oct/2016:17:09:14 +0152] "GET /loja.html?limit=10&mode=list&tamanho=22&order=position&dir=asc&cat=9 HTTP/1.1" - -
207.46.13.136 - - [11/Oct/2016:17:09:14 +0152] "GET /loja.html?mode=list&color=36&price=2000-&tamanho=21&order=position&dir=asc&cat=7 HTTP/1.1" - -
207.46.13.136 - - [11/Oct/2016:17:09:14 +0152] "GET /loja.html?color=26&price=2700-&tamanho=20&limit=10&mode=list HTTP/1.1" - -
207.46.13.136 - - [11/Oct/2016:17:09:14 +0152] "GET /loja.html?color=47&mode=grid&cat=8 HTTP/1.1" - -
207.46.13.136 - - [11/Oct/2016:17:09:15 +0152] "GET /loja/vestidos-11.html?tamanho=22&mode=list&cat=8 HTTP/1.1" - -
207.46.13.136 - - [11/Oct/2016:17:09:15 +0152] "GET /loja.html?color=44&price=2710-&mode=grid&cat=9 HTTP/1.1" - -
207.46.13.136 - - [11/Oct/2016:17:09:15 +0152] "GET /loja/vestidos-11/formaturas.html?color=26&p=3&limit=30&mode=list HTTP/1.1" - -
207.46.13.33 - - [11/Oct/2016:17:09:26 +0152] "GET /loja.html?color=34&price=2000-&tamanho=21&mode=list HTTP/1.1" - -
207.46.13.33 - - [11/Oct/2016:17:09:26 +0152] "GET /loja.html?tamanho=21 HTTP/1.1" - -
157.55.39.110 - - [11/Oct/2016:17:09:32 +0152] "GET /loja/vestidos-11/madrinhas.html?color=46&tamanho=13&mode=list HTTP/1.1" - -
207.46.13.14 - - [11/Oct/2016:17:09:37 +0152] "GET /loja.html?color=39&p=2&price=1000-2000&limit=15&mode=list HTTP/1.1" - -
157.55.39.110 - - [11/Oct/2016:17:09:50 +0152] "GET /loja.html?mode=list&color=26&tamanho=20&order=position&dir=desc&cat=10 HTTP/1.1" - -
157.55.39.110 - - [11/Oct/2016:17:10:16 +0152] "GET /loja.html?color=30&p=2&tamanho=21&limit=15&cat=7 HTTP/1.1" - -
207.46.13.136 - - [11/Oct/2016:17:10:31 +0152] "GET /loja/vestidos-11/formaturas.html?color=33&limit=15 HTTP/1.1" - -
207.46.13.136 - - [11/Oct/2016:17:10:31 +0152] "GET /loja.html?color=28&price=1980-&tamanho=13&limit=10&cat=8 HTTP/1.1" - -
207.46.13.136 - - [11/Oct/2016:17:10:31 +0152] "GET /loja/vestidos-11/maes.html?color=33&price=2000-3000&tamanho=20&limit=30&mode=list HTTP/1.1" - -
207.46.13.136 - - [11/Oct/2016:17:10:32 +0152] "GET /loja.html?p=2&color=48&tamanho=20&order=position&dir=desc&cat=8 HTTP/1.1" - -
207.46.13.136 - - [11/Oct/2016:17:10:32 +0152] "GET /loja.html?color=24&limit=15&order=position&dir=desc&cat=9 HTTP/1.1" - -
207.46.13.33 - - [11/Oct/2016:17:11:05 +0152] "GET /loja/vestidos-11.html?color=42&tamanho=21&order=position&dir=desc&cat=8 HTTP/1.1" - -
207.46.13.33 - - [11/Oct/2016:17:11:31 +0152] "GET /loja/vestidos-11/madrinhas.html?color=30&p=1&price=2600-&mode=list HTTP/1.1" - -
207.46.13.33 - - [11/Oct/2016:17:11:31 +0152] "GET /loja/vestidos-11/maes.html?color=37&price=3860-&limit=30&order=position&dir=desc HTTP/1.1" - -
207.46.13.14 - - [11/Oct/2016:17:11:37 +0152] "GET /loja.html?p=3&price=1000-2000&order=price&dir=asc&cat=9 HTTP/1.1" - -
207.46.13.33 - - [11/Oct/2016:17:12:15 +0152] "GET /loja.html?color=27&price=2100-2200&tamanho=21&order=position&dir=desc&cat=10 HTTP/1.1" - -
157.55.39.110 - - [11/Oct/2016:17:12:20 +0152] "GET /loja/vestidos-11.html?color=4&price=2830-&tamanho=13 HTTP/1.1" - -
157.55.39.110 - - [11/Oct/2016:17:12:21 +0152] "GET /loja/vestidos-11/madrinhas.html?color=42&price=2060-&tamanho=17&limit=10&mode=list HTTP/1.1" - -
207.46.13.14 - - [11/Oct/2016:17:12:32 +0152] "GET /loja.html?color=24&p=2&tamanho=18&mode=list HTTP/1.1" - -
157.55.39.110 - - [11/Oct/2016:17:12:37 +0152] "GET /loja.html?color=4&tamanho=13&order=price&dir=asc&cat=10 HTTP/1.1" - -
157.55.39.110 - - [11/Oct/2016:17:12:38 +0152] "GET /loja/vestidos-11.html?color=30&p=3&price=2000-3000&order=position&dir=asc HTTP/1.1" - -
190.64.69.242 - - [11/Oct/2016:17:13:20 +0152] "GET / HTTP/1.1" - -
207.46.13.33 - - [11/Oct/2016:17:13:53 +0152] "GET /loja.html?color=30&price=2000-3000&limit=30&cat=10 HTTP/1.1" - -
207.46.13.14 - - [11/Oct/2016:17:13:57 +0152] "GET /loja.html?mode=list&color=34&price=2150-&tamanho=21&order=price&dir=desc HTTP/1.1" - -
207.46.13.14 - - [11/Oct/2016:17:13:58 +0152] "GET /loja.html?color=38&tamanho=13&limit=10&mode=list HTTP/1.1" - -
207.46.13.136 - - [11/Oct/2016:17:14:05 +0152] "GET /loja.html?color=34&tamanho=21&order=position&dir=desc&cat=9 HTTP/1.1" - -
207.46.13.136 - - [11/Oct/2016:17:14:06 +0152] "GET /loja.html?p=3&price=3000-&tamanho=22&order=position&dir=desc&cat=7 HTTP/1.1" - -
207.46.13.136 - - [11/Oct/2016:17:14:06 +0152] "GET /loja.html?color=42&tamanho=17&order=price&dir=asc&cat=10 HTTP/1.1" - -
207.46.13.136 - - [11/Oct/2016:17:14:06 +0152] "GET /loja/vestidos-11/maes.html?color=48&price=1980-&order=position&dir=desc HTTP/1.1" - -
207.46.13.136 - - [11/Oct/2016:17:14:06 +0152] "GET /loja.html?color=30&price=2000-&tamanho=22 HTTP/1.1" - -
207.46.13.136 - - [11/Oct/2016:17:14:06 +0152] "GET /loja.html?color=38&p=3&tamanho=13&order=position&dir=asc HTTP/1.1" - -
207.46.13.136 - - [11/Oct/2016:17:14:06 +0152] "GET /loja.html?limit=15&color=36&price=2000-3000&tamanho=13&order=position&dir=desc HTTP/1.1" - -
207.46.13.136 - - [11/Oct/2016:17:14:07 +0152] "GET /loja.html?p=3&mode=list&price=1000-2000&tamanho=22&order=price&dir=asc HTTP/1.1" - -
207.46.13.136 - - [11/Oct/2016:17:14:07 +0152] "GET /loja.html?color=48&price=3270-&tamanho=20&order=position&dir=desc&cat=8 HTTP/1.1" - -
207.46.13.136 - - [11/Oct/2016:17:14:07 +0152] "GET /loja/vestidos-11.html?color=28&mode=grid&dir=desc&order=position HTTP/1.1" - -
207.46.13.136 - - [11/Oct/2016:17:14:07 +0152] "GET /loja.html?color=30&price=2100-2200&tamanho=21&order=position&dir=desc HTTP/1.1" - -
207.46.13.14 - - [11/Oct/2016:17:14:16 +0152] "GET /loja.html?p=3&color=34&tamanho=13&order=price&dir=desc&cat=7 HTTP/1.1" - -
157.55.39.110 - - [11/Oct/2016:17:14:50 +0152] "GET /loja.html?color=37&price=2600-&limit=15&cat=9 HTTP/1.1" - -
207.46.13.33 - - [11/Oct/2016:17:15:03 +0152] "GET /loja.html?mode=list&color=24&price=2400-&order=price&dir=desc&cat=7 HTTP/1.1" - -
207.46.13.33 - - [11/Oct/2016:17:15:04 +0152] "GET /loja.html?color=30&price=2600-&tamanho=21&order=price&dir=asc HTTP/1.1" - -
207.46.13.14 - - [11/Oct/2016:17:15:07 +0152] "GET /loja.html?p=3&mode=grid&color=48&order=position&dir=desc&cat=7 HTTP/1.1" - -
157.55.39.110 - - [11/Oct/2016:17:15:44 +0152] "GET /loja.html?color=46&tamanho=21&mode=grid&cat=8 HTTP/1.1" - -
157.55.39.110 - - [11/Oct/2016:17:15:45 +0152] "GET /loja.html?color=48&price=2060-&order=price&dir=desc HTTP/1.1" - -
157.55.39.110 - - [11/Oct/2016:17:16:08 +0152] "GET /loja.html?limit=30&mode=list&color=28&order=position&dir=asc&cat=7 HTTP/1.1" - -
157.55.39.110 - - [11/Oct/2016:17:16:28 +0152] "GET /loja.html?color=36&cat=10&order=position&dir=desc&mode=list HTTP/1.1" - -
207.46.13.14 - - [11/Oct/2016:17:16:35 +0152] "GET /loja.html?mode=grid&color=34&tamanho=13&order=price&dir=desc&cat=7 HTTP/1.1" - -
157.55.39.110 - - [11/Oct/2016:17:16:47 +0152] "GET /loja.html?p=3&tamanho=12&order=price&dir=desc HTTP/1.1" - -
207.46.13.14 - - [11/Oct/2016:17:16:54 +0152] "GET /loja.html?color=38&price=2000-3000&order=price&dir=desc&cat=10 HTTP/1.1" - -
207.46.13.14 - - [11/Oct/2016:17:16:54 +0152] "GET /loja.html?p=3&color=48&price=3270-&tamanho=20&order=price&dir=asc HTTP/1.1" - -
207.46.13.14 - - [11/Oct/2016:17:16:54 +0152] "GET /loja/vestidos-11/formaturas.html?color=44&tamanho=22&order=position&dir=asc HTTP/1.1" - -
207.46.13.14 - - [11/Oct/2016:17:16:55 +0152] "GET /loja.html?color=26&price=2000-3000&tamanho=22&order=price&dir=asc&cat=7 HTTP/1.1" - -
207.46.13.33 - - [11/Oct/2016:17:17:44 +0152] "GET /loja.html?p=2&mode=list&color=33&tamanho=20&order=position&dir=asc HTTP/1.1" - -
207.46.13.33 - - [11/Oct/2016:17:17:45 +0152] "GET /loja.html?limit=15&color=44&price=2000-3000&tamanho=13&order=position&dir=desc HTTP/1.1" - -
157.55.39.208 - - [11/Oct/2016:17:17:55 +0152] "GET / HTTP/1.1" - -
157.55.39.110 - - [11/Oct/2016:17:17:56 +0152] "GET /loja/vestidos-11.html?color=46&cat=10&order=position&dir=desc&mode=grid HTTP/1.1" - -
157.55.39.110 - - [11/Oct/2016:17:17:56 +0152] "GET /loja/vestidos-11.html?cat=9&tamanho=20&order=position&dir=desc&mode=grid HTTP/1.1" - -
207.46.13.33 - - [11/Oct/2016:17:18:04 +0152] "GET /loja.html?mode=list&color=44&tamanho=22&order=price&dir=desc&cat=7 HTTP/1.1" - -
207.46.13.33 - - [11/Oct/2016:17:18:05 +0152] "GET /loja.html?p=2&color=40&price=2830-2840&order=position&dir=desc&cat=10 HTTP/1.1" - -
207.46.13.33 - - [11/Oct/2016:17:18:05 +0152] "GET /loja.html?color=39&price=1000-2000&limit=10&order=position&dir=desc HTTP/1.1" - -
207.46.13.14 - - [11/Oct/2016:17:18:09 +0152] "GET /loja.html?color=4&price=2000-3000&limit=30&cat=7 HTTP/1.1" - -
157.55.39.110 - - [11/Oct/2016:17:18:17 +0152] "GET /loja/vestidos-11.html?color=42&p=2&mode=list&dir=asc&order=position HTTP/1.1" - -
157.55.39.110 - - [11/Oct/2016:17:18:17 +0152] "GET /loja/vestidos-11/madrinhas.html?tamanho=17&limit=10&mode=grid HTTP/1.1" - -
207.46.13.14 - - [11/Oct/2016:17:18:44 +0152] "GET /loja.html?color=39&limit=30&mode=list HTTP/1.1" - -
157.55.39.110 - - [11/Oct/2016:17:18:49 +0152] "GET /loja.html?color=26&p=1&tamanho=13&order=position&dir=desc HTTP/1.1" - -
157.55.39.110 - - [11/Oct/2016:17:18:50 +0152] "GET /loja.html?color=37&price=3000-&limit=30 HTTP/1.1" - -
207.46.13.33 - - [11/Oct/2016:17:19:45 +0152] "GET /loja.html?p=2&color=39&price=1000-2000&order=position&dir=desc&cat=7 HTTP/1.1" - -
207.46.13.33 - - [11/Oct/2016:17:19:45 +0152] "GET /loja.html?color=4&p=2&mode=list&cat=8 HTTP/1.1" - -
207.46.13.33 - - [11/Oct/2016:17:19:45 +0152] "GET /loja.html?color=24&p=2&limit=10&mode=grid&cat=9 HTTP/1.1" - -
207.46.13.14 - - [11/Oct/2016:17:19:49 +0152] "GET /loja.html?mode=list&color=46&price=3000-&tamanho=13&order=position&dir=asc HTTP/1.1" - -
207.46.13.33 - - [11/Oct/2016:17:20:05 +0152] "GET /loja.html?p=2&limit=10&mode=list&color=28&price=2000-&cat=9 HTTP/1.1" - -
207.46.13.14 - - [11/Oct/2016:17:20:10 +0152] "GET /loja/vestidos-11.html?color=41&p=3 HTTP/1.1" - -
157.55.39.110 - - [11/Oct/2016:17:20:22 +0152] "GET /loja/vestidos-11/maes.html?color=30&p=2&mode=list HTTP/1.1" - -
157.55.39.110 - - [11/Oct/2016:17:20:22 +0152] "GET /loja.html?color=28&price=2000-&tamanho=21&order=position&dir=asc HTTP/1.1" - -
207.46.13.14 - - [11/Oct/2016:17:20:47 +0152] "GET /loja.html?color=40&p=2&price=2860-&limit=15&mode=list HTTP/1.1" - -
157.55.39.110 - - [11/Oct/2016:17:20:52 +0152] "GET /loja.html?limit=10&color=47&tamanho=13&order=position&dir=asc&cat=8 HTTP/1.1" - -
207.46.13.33 - - [11/Oct/2016:17:20:57 +0152] "GET /loja.html?p=1&tamanho=12&limit=10&mode=list&cat=9 HTTP/1.1" - -
207.46.13.33 - - [11/Oct/2016:17:20:57 +0152] "GET /loja/vestidos-11.html?color=48&tamanho=22 HTTP/1.1" - -
207.46.13.33 - - [11/Oct/2016:17:20:58 +0152] "GET /loja.html?price=2900-&mode=list&dir=desc&order=position HTTP/1.1" - -
207.46.13.14 - - [11/Oct/2016:17:21:07 +0152] "GET /loja/vestidos-11/formaturas.html?color=47&p=3&mode=list HTTP/1.1" - -
207.46.13.136 - - [11/Oct/2016:17:21:11 +0152] "GET /loja.html?p=3&limit=10&mode=list&color=28&tamanho=21&cat=8 HTTP/1.1" - -
207.46.13.136 - - [11/Oct/2016:17:21:11 +0152] "GET /loja.html?color=26&p=2&price=1980-&limit=15&mode=list HTTP/1.1" - -
207.46.13.136 - - [11/Oct/2016:17:21:11 +0152] "GET /loja.html?mode=list&color=27&price=2000-3000&tamanho=17&order=price&dir=desc&cat=7 HTTP/1.1" - -
207.46.13.136 - - [11/Oct/2016:17:21:12 +0152] "GET /loja/vestidos-11/maes.html?color=38&tamanho=13 HTTP/1.1" - -
207.46.13.136 - - [11/Oct/2016:17:21:12 +0152] "GET /loja.html?p=3&limit=10&color=44&order=position&dir=desc&cat=9 HTTP/1.1" - -
207.46.13.136 - - [11/Oct/2016:17:21:12 +0152] "GET /loja.html?p=2&limit=15&color=36&price=2900-&order=position&dir=desc&cat=10 HTTP/1.1" - -
207.46.13.136 - - [11/Oct/2016:17:21:12 +0152] "GET /loja/vestidos-11/maes.html?color=46&price=1000-2000&mode=list HTTP/1.1" - -
207.46.13.136 - - [11/Oct/2016:17:21:12 +0152] "GET /loja.html?p=1&price=2000-3000&tamanho=22 HTTP/1.1" - -
207.46.13.136 - - [11/Oct/2016:17:21:12 +0152] "GET /loja.html?color=36&price=2900-&mode=list HTTP/1.1" - -
207.46.13.136 - - [11/Oct/2016:17:21:13 +0152] "GET /loja/vestidos-11/maes.html?color=39&limit=30&order=position&dir=asc HTTP/1.1" - -
207.46.13.136 - - [11/Oct/2016:17:21:13 +0152] "GET /loja.html?p=2&price=1000-2000&limit=10&cat=9 HTTP/1.1" - -
207.46.13.33 - - [11/Oct/2016:17:21:51 +0152] "GET /loja.html?color=26&tamanho=21&limit=15&mode=list&cat=7 HTTP/1.1" - -
157.55.39.110 - - [11/Oct/2016:17:22:38 +0152] "GET /loja.html?price=1000-2000&tamanho=22&order=position&dir=asc&cat=8 HTTP/1.1" - -
207.46.13.14 - - [11/Oct/2016:17:22:47 +0152] "GET /loja.html?color=47&price=2060-&limit=10&mode=list HTTP/1.1" - -
207.46.13.33 - - [11/Oct/2016:17:22:51 +0152] "GET /loja/vestidos-11.html?color=39&tamanho=13&order=position&dir=desc&cat=10 HTTP/1.1" - -
207.46.13.14 - - [11/Oct/2016:17:23:16 +0152] "GET /loja.html?color=46&limit=15&mode=grid HTTP/1.1" - -
157.55.39.110 - - [11/Oct/2016:17:23:32 +0152] "GET /loja.html?color=46&price=3750-&tamanho=13&order=price&dir=asc&cat=7 HTTP/1.1" - -
207.46.13.136 - - [11/Oct/2016:17:23:42 +0152] "GET /loja.html?limit=30&color=40&price=2000-3000&order=position&dir=desc&cat=7 HTTP/1.1" - -
207.46.13.136 - - [11/Oct/2016:17:23:42 +0152] "GET /loja.html?price=2830-&tamanho=22&limit=10&mode=list&cat=9 HTTP/1.1" - -
207.46.13.136 - - [11/Oct/2016:17:23:43 +0152] "GET /loja.html?color=40&p=2&cat=7 HTTP/1.1" - -
207.46.13.136 - - [11/Oct/2016:17:23:43 +0152] "GET /loja.html?color=24&tamanho=18&limit=15 HTTP/1.1" - -
207.46.13.136 - - [11/Oct/2016:17:23:43 +0152] "GET /loja.html?mode=grid&color=38&tamanho=21&order=price&dir=asc&cat=7 HTTP/1.1" - -
157.55.39.110 - - [11/Oct/2016:17:23:54 +0152] "GET /loja.html?color=42&price=2000-&limit=30&mode=grid HTTP/1.1" - -
157.55.39.110 - - [11/Oct/2016:17:23:55 +0152] "GET /loja.html?color=44&price=2710-&cat=9 HTTP/1.1" - -
157.55.39.110 - - [11/Oct/2016:17:23:56 +0152] "GET /loja/vestidos-11.html?p=1&mode=list&tamanho=17&order=position&dir=desc&cat=8 HTTP/1.1" - -
207.46.13.14 - - [11/Oct/2016:17:23:58 +0152] "GET /loja/vestidos-11.html?color=26&tamanho=21&mode=grid&cat=10 HTTP/1.1" - -
207.46.13.14 - - [11/Oct/2016:17:23:59 +0152] "GET /loja.html?color=39&p=2&tamanho=13&mode=list&cat=8 HTTP/1.1" - -
207.46.13.14 - - [11/Oct/2016:17:23:59 +0152] "GET /loja.html?price=1000-2000&limit=15&mode=grid&dir=desc&order=position HTTP/1.1" - -
157.55.39.110 - - [11/Oct/2016:17:24:10 +0152] "GET /loja.html?limit=30&mode=list&tamanho=17&order=position&dir=desc&cat=7 HTTP/1.1" - -
207.46.13.14 - - [11/Oct/2016:17:24:21 +0152] "GET /loja/vestidos-11.html?color=33&order=position&dir=desc&cat=10 HTTP/1.1" - -
207.46.13.14 - - [11/Oct/2016:17:24:21 +0152] "GET /loja/vestidos-11.html?color=40&cat=8&order=position&dir=asc&mode=list HTTP/1.1" - -
207.46.13.14 - - [11/Oct/2016:17:24:22 +0152] "GET /loja.html?color=38&p=3&tamanho=21&limit=10&cat=9 HTTP/1.1" - -
207.46.13.14 - - [11/Oct/2016:17:24:22 +0152] "GET /loja.html?mode=list&color=36&price=2900-&tamanho=20&order=price&dir=desc HTTP/1.1" - -
207.46.13.33 - - [11/Oct/2016:17:24:42 +0152] "GET /loja.html?p=2&mode=grid&color=28&tamanho=20&order=price&dir=asc HTTP/1.1" - -
207.46.13.33 - - [11/Oct/2016:17:24:42 +0152] "GET /loja.html?p=3&limit=10&mode=list&color=26&price=2000-2100&tamanho=20&cat=9 HTTP/1.1" - -
207.46.13.33 - - [11/Oct/2016:17:24:42 +0152] "GET /loja.html?mode=list&price=1000-2000&tamanho=22&order=position&dir=desc&cat=7 HTTP/1.1" - -
207.46.13.33 - - [11/Oct/2016:17:25:47 +0152] "GET /loja.html?p=2&mode=list&color=42&tamanho=13&order=position&dir=asc HTTP/1.1" - -
207.46.13.33 - - [11/Oct/2016:17:25:47 +0152] "GET /loja/vestidos-11.html?color=36&order=position&dir=desc&cat=10 HTTP/1.1" - -
207.46.13.33 - - [11/Oct/2016:17:25:47 +0152] "GET /loja.html?price=2900-&tamanho=13&order=price&dir=desc&cat=7 HTTP/1.1" - -
207.46.13.33 - - [11/Oct/2016:17:25:47 +0152] "GET /loja.html?price=2830-&tamanho=12&limit=10&cat=9 HTTP/1.1" - -
157.55.39.110 - - [11/Oct/2016:17:25:59 +0152] "GET /loja.html?tamanho=18&limit=10&order=position&dir=desc&cat=7 HTTP/1.1" - -
157.55.39.110 - - [11/Oct/2016:17:25:59 +0152] "GET /loja.html?color=33&p=2&limit=10&cat=8 HTTP/1.1" - -
207.46.13.14 - - [11/Oct/2016:17:26:28 +0152] "GET /loja/vestidos-11.html?p=2&mode=list&tamanho=13&order=position&dir=desc&cat=9 HTTP/1.1" - -
207.46.13.14 - - [11/Oct/2016:17:26:37 +0152] "GET /loja.html?p=2&limit=10&mode=list&color=47&order=position&dir=desc&cat=8 HTTP/1.1" - -
207.46.13.14 - - [11/Oct/2016:17:26:48 +0152] "GET /loja/vestidos-11/madrinhas.html?color=24&price=2400- HTTP/1.1" - -
207.46.13.14 - - [11/Oct/2016:17:26:48 +0152] "GET /loja.html?mode=grid&color=40&tamanho=13&order=price&dir=desc&cat=7 HTTP/1.1" - -
207.46.13.33 - - [11/Oct/2016:17:26:52 +0152] "GET /loja.html?color=46&tamanho=13&limit=30&mode=grid HTTP/1.1" - -
207.46.13.33 - - [11/Oct/2016:17:27:23 +0152] "GET /loja.html?p=2&limit=10&color=30&price=2600-&tamanho=21&cat=9 HTTP/1.1" - -
207.46.13.14 - - [11/Oct/2016:17:28:10 +0152] "GET /loja/vestidos-11.html?tamanho=13&mode=grid&dir=asc&order=position HTTP/1.1" - -
207.46.13.33 - - [11/Oct/2016:17:28:31 +0152] "GET /loja/vestidos-11.html?color=44&price=2000-3000&order=position&dir=asc&cat=10 HTTP/1.1" - -
207.46.13.136 - - [11/Oct/2016:17:28:40 +0152] "GET /loja.html?color=44&tamanho=22&order=price&dir=desc HTTP/1.1" - -
207.46.13.136 - - [11/Oct/2016:17:28:40 +0152] "GET /loja/vestidos-11.html?color=27&p=3&price=2100-2200&order=position&dir=asc HTTP/1.1" - -
207.46.13.136 - - [11/Oct/2016:17:28:40 +0152] "GET /loja.html?color=39&p=2&tamanho=20&mode=list&cat=7 HTTP/1.1" - -
207.46.13.136 - - [11/Oct/2016:17:28:40 +0152] "GET /loja/vestidos-11/maes.html?color=37&p=3&tamanho=13 HTTP/1.1" - -
207.46.13.136 - - [11/Oct/2016:17:28:40 +0152] "GET /loja/vestidos-11.html?color=28&price=1000-2000&tamanho=20 HTTP/1.1" - -
207.46.13.136 - - [11/Oct/2016:17:28:40 +0152] "GET /loja/vestidos-11.html?color=27&price=2000-3000&tamanho=13&mode=list&cat=9 HTTP/1.1" - -
207.46.13.136 - - [11/Oct/2016:17:28:41 +0152] "GET /loja.html?p=1&limit=10&color=27&price=2000-3000&tamanho=22&cat=8 HTTP/1.1" - -
207.46.13.136 - - [11/Oct/2016:17:28:41 +0152] "GET /loja.html?color=47&price=2000-3000&tamanho=13&order=position&dir=desc HTTP/1.1" - -
207.46.13.136 - - [11/Oct/2016:17:28:41 +0152] "GET /loja.html?color=26&tamanho=22&limit=10&mode=list&cat=7 HTTP/1.1" - -
207.46.13.136 - - [11/Oct/2016:17:28:41 +0152] "GET /loja.html?color=27&p=3&tamanho=22&limit=30&mode=list HTTP/1.1" - -
207.46.13.136 - - [11/Oct/2016:17:28:41 +0152] "GET /loja/vestidos-11.html?color=24&price=2200-2300&order=position&dir=desc HTTP/1.1" - -
207.46.13.136 - - [11/Oct/2016:17:28:41 +0152] "GET /loja.html?p=3&limit=10&color=41&tamanho=13&order=position&dir=desc HTTP/1.1" - -
207.46.13.136 - - [11/Oct/2016:17:28:42 +0152] "GET /loja.html?price=1000-2000&limit=10&order=position&dir=desc&cat=10 HTTP/1.1" - -
207.46.13.136 - - [11/Oct/2016:17:28:42 +0152] "GET /loja.html?color=30&limit=30&mode=list&dir=asc&order=position HTTP/1.1" - -
157.55.39.110 - - [11/Oct/2016:17:28:52 +0152] "GET /loja.html?mode=list&color=4&price=3000-&order=price&dir=asc&cat=9 HTTP/1.1" - -
207.46.13.33 - - [11/Oct/2016:17:28:57 +0152] "GET /loja.html?p=2&tamanho=13&order=position&dir=asc&cat=7 HTTP/1.1" - -
207.46.13.14 - - [11/Oct/2016:17:29:08 +0152] "GET /loja/vestidos-11/madrinhas.html?price=2000-&tamanho=13&order=position&dir=asc HTTP/1.1" - -
207.46.13.14 - - [11/Oct/2016:17:29:28 +0152] "GET /loja/vestidos-11/maes.html?color=30&p=2&tamanho=21&limit=30&mode=list HTTP/1.1" - -
157.55.39.24 - - [11/Oct/2016:17:29:56 +0152] "GET /robots.txt HTTP/1.1" - -
66.249.79.107 - - [11/Oct/2016:17:30:06 +0152] "GET /bermudas.html?color=24&tamanho=130&limit=10&mode=list HTTP/1.1" - -
157.55.39.24 - - [11/Oct/2016:17:30:06 +0152] "GET / HTTP/1.1" - -
157.55.39.110 - - [11/Oct/2016:17:30:07 +0152] "GET /loja/vestidos-11.html?color=33&price=2060-&tamanho=20&cat=9 HTTP/1.1" - -
207.46.13.33 - - [11/Oct/2016:17:30:18 +0152] "GET /loja.html?p=1&color=47&price=2780-&tamanho=13&order=position&dir=desc HTTP/1.1" - -
207.46.13.14 - - [11/Oct/2016:17:30:23 +0152] "GET /loja.html?color=44&price=2000-3000&tamanho=22&order=price&dir=desc&cat=8 HTTP/1.1" - -
157.55.39.110 - - [11/Oct/2016:17:30:28 +0152] "GET /loja/vestidos-11.html?tamanho=18&order=position&dir=desc&cat=9 HTTP/1.1" - -
207.46.13.13 - - [11/Oct/2016:17:30:30 +0152] "GET /robots.txt HTTP/1.1" - -
157.55.39.110 - - [11/Oct/2016:17:30:50 +0152] "GET /loja.html?color=46&tamanho=21&limit=15 HTTP/1.1" - -
157.55.39.110 - - [11/Oct/2016:17:30:50 +0152] "GET /loja/vestidos-11.html?color=28&tamanho=21&cat=10 HTTP/1.1" - -
207.46.13.14 - - [11/Oct/2016:17:31:55 +0152] "GET /loja.html?p=2&price=2600-&tamanho=21&limit=15 HTTP/1.1" - -
207.46.13.33 - - [11/Oct/2016:17:31:58 +0152] "GET /loja.html?price=2710-&tamanho=20&order=position&dir=desc&cat=7 HTTP/1.1" - -
157.55.39.110 - - [11/Oct/2016:17:32:06 +0152] "GET /loja.html?color=28&p=2&tamanho=13&limit=10&cat=8 HTTP/1.1" - -
157.55.39.110 - - [11/Oct/2016:17:32:07 +0152] "GET /loja.html?color=26&p=2&price=2000-&mode=grid HTTP/1.1" - -
157.55.39.110 - - [11/Oct/2016:17:32:07 +0152] "GET /loja.html?mode=grid&color=39&tamanho=13&order=position&dir=desc&cat=7 HTTP/1.1" - -
157.55.39.110 - - [11/Oct/2016:17:32:07 +0152] "GET /loja.html?limit=10&mode=list&color=48&tamanho=20&order=position&dir=desc HTTP/1.1" - -
207.46.13.33 - - [11/Oct/2016:17:32:14 +0152] "GET /loja/vestidos-11.html?color=48&p=2&tamanho=20&mode=list&cat=9 HTTP/1.1" - -
180.76.15.15 - - [11/Oct/2016:17:32:24 +0152] "GET / HTTP/1.1" - -
207.46.13.14 - - [11/Oct/2016:17:32:58 +0152] "GET /loja.html?color=40&price=2860-&tamanho=21&mode=grid&cat=7 HTTP/1.1" - -
207.46.13.14 - - [11/Oct/2016:17:32:58 +0152] "GET /loja/vestidos-11.html?color=40&price=2060-&order=position&dir=desc&cat=9 HTTP/1.1" - -
207.46.13.14 - - [11/Oct/2016:17:32:58 +0152] "GET /loja.html?color=37&p=3&mode=grid&cat=9 HTTP/1.1" - -
157.55.39.110 - - [11/Oct/2016:17:33:02 +0152] "GET /loja.html?color=39&p=3&limit=10&cat=7 HTTP/1.1" - -
157.55.39.110 - - [11/Oct/2016:17:33:02 +0152] "GET /loja.html?color=27&price=2000-2100&tamanho=13&order=price&dir=asc&cat=7 HTTP/1.1" - -
180.76.15.31 - - [11/Oct/2016:17:33:05 +0152] "GET / HTTP/1.1" - -
207.46.13.14 - - [11/Oct/2016:17:33:09 +0152] "GET /loja/vestidos-11.html?p=2&color=26&tamanho=20&order=position&dir=desc&cat=10 HTTP/1.1" - -
207.46.13.33 - - [11/Oct/2016:17:33:28 +0152] "GET /loja.html?color=28&p=1&mode=list&cat=7 HTTP/1.1" - -
157.55.39.110 - - [11/Oct/2016:17:33:47 +0152] "GET /loja.html?color=30&price=2000-3000&tamanho=21&cat=9 HTTP/1.1" - -
207.46.13.14 - - [11/Oct/2016:17:33:51 +0152] "GET /loja/vestidos-11.html?color=42&p=3&tamanho=13&mode=list&cat=10 HTTP/1.1" - -
157.55.39.110 - - [11/Oct/2016:17:34:07 +0152] "GET /loja/vestidos-11.html?color=38&p=2&order=position&dir=asc&cat=8 HTTP/1.1" - -
157.55.39.110 - - [11/Oct/2016:17:34:09 +0152] "GET /loja/vestidos-11.html?mode=list&color=39&tamanho=13&order=position&dir=desc&cat=8 HTTP/1.1" - -
207.46.13.33 - - [11/Oct/2016:17:34:38 +0152] "GET /loja.html?p=2&price=2000-3000&tamanho=20&order=position&dir=desc&cat=7 HTTP/1.1" - -
157.55.39.110 - - [11/Oct/2016:17:34:43 +0152] "GET /loja/vestidos-11.html?p=3&tamanho=20&mode=grid&cat=9 HTTP/1.1" - -
157.55.39.110 - - [11/Oct/2016:17:34:44 +0152] "GET /loja.html?price=2000-&tamanho=22&order=position&dir=desc HTTP/1.1" - -
207.46.13.33 - - [11/Oct/2016:17:35:04 +0152] "GET /loja.html?color=33&price=2800-&limit=10&cat=7 HTTP/1.1" - -
207.46.13.33 - - [11/Oct/2016:17:35:55 +0152] "GET /loja.html?color=4&price=3000-&tamanho=22&order=position&dir=desc&cat=9 HTTP/1.1" - -
207.46.13.33 - - [11/Oct/2016:17:35:56 +0152] "GET /loja/vestidos-11/madrinhas.html?color=36&p=3&limit=10&mode=grid HTTP/1.1" - -
207.46.13.14 - - [11/Oct/2016:17:36:00 +0152] "GET /loja.html?limit=10&mode=grid&color=42&tamanho=17&order=position&dir=desc HTTP/1.1" - -
207.46.13.14 - - [11/Oct/2016:17:36:00 +0152] "GET /loja.html?limit=10&mode=list&price=1000-2000&order=position&dir=asc&cat=9 HTTP/1.1" - -
207.46.13.14 - - [11/Oct/2016:17:36:41 +0152] "GET /loja/vestidos-11/madrinhas.html?color=37&p=2&limit=10&mode=grid HTTP/1.1" - -
207.46.13.14 - - [11/Oct/2016:17:36:41 +0152] "GET /loja.html?color=37&price=2800-&limit=10&mode=list&cat=9 HTTP/1.1" - -
207.46.13.33 - - [11/Oct/2016:17:36:45 +0152] "GET /loja.html?color=39&tamanho=13&mode=list&cat=9 HTTP/1.1" - -
207.46.13.33 - - [11/Oct/2016:17:36:45 +0152] "GET /loja.html?price=3860-&tamanho=13&order=position&dir=desc&cat=7 HTTP/1.1" - -
157.55.39.110 - - [11/Oct/2016:17:36:52 +0152] "GET /loja.html?limit=30&mode=grid&color=27&price=2800-&tamanho=13&cat=7 HTTP/1.1" - -
207.46.13.33 - - [11/Oct/2016:17:36:55 +0152] "GET /loja.html?color=36&price=2180-&tamanho=20&limit=15 HTTP/1.1" - -
207.46.13.33 - - [11/Oct/2016:17:36:56 +0152] "GET /loja.html?color=33&price=2000-3000&tamanho=13&limit=30&cat=7 HTTP/1.1" - -
207.46.13.14 - - [11/Oct/2016:17:37:41 +0152] "GET /loja/vestido-jovani-4863a.html HTTP/1.1" - -
207.46.13.14 - - [11/Oct/2016:17:37:42 +0152] "GET /loja.html?color=27&price=2800-&tamanho=21&order=position&dir=desc&cat=10 HTTP/1.1" - -
207.46.13.14 - - [11/Oct/2016:17:37:52 +0152] "GET /loja.html?p=3&limit=30&mode=list&color=30&tamanho=22&order=position&dir=desc HTTP/1.1" - -
207.46.13.33 - - [11/Oct/2016:17:38:21 +0152] "GET /loja.html?color=26&tamanho=20&limit=30&mode=list&cat=8 HTTP/1.1" - -
157.55.39.110 - - [11/Oct/2016:17:38:26 +0152] "GET /loja.html?p=2&color=27&price=2000-3000&order=position&dir=desc&cat=9 HTTP/1.1" - -
157.55.39.110 - - [11/Oct/2016:17:38:27 +0152] "GET /loja.html?color=28&p=3&price=1000-2000&limit=10 HTTP/1.1" - -
207.46.13.33 - - [11/Oct/2016:17:38:30 +0152] "GET /loja/vestidos-11.html?color=39&tamanho=20&mode=grid&cat=8 HTTP/1.1" - -
207.46.13.33 - - [11/Oct/2016:17:39:35 +0152] "GET /loja.html?color=36&price=2100-2200&tamanho=20&order=price&dir=asc HTTP/1.1" - -
207.46.13.33 - - [11/Oct/2016:17:39:51 +0152] "GET /loja.html?color=36&price=2900-&tamanho=20&order=price&dir=asc HTTP/1.1" - -
207.46.13.14 - - [11/Oct/2016:17:39:56 +0152] "GET /loja.html?p=1&limit=10&color=47&tamanho=13&order=position&dir=desc HTTP/1.1" - -
207.46.13.33 - - [11/Oct/2016:17:40:01 +0152] "GET /loja.html?color=39&tamanho=20&limit=15&cat=10 HTTP/1.1" - -
157.55.39.110 - - [11/Oct/2016:17:40:06 +0152] "GET /loja.html?color=4&price=2000-3000&limit=15&mode=grid HTTP/1.1" - -
157.55.39.110 - - [11/Oct/2016:17:40:06 +0152] "GET /loja.html?color=46&limit=10&mode=list&cat=7 HTTP/1.1" - -
157.55.39.110 - - [11/Oct/2016:17:40:19 +0152] "GET /loja/vestidos-11.html?color=41&p=2&mode=list&dir=asc&order=position HTTP/1.1" - -
157.55.39.110 - - [11/Oct/2016:17:40:19 +0152] "GET /loja/vestidos-11/maes.html?color=24&p=2&tamanho=21&limit=30&mode=list HTTP/1.1" - -
207.46.13.14 - - [11/Oct/2016:17:40:26 +0152] "GET /loja/vestidos-11.html?color=26&cat=9&order=position&dir=asc&mode=list HTTP/1.1" - -
207.46.13.33 - - [11/Oct/2016:17:40:30 +0152] "GET /loja.html?color=33&p=2&tamanho=20&limit=10&cat=10 HTTP/1.1" - -
207.46.13.14 - - [11/Oct/2016:17:40:46 +0152] "GET /loja/vestidos-11.html?mode=list&color=33&tamanho=20&order=position&dir=desc&cat=9 HTTP/1.1" - -
157.55.39.110 - - [11/Oct/2016:17:40:57 +0152] "GET /loja.html?limit=30&mode=list&color=28&price=2000-3000&tamanho=21&cat=7 HTTP/1.1" - -
157.55.39.110 - - [11/Oct/2016:17:40:57 +0152] "GET /loja.html?color=26&price=2700-&tamanho=20&limit=30&mode=list HTTP/1.1" - -
207.46.13.14 - - [11/Oct/2016:17:42:06 +0152] "GET /loja.html?p=3&mode=list&tamanho=17&order=price&dir=desc&cat=9 HTTP/1.1" - -
207.46.13.33 - - [11/Oct/2016:17:42:21 +0152] "GET /loja.html?price=2830-&tamanho=12&limit=30&mode=list&cat=9 HTTP/1.1" - -
207.46.13.33 - - [11/Oct/2016:17:42:41 +0152] "GET /loja.html?color=36&price=2100-2200&limit=15&mode=grid&cat=8 HTTP/1.1" - -
207.46.13.14 - - [11/Oct/2016:17:42:46 +0152] "GET /loja.html?color=34&p=2&tamanho=13 HTTP/1.1" - -
207.46.13.14 - - [11/Oct/2016:17:42:46 +0152] "GET /loja.html?color=42&p=3&tamanho=13&mode=list&cat=10 HTTP/1.1" - -
207.46.13.14 - - [11/Oct/2016:17:42:47 +0152] "GET /loja/vestidos-11.html?color=42&price=2000-3000&order=position&dir=desc HTTP/1.1" - -
207.46.13.33 - - [11/Oct/2016:17:43:21 +0152] "GET /loja.html?limit=15&price=3000-&tamanho=13&order=position&dir=desc&cat=7 HTTP/1.1" - -
207.46.13.33 - - [11/Oct/2016:17:43:51 +0152] "GET /loja.html?price=3400-&tamanho=22&limit=15&cat=7 HTTP/1.1" - -
157.55.39.110 - - [11/Oct/2016:17:43:55 +0152] "GET /loja/vestidos-11.html?color=26&p=2&tamanho=21&mode=list&cat=10 HTTP/1.1" - -
157.55.39.110 - - [11/Oct/2016:17:44:34 +0152] "GET /loja.html?color=36&price=2100-2200&tamanho=20&order=position&dir=asc&cat=7 HTTP/1.1" - -
207.46.13.33 - - [11/Oct/2016:17:44:47 +0152] "GET /loja.html?color=37&cat=10&order=position&dir=asc&mode=list HTTP/1.1" - -
207.46.13.33 - - [11/Oct/2016:17:44:47 +0152] "GET /loja.html?mode=list&color=36&tamanho=13&order=price&dir=desc&cat=8 HTTP/1.1" - -
157.55.39.110 - - [11/Oct/2016:17:44:57 +0152] "GET /loja.html?color=28&p=2&tamanho=21&limit=10&cat=7 HTTP/1.1" - -
207.46.13.33 - - [11/Oct/2016:17:45:00 +0152] "GET /loja.html?color=27&price=2060-&tamanho=17&limit=10&cat=8 HTTP/1.1" - -
207.46.13.14 - - [11/Oct/2016:17:45:05 +0152] "GET /loja.html?color=42&cat=10&order=position&dir=desc&mode=grid HTTP/1.1" - -
207.46.13.14 - - [11/Oct/2016:17:45:05 +0152] "GET /loja.html?color=46&price=3750-&limit=30&order=position&dir=desc HTTP/1.1" - -
207.46.13.14 - - [11/Oct/2016:17:45:53 +0152] "GET /loja.html?price=1000-2000&limit=15&cat=8 HTTP/1.1" - -
207.46.13.14 - - [11/Oct/2016:17:46:05 +0152] "GET /loja/vestidos-11.html?color=4&tamanho=20&order=position&dir=desc&cat=9 HTTP/1.1" - -
207.46.13.14 - - [11/Oct/2016:17:46:14 +0152] "GET /loja.html?p=2&color=41&price=2000-3000&order=position&dir=desc&cat=8 HTTP/1.1" - -
157.55.39.110 - - [11/Oct/2016:17:46:18 +0152] "GET /loja.html?color=46&p=3&price=3000-&cat=7 HTTP/1.1" - -
157.55.39.110 - - [11/Oct/2016:17:46:44 +0152] "GET /loja/vestidos-11.html?price=2950-2960&tamanho=13&cat=10 HTTP/1.1" - -
207.46.13.14 - - [11/Oct/2016:17:47:04 +0152] "GET /loja.html?p=2&color=4&price=3000-&tamanho=20&order=price&dir=asc HTTP/1.1" - -
207.46.13.14 - - [11/Oct/2016:17:47:04 +0152] "GET /loja.html?p=2&tamanho=17&limit=10&mode=list&cat=8 HTTP/1.1" - -
157.55.39.110 - - [11/Oct/2016:17:47:42 +0152] "GET /loja.html?mode=list&color=41&tamanho=13&order=price&dir=desc&cat=10 HTTP/1.1" - -
157.55.39.110 - - [11/Oct/2016:17:47:43 +0152] "GET /loja.html?color=28&price=2000-&tamanho=17&order=position&dir=desc&cat=10 HTTP/1.1" - -
207.46.13.14 - - [11/Oct/2016:17:47:45 +0152] "GET /loja.html?color=30&price=2000-3000&mode=list&dir=asc&order=price HTTP/1.1" - -
207.46.13.33 - - [11/Oct/2016:17:47:50 +0152] "GET /loja.html?p=1&limit=10&color=36&order=position&dir=desc&cat=10 HTTP/1.1" - -
207.46.13.33 - - [11/Oct/2016:17:48:08 +0152] "GET /loja.html?mode=list&color=42&price=2060-&tamanho=21&order=price&dir=asc&cat=9 HTTP/1.1" - -
207.46.13.33 - - [11/Oct/2016:17:48:36 +0152] "GET /loja.html?p=2&color=30&tamanho=21&order=position&dir=desc&cat=7 HTTP/1.1" - -
207.46.13.33 - - [11/Oct/2016:17:48:36 +0152] "GET /loja.html?color=24&price=2400-&mode=grid&dir=asc&order=price HTTP/1.1" - -
80.87.205.110 - - [11/Oct/2016:17:48:46 +0152] "GET /shell/reports.php HTTP/1.1" - -
80.87.205.110 - - [11/Oct/2016:17:48:47 +0152] "GET /skin/405.php HTTP/1.1" - -
80.87.205.110 - - [11/Oct/2016:17:48:47 +0152] "GET /media/catalog/product/cache.php HTTP/1.1" - -
80.87.205.110 - - [11/Oct/2016:17:48:47 +0152] "GET /skin/frontend/log_.php HTTP/1.1" - -
80.87.205.110 - - [11/Oct/2016:17:48:48 +0152] "GET /js/scriptaculous/function.php HTTP/1.1" - -
80.87.205.110 - - [11/Oct/2016:17:48:49 +0152] "GET /meler.php HTTP/1.1" - -
80.87.205.110 - - [11/Oct/2016:17:48:49 +0152] "GET /skin-logo.php HTTP/1.1" - -
80.87.205.110 - - [11/Oct/2016:17:48:50 +0152] "GET /skin-rss.php HTTP/1.1" - -
157.55.39.110 - - [11/Oct/2016:17:48:54 +0152] "GET /loja/vestidos-11/formaturas.html?price=2000-3000&tamanho=22&mode=list HTTP/1.1" - -
157.55.39.110 - - [11/Oct/2016:17:48:54 +0152] "GET /loja.html?color=46&price=3000-&tamanho=13&mode=list HTTP/1.1" - -
207.46.13.14 - - [11/Oct/2016:17:48:58 +0152] "GET /loja/vestidos-11.html?color=36&tamanho=13&order=position&dir=asc&cat=9 HTTP/1.1" - -
207.46.13.33 - - [11/Oct/2016:17:49:52 +0152] "GET /loja/vestidos-11.html?color=44&tamanho=22&order=position&dir=asc HTTP/1.1" - -
207.46.13.33 - - [11/Oct/2016:17:49:53 +0152] "GET /loja/vestidos-11/formaturas.html?color=30&p=3&order=position&dir=asc HTTP/1.1" - -
207.46.13.33 - - [11/Oct/2016:17:49:54 +0152] "GET /loja.html?color=27&price=2060-&tamanho=17&limit=15&cat=7 HTTP/1.1" - -
157.55.39.110 - - [11/Oct/2016:17:50:02 +0152] "GET /loja.html?color=4&price=3000-&limit=10&cat=8 HTTP/1.1" - -
157.55.39.110 - - [11/Oct/2016:17:50:02 +0152] "GET /loja/vestidos-11.html?color=26&p=1&order=position&dir=asc HTTP/1.1" - -
207.46.13.14 - - [11/Oct/2016:17:50:06 +0152] "GET /loja.html?price=1000-2000&tamanho=22&cat=9 HTTP/1.1" - -
207.46.13.33 - - [11/Oct/2016:17:50:28 +0152] "GET /loja/vestidos-11.html?price=2100-2200&mode=list&cat=9 HTTP/1.1" - -
157.55.39.110 - - [11/Oct/2016:17:50:50 +0152] "GET /loja.html?p=2&limit=10&color=44&order=position&dir=desc&cat=9 HTTP/1.1" - -
157.55.39.110 - - [11/Oct/2016:17:51:42 +0152] "GET /loja.html?color=44&tamanho=13&mode=list&dir=asc&order=position HTTP/1.1" - -
207.46.13.14 - - [11/Oct/2016:17:51:46 +0152] "GET /loja/vestidos-11/formaturas.html?tamanho=18&limit=15 HTTP/1.1" - -
207.46.13.33 - - [11/Oct/2016:17:52:08 +0152] "GET /loja.html?color=24&price=2000-3000&mode=list&cat=8 HTTP/1.1" - -
207.46.13.14 - - [11/Oct/2016:17:52:14 +0152] "GET /loja/vestidos-11/maes.html?color=28&price=2060-&order=position&dir=desc HTTP/1.1" - -
207.46.13.14 - - [11/Oct/2016:17:52:14 +0152] "GET /loja.html?p=3&cat=8&order=position&dir=desc&mode=list HTTP/1.1" - -
207.46.13.14 - - [11/Oct/2016:17:52:15 +0152] "GET /loja.html?p=2&mode=grid&color=38&order=position&dir=desc&cat=7 HTTP/1.1" - -
207.46.13.33 - - [11/Oct/2016:17:52:33 +0152] "GET /loja.html?p=2&limit=15&color=30&price=2600-&tamanho=21&order=position&dir=desc HTTP/1.1" - -
207.46.13.14 - - [11/Oct/2016:17:53:06 +0152] "GET /loja/vestidos-11.html?color=48&p=3&order=position&dir=asc&cat=9 HTTP/1.1" - -
157.55.39.110 - - [11/Oct/2016:17:53:16 +0152] "GET /loja.html?color=24&price=2000-&tamanho=21&limit=10&cat=9 HTTP/1.1" - -
207.46.13.14 - - [11/Oct/2016:17:53:49 +0152] "GET /loja/vestidos-11.html?color=4&p=3&price=2000-3000&tamanho=13&cat=10 HTTP/1.1" - -
207.46.13.33 - - [11/Oct/2016:17:54:15 +0152] "GET /loja/vestidos-11.html?color=44&p=2&tamanho=20&order=position&dir=desc HTTP/1.1" - -
207.46.13.14 - - [11/Oct/2016:17:54:19 +0152] "GET /loja/vestidos-11/madrinhas.html?color=37&order=position&dir=asc HTTP/1.1" - -
207.46.13.14 - - [11/Oct/2016:17:54:20 +0152] "GET /loja.html?color=38&price=1000-2000&tamanho=21&cat=10 HTTP/1.1" - -
157.55.39.110 - - [11/Oct/2016:17:54:33 +0152] "GET /loja.html?color=42&p=2&limit=15&mode=list HTTP/1.1" - -
157.55.39.110 - - [11/Oct/2016:17:54:33 +0152] "GET /loja.html?color=42&tamanho=13&mode=grid&dir=asc&order=position HTTP/1.1" - -
207.46.13.33 - - [11/Oct/2016:17:54:37 +0152] "GET /loja.html?color=28&price=2000-&order=price&dir=desc&cat=8 HTTP/1.1" - -
207.46.13.33 - - [11/Oct/2016:17:54:54 +0152] "GET /loja.html?p=3&limit=10&color=27&price=2000-3000&tamanho=21&cat=7 HTTP/1.1" - -
207.46.13.33 - - [11/Oct/2016:17:55:50 +0152] "GET /loja.html?color=36&p=1&price=2000-3000&limit=30&mode=list HTTP/1.1" - -
207.46.13.33 - - [11/Oct/2016:17:55:50 +0152] "GET /loja/vestidos-11.html?color=36&tamanho=20&order=position&dir=asc&cat=9 HTTP/1.1" - -
207.46.13.14 - - [11/Oct/2016:17:55:56 +0152] "GET /loja.html?color=30&p=1&price=2600-&limit=15 HTTP/1.1" - -
157.55.39.110 - - [11/Oct/2016:17:56:01 +0152] "GET /loja/vestidos-11.html?p=3&price=3000-&tamanho=20&cat=10 HTTP/1.1" - -
157.55.39.110 - - [11/Oct/2016:17:56:15 +0152] "GET /loja.html?p=2&mode=list&color=41&order=position&dir=desc&cat=9 HTTP/1.1" - -
207.46.13.14 - - [11/Oct/2016:17:56:26 +0152] "GET /loja.html?mode=list&color=28&price=2000-&tamanho=13&order=price&dir=desc&cat=7 HTTP/1.1" - -
207.46.13.33 - - [11/Oct/2016:17:56:30 +0152] "GET /loja.html?p=1&color=24&price=2000-3000&order=price&dir=desc&cat=7 HTTP/1.1" - -
207.46.13.14 - - [11/Oct/2016:17:56:37 +0152] "GET /loja.html?color=4&order=price&dir=asc&cat=8 HTTP/1.1" - -
207.46.13.33 - - [11/Oct/2016:17:56:53 +0152] "GET /loja/vestidos-11/maes.html?p=2&tamanho=22&limit=30&mode=list HTTP/1.1" - -
207.46.13.33 - - [11/Oct/2016:17:57:44 +0152] "GET /loja.html?color=4&tamanho=13&order=price&dir=desc&cat=7 HTTP/1.1" - -
207.46.13.14 - - [11/Oct/2016:17:57:49 +0152] "GET /loja.html?p=2&price=2000-3000&tamanho=20&cat=9 HTTP/1.1" - -
207.46.13.14 - - [11/Oct/2016:17:57:49 +0152] "GET /loja.html?color=37&price=3000-&cat=7 HTTP/1.1" - -
157.55.39.110 - - [11/Oct/2016:17:57:59 +0152] "GET /loja.html?color=4&tamanho=22&mode=list&cat=10 HTTP/1.1" - -
207.46.13.33 - - [11/Oct/2016:17:58:09 +0152] "GET /loja.html?color=27&p=2&mode=grid HTTP/1.1" - -
157.55.39.110 - - [11/Oct/2016:17:58:41 +0152] "GET /loja/vestidos-11/madrinhas.html?p=3&price=1000-2000&tamanho=13 HTTP/1.1" - -
207.46.13.14 - - [11/Oct/2016:17:58:54 +0152] "GET /loja/vestidos-11/maes.html?color=33&p=3&price=2000-3000 HTTP/1.1" - -
207.46.13.33 - - [11/Oct/2016:17:59:05 +0152] "GET /loja.html?limit=10&color=36&price=2100-2200&order=position&dir=asc&cat=7 HTTP/1.1" - -
207.46.13.33 - - [11/Oct/2016:17:59:49 +0152] "GET /loja.html?price=3000-&cat=9&order=price&dir=desc&mode=list HTTP/1.1" - -
157.55.39.110 - - [11/Oct/2016:17:59:54 +0152] "GET /loja/vestidos-11/madrinhas.html?color=33&price=2060-&mode=list HTTP/1.1" - -
157.55.39.110 - - [11/Oct/2016:17:59:54 +0152] "GET /loja/vestidos-11.html?color=44&price=2710-&tamanho=13&order=position&dir=desc HTTP/1.1" - -
157.55.39.110 - - [11/Oct/2016:17:59:54 +0152] "GET /loja.html?limit=10&price=1000-2000&tamanho=13&order=position&dir=desc&cat=9 HTTP/1.1" - -
157.55.39.110 - - [11/Oct/2016:17:59:55 +0152] "GET /loja.html?color=28&price=2000-3000&order=position&dir=desc&cat=7 HTTP/1.1" - -
207.46.13.33 - - [11/Oct/2016:18:00:10 +0152] "GET /loja.html?color=38&price=2000-3000&cat=10 HTTP/1.1" - -
157.55.39.110 - - [11/Oct/2016:18:00:14 +0152] "GET /loja.html?p=3&price=1000-2000&order=position&dir=asc HTTP/1.1" - -
207.46.13.14 - - [11/Oct/2016:18:00:23 +0152] "GET /loja.html?color=24&tamanho=21&mode=grid&cat=7 HTTP/1.1" - -
207.46.13.14 - - [11/Oct/2016:18:00:23 +0152] "GET /loja/vestidos-11/maes.html?color=26&tamanho=21&order=position&dir=desc HTTP/1.1" - -
