207.46.13.49 - - [11/Oct/2016:15:10:22 +0152] "GET /loja.html?limit=30&color=24&price=2060-&tamanho=18&order=position&dir=desc HTTP/1.1" - -
157.55.39.110 - - [11/Oct/2016:15:10:27 +0152] "GET /loja/vestidos-11.html?cat=9 HTTP/1.1" - -
207.46.13.14 - - [11/Oct/2016:15:10:31 +0152] "GET /loja.html?color=27&price=2000-2100&tamanho=13&mode=list&cat=9 HTTP/1.1" - -
207.46.13.14 - - [11/Oct/2016:15:10:31 +0152] "GET /loja/vestidos-11/formaturas.html?color=46&limit=15 HTTP/1.1" - -
157.55.39.237 - - [11/Oct/2016:15:10:36 +0152] "GET /loja.html?color=48&price=1880-&tamanho=20&limit=15 HTTP/1.1" - -
157.55.39.237 - - [11/Oct/2016:15:10:36 +0152] "GET /loja.html?color=27&price=2100-2200&tamanho=22&limit=30 HTTP/1.1" - -
157.55.39.237 - - [11/Oct/2016:15:10:59 +0152] "GET /loja.html?tamanho=17&mode=grid&cat=8 HTTP/1.1" - -
157.55.39.237 - - [11/Oct/2016:15:11:00 +0152] "GET /loja.html?limit=15&color=27&price=2000-2100&tamanho=21&order=position&dir=desc HTTP/1.1" - -
207.46.13.14 - - [11/Oct/2016:15:11:04 +0152] "GET /loja.html?mode=list&color=26&price=2000-3000&tamanho=22&order=price&dir=desc HTTP/1.1" - -
207.46.13.14 - - [11/Oct/2016:15:11:05 +0152] "GET /loja.html?limit=10&mode=list&color=41&tamanho=13&order=position&dir=desc&cat=9 HTTP/1.1" - -
157.55.39.110 - - [11/Oct/2016:15:11:08 +0152] "GET /loja/vestidos-11/madrinhas.html?color=36&p=3&tamanho=20&limit=10&mode=list HTTP/1.1" - -
211.123.206.74 - - [11/Oct/2016:15:11:36 +0152] "GET / HTTP/1.1" - -
207.46.13.14 - - [11/Oct/2016:15:11:44 +0152] "GET /loja.html?p=2&tamanho=17&mode=list&cat=8 HTTP/1.1" - -
157.55.39.237 - - [11/Oct/2016:15:11:44 +0152] "GET /loja.html?p=3&limit=30&mode=list&tamanho=18&order=position&dir=desc HTTP/1.1" - -
157.55.39.237 - - [11/Oct/2016:15:11:44 +0152] "GET /loja.html?price=2060-&tamanho=22&limit=30&mode=list HTTP/1.1" - -
207.46.13.49 - - [11/Oct/2016:15:11:50 +0152] "GET /loja/vestidos-11/madrinhas.html?p=3&price=2000-3000&mode=list HTTP/1.1" - -
157.55.39.110 - - [11/Oct/2016:15:11:58 +0152] "GET /loja.html?color=37&tamanho=13&order=position&dir=asc&cat=8 HTTP/1.1" - -
157.55.39.110 - - [11/Oct/2016:15:11:58 +0152] "GET /loja.html?color=4&p=2&price=2000-3000&mode=grid&cat=7 HTTP/1.1" - -
207.46.13.14 - - [11/Oct/2016:15:12:03 +0152] "GET /loja.html?price=2800-&tamanho=20&mode=list&dir=desc&order=position HTTP/1.1" - -
157.55.39.110 - - [11/Oct/2016:15:12:20 +0152] "GET /loja.html?mode=grid&color=28&tamanho=20&order=price&dir=desc&cat=7 HTTP/1.1" - -
157.55.39.237 - - [11/Oct/2016:15:12:23 +0152] "GET /loja/vestidos-11/formaturas.html?color=30&price=2600- HTTP/1.1" - -
207.46.13.49 - - [11/Oct/2016:15:12:28 +0152] "GET /loja.html?color=44&tamanho=22&limit=10&cat=9 HTTP/1.1" - -
207.46.13.14 - - [11/Oct/2016:15:12:33 +0152] "GET /loja/vestidos-11.html?p=3&price=1000-2000&tamanho=20&cat=8 HTTP/1.1" - -
207.46.13.14 - - [11/Oct/2016:15:12:34 +0152] "GET /loja.html?color=41&p=2&mode=grid&cat=9 HTTP/1.1" - -
207.46.13.49 - - [11/Oct/2016:15:13:13 +0152] "GET /loja.html?color=36&price=2000-3000&mode=list&dir=desc&order=price HTTP/1.1" - -
207.46.13.49 - - [11/Oct/2016:15:13:48 +0152] "GET /loja/vestidos-11/madrinhas.html?color=38&p=3&tamanho=20&mode=grid HTTP/1.1" - -
157.55.39.110 - - [11/Oct/2016:15:13:52 +0152] "GET /loja/vestidos-11.html?color=36&price=2000-3000&tamanho=21&order=position&dir=asc HTTP/1.1" - -
157.55.39.237 - - [11/Oct/2016:15:13:57 +0152] "GET /loja/vestidos-11.html?color=46&p=2&tamanho=21&mode=list&cat=9 HTTP/1.1" - -
157.55.39.237 - - [11/Oct/2016:15:13:58 +0152] "GET /loja.html?color=36&price=2900-&limit=15&mode=grid&cat=7 HTTP/1.1" - -
157.55.39.110 - - [11/Oct/2016:15:14:08 +0152] "GET /loja.html?color=40&p=2&limit=10&mode=list&cat=7 HTTP/1.1" - -
157.55.39.237 - - [11/Oct/2016:15:14:14 +0152] "GET /loja.html?color=44&limit=15&cat=10 HTTP/1.1" - -
157.55.39.237 - - [11/Oct/2016:15:14:14 +0152] "GET /loja.html?color=42&price=2000-3000&limit=30&mode=list&cat=8 HTTP/1.1" - -
207.46.13.14 - - [11/Oct/2016:15:14:18 +0152] "GET /loja/vestidos-11.html?color=27&tamanho=22&mode=grid&cat=10 HTTP/1.1" - -
207.46.13.49 - - [11/Oct/2016:15:14:32 +0152] "GET /loja.html?color=33&tamanho=20&limit=10&mode=grid&cat=7 HTTP/1.1" - -
207.46.13.49 - - [11/Oct/2016:15:14:32 +0152] "GET /loja.html?color=4&price=3270-&tamanho=20&mode=list&cat=7 HTTP/1.1" - -
157.55.39.110 - - [11/Oct/2016:15:14:46 +0152] "GET /loja/vestidos-11/maes.html?color=39&p=3&tamanho=13&limit=30&mode=list HTTP/1.1" - -
207.46.13.14 - - [11/Oct/2016:15:15:59 +0152] "GET /loja/vestidos-11/madrinhas.html?price=1980-&tamanho=22&order=position&dir=desc HTTP/1.1" - -
157.55.39.110 - - [11/Oct/2016:15:16:05 +0152] "GET /loja.html?p=2&limit=10&mode=list&price=1000-2000&tamanho=13&cat=8 HTTP/1.1" - -
157.55.39.110 - - [11/Oct/2016:15:16:05 +0152] "GET /loja.html?price=2800-&tamanho=20&limit=15 HTTP/1.1" - -
207.46.13.49 - - [11/Oct/2016:15:16:12 +0152] "GET /loja/vestidos-11/madrinhas.html?color=33&price=1980-&order=position&dir=desc HTTP/1.1" - -
157.55.39.237 - - [11/Oct/2016:15:16:25 +0152] "GET /loja/vestidos-11.html?color=34&tamanho=13&order=position&dir=asc&cat=10 HTTP/1.1" - -
157.55.39.237 - - [11/Oct/2016:15:16:26 +0152] "GET /loja.html?color=4&tamanho=13&limit=30&cat=7 HTTP/1.1" - -
157.55.39.110 - - [11/Oct/2016:15:16:36 +0152] "GET /loja.html?limit=10&color=40&price=2860-&tamanho=21&order=position&dir=desc&cat=8 HTTP/1.1" - -
207.46.13.49 - - [11/Oct/2016:15:16:40 +0152] "GET /loja.html?color=42&cat=7&order=position&dir=desc&mode=grid HTTP/1.1" - -
207.46.13.49 - - [11/Oct/2016:15:16:40 +0152] "GET /loja/vestidos-11/madrinhas.html?color=41&mode=grid&dir=asc&order=position HTTP/1.1" - -
207.46.13.49 - - [11/Oct/2016:15:16:40 +0152] "GET /loja.html?limit=10&mode=grid&color=38&tamanho=20&order=position&dir=desc&cat=8 HTTP/1.1" - -
207.46.13.14 - - [11/Oct/2016:15:16:45 +0152] "GET /loja.html?color=38&price=1000-2000&order=price&dir=asc&cat=9 HTTP/1.1" - -
207.46.13.14 - - [11/Oct/2016:15:16:45 +0152] "GET /loja.html?color=33&p=3&tamanho=13&order=price&dir=desc HTTP/1.1" - -
157.55.39.237 - - [11/Oct/2016:15:16:55 +0152] "GET /loja.html?p=2&color=28&tamanho=17&order=position&dir=desc&cat=7 HTTP/1.1" - -
207.46.13.14 - - [11/Oct/2016:15:17:03 +0152] "GET /loja.html?color=24&price=2200-2300&order=position&dir=asc&cat=7 HTTP/1.1" - -
207.46.13.14 - - [11/Oct/2016:15:17:44 +0152] "GET /loja/vestidos-11.html?color=42&price=2060-&order=position&dir=asc HTTP/1.1" - -
207.46.13.14 - - [11/Oct/2016:15:17:46 +0152] "GET /loja.html?tamanho=12&order=position&dir=asc&cat=9 HTTP/1.1" - -
157.55.39.110 - - [11/Oct/2016:15:18:07 +0152] "GET /loja/vestidos-11.html?color=44&price=2710-&tamanho=20&mode=list&cat=9 HTTP/1.1" - -
157.55.39.110 - - [11/Oct/2016:15:18:21 +0152] "GET /loja.html?color=36&p=1&limit=15&cat=9 HTTP/1.1" - -
207.46.13.14 - - [11/Oct/2016:15:18:25 +0152] "GET /loja.html?color=47&price=2780-&limit=10&cat=8 HTTP/1.1" - -
157.55.39.110 - - [11/Oct/2016:15:18:36 +0152] "GET /loja.html?p=1&limit=15&mode=list&color=36&price=2100-2200&tamanho=20 HTTP/1.1" - -
157.55.39.110 - - [11/Oct/2016:15:18:36 +0152] "GET /loja.html?mode=grid&color=44&price=2000-3000&tamanho=13&order=position&dir=desc HTTP/1.1" - -
207.46.13.49 - - [11/Oct/2016:15:18:42 +0152] "GET /loja.html?color=46&tamanho=21&mode=grid&cat=9 HTTP/1.1" - -
207.46.13.14 - - [11/Oct/2016:15:18:46 +0152] "GET /loja.html?color=38&p=1&mode=grid&cat=7 HTTP/1.1" - -
157.55.39.110 - - [11/Oct/2016:15:19:07 +0152] "GET /loja.html?mode=list&price=2000-3000&tamanho=20&order=position&dir=asc&cat=7 HTTP/1.1" - -
157.55.39.110 - - [11/Oct/2016:15:19:40 +0152] "GET /loja.html?color=24&limit=30&mode=list&dir=desc&order=position HTTP/1.1" - -
157.55.39.110 - - [11/Oct/2016:15:19:40 +0152] "GET /loja.html?color=46&tamanho=13&mode=list&dir=desc&order=price HTTP/1.1" - -
157.55.39.110 - - [11/Oct/2016:15:19:40 +0152] "GET /loja.html?color=26&price=2000-3000&tamanho=13&order=position&dir=desc&cat=9 HTTP/1.1" - -
207.46.13.14 - - [11/Oct/2016:15:19:45 +0152] "GET /loja/vestidos-11.html?color=30&p=3&price=2100-2200&mode=grid HTTP/1.1" - -
207.46.13.14 - - [11/Oct/2016:15:19:53 +0152] "GET /loja.html?color=26&price=2000-3000&mode=grid HTTP/1.1" - -
157.55.39.237 - - [11/Oct/2016:15:19:59 +0152] "GET /loja.html?color=44&p=3 HTTP/1.1" - -
207.46.13.49 - - [11/Oct/2016:15:20:10 +0152] "GET /loja.html?color=30&price=2000-3000&mode=list&dir=desc&order=price HTTP/1.1" - -
207.46.13.49 - - [11/Oct/2016:15:20:11 +0152] "GET /loja.html?color=46&price=2860-&limit=10&cat=9 HTTP/1.1" - -
207.46.13.49 - - [11/Oct/2016:15:20:12 +0152] "GET /loja/vestidos-11/formaturas.html?color=47&p=3&limit=30&mode=list HTTP/1.1" - -
157.55.39.237 - - [11/Oct/2016:15:20:20 +0152] "GET /loja/vestidos-11.html?color=33&price=2000-3000&tamanho=20&order=position&dir=asc HTTP/1.1" - -
157.55.39.110 - - [11/Oct/2016:15:20:27 +0152] "GET /loja.html?price=1000-2000&mode=grid&dir=desc&order=position HTTP/1.1" - -
157.55.39.237 - - [11/Oct/2016:15:20:30 +0152] "GET /loja.html?limit=10&mode=list&color=48&tamanho=20&order=position&dir=desc&cat=7 HTTP/1.1" - -
157.55.39.237 - - [11/Oct/2016:15:20:32 +0152] "GET /loja.html?color=37&price=3000-&tamanho=13&order=position&dir=desc&cat=10 HTTP/1.1" - -
157.55.39.110 - - [11/Oct/2016:15:20:43 +0152] "GET /loja.html?price=2150-&cat=10&order=position&dir=desc&mode=list HTTP/1.1" - -
157.55.39.110 - - [11/Oct/2016:15:20:44 +0152] "GET /loja.html?color=33&price=2980-&cat=8 HTTP/1.1" - -
157.55.39.237 - - [11/Oct/2016:15:20:49 +0152] "GET /loja/vestidos-11.html?color=28&tamanho=21&cat=8 HTTP/1.1" - -
157.55.39.237 - - [11/Oct/2016:15:20:50 +0152] "GET /loja/vestidos-11.html?color=47&tamanho=13&mode=list&cat=9 HTTP/1.1" - -
207.46.13.14 - - [11/Oct/2016:15:21:02 +0152] "GET /loja/vestidos-11/madrinhas.html?color=39&tamanho=13&mode=grid HTTP/1.1" - -
207.46.13.49 - - [11/Oct/2016:15:21:06 +0152] "GET /loja.html?color=30&p=2&price=2100-2200&limit=15 HTTP/1.1" - -
207.46.13.14 - - [11/Oct/2016:15:21:56 +0152] "GET /loja.html?p=2&color=44&tamanho=13&order=position&dir=desc&cat=7 HTTP/1.1" - -
207.46.13.14 - - [11/Oct/2016:15:21:56 +0152] "GET /loja/vestidos-11/madrinhas.html?color=33&p=3&tamanho=13&mode=grid HTTP/1.1" - -
207.46.13.49 - - [11/Oct/2016:15:22:04 +0152] "GET /loja.html?p=2&color=30&price=2600-&order=position&dir=desc&cat=10 HTTP/1.1" - -
207.46.13.14 - - [11/Oct/2016:15:22:26 +0152] "GET /loja.html?p=3&mode=list&color=27&order=price&dir=desc&cat=7 HTTP/1.1" - -
207.46.13.14 - - [11/Oct/2016:15:22:26 +0152] "GET /loja/vestidos-11.html?color=40&p=2&price=2830-2840&tamanho=12&cat=10 HTTP/1.1" - -
207.46.13.14 - - [11/Oct/2016:15:22:27 +0152] "GET /loja/vestidos-11.html?color=4&price=2000-3000&tamanho=13 HTTP/1.1" - -
207.46.13.49 - - [11/Oct/2016:15:22:39 +0152] "GET /loja.html?mode=list&color=28&tamanho=20&order=price&dir=desc&cat=9 HTTP/1.1" - -
207.46.13.49 - - [11/Oct/2016:15:22:39 +0152] "GET /loja.html?p=2&limit=10&color=33&tamanho=13&order=position&dir=desc HTTP/1.1" - -
207.46.13.49 - - [11/Oct/2016:15:22:39 +0152] "GET /loja.html?color=48&p=2&price=3270-&limit=15 HTTP/1.1" - -
207.46.13.49 - - [11/Oct/2016:15:22:39 +0152] "GET /loja.html?color=42&p=3&price=2000-3000&mode=list&cat=10 HTTP/1.1" - -
207.46.13.14 - - [11/Oct/2016:15:22:43 +0152] "GET /loja/vestidos-11.html?color=4&price=2060-&cat=9 HTTP/1.1" - -
157.55.39.110 - - [11/Oct/2016:15:22:49 +0152] "GET /loja.html?color=42&price=2000-3000&limit=30&cat=10 HTTP/1.1" - -
157.55.39.110 - - [11/Oct/2016:15:22:49 +0152] "GET /loja.html?color=42&p=3&tamanho=17&mode=list&cat=10 HTTP/1.1" - -
157.55.39.110 - - [11/Oct/2016:15:22:50 +0152] "GET /loja.html?p=2&color=40&price=2860-&tamanho=13&order=price&dir=desc&cat=7 HTTP/1.1" - -
157.55.39.110 - - [11/Oct/2016:15:22:51 +0152] "GET /loja/vestidos-11.html?color=47&cat=9&order=position&dir=desc&mode=list HTTP/1.1" - -
157.55.39.237 - - [11/Oct/2016:15:22:53 +0152] "GET /loja.html?color=30&tamanho=21&mode=list&dir=asc&order=price HTTP/1.1" - -
66.249.79.111 - - [11/Oct/2016:15:23:01 +0152] "GET /robots.txt HTTP/1.1" - -
66.249.79.111 - - [11/Oct/2016:15:23:01 +0152] "GET /loja.html?color=48&tamanho=22&limit=15&mode=grid HTTP/1.1" - -
66.249.79.103 - - [11/Oct/2016:15:23:04 +0152] "GET /loja/vestidos-11/formaturas.html?limit=25&mode=list&color=40&tamanho=12&order=price&dir=desc HTTP/1.1" - -
207.46.13.14 - - [11/Oct/2016:15:23:04 +0152] "GET /loja.html?color=26&p=3&price=2000-2100&order=position&dir=desc HTTP/1.1" - -
207.46.13.14 - - [11/Oct/2016:15:23:49 +0152] "GET /loja/vestidos-11/maes.html?color=34&tamanho=13&mode=list&dir=desc&order=position HTTP/1.1" - -
207.46.13.49 - - [11/Oct/2016:15:24:15 +0152] "GET /loja.html?color=26&cat=8&order=position&dir=desc&mode=list HTTP/1.1" - -
207.46.13.49 - - [11/Oct/2016:15:24:16 +0152] "GET /loja.html?color=37&p=3&limit=10&mode=grid&cat=9 HTTP/1.1" - -
157.55.39.237 - - [11/Oct/2016:15:24:19 +0152] "GET /loja.html?color=27&p=3&price=2100-2200&cat=9 HTTP/1.1" - -
157.55.39.237 - - [11/Oct/2016:15:24:20 +0152] "GET /loja.html?p=3&color=28&tamanho=13&order=position&dir=desc&cat=9 HTTP/1.1" - -
207.46.13.14 - - [11/Oct/2016:15:24:26 +0152] "GET /loja.html?mode=list&color=36&price=2900-&order=price&dir=asc&cat=7 HTTP/1.1" - -
207.46.13.14 - - [11/Oct/2016:15:24:27 +0152] "GET /loja.html?price=2800-&cat=7 HTTP/1.1" - -
207.46.13.14 - - [11/Oct/2016:15:24:27 +0152] "GET /loja.html?p=2&tamanho=21&order=position&dir=desc&cat=8 HTTP/1.1" - -
207.46.13.14 - - [11/Oct/2016:15:24:27 +0152] "GET /loja.html?p=2&color=34&tamanho=13&order=position&dir=desc&cat=8 HTTP/1.1" - -
157.55.39.110 - - [11/Oct/2016:15:24:37 +0152] "GET /loja.html?p=3&limit=30&mode=list&color=26&price=2000-3000&cat=7 HTTP/1.1" - -
157.55.39.110 - - [11/Oct/2016:15:24:37 +0152] "GET /loja/vestidos-11.html?color=36&p=3&tamanho=13&mode=list&cat=9 HTTP/1.1" - -
157.55.39.110 - - [11/Oct/2016:15:24:38 +0152] "GET /loja.html?p=3&price=1000-2000&tamanho=22&order=price&dir=asc&cat=8 HTTP/1.1" - -
157.55.39.110 - - [11/Oct/2016:15:25:06 +0152] "GET /loja.html?color=40&p=2&price=2860-&limit=15&cat=9 HTTP/1.1" - -
157.55.39.110 - - [11/Oct/2016:15:25:55 +0152] "GET /loja.html?p=3&price=2000-3000&tamanho=13&limit=30&mode=list HTTP/1.1" - -
157.55.39.110 - - [11/Oct/2016:15:25:56 +0152] "GET /loja/vestidos-11.html?color=33&tamanho=20&order=position&dir=asc&cat=10 HTTP/1.1" - -
207.46.13.14 - - [11/Oct/2016:15:26:15 +0152] "GET /loja.html?color=38&price=2000-&limit=10&mode=grid&cat=9 HTTP/1.1" - -
207.46.13.14 - - [11/Oct/2016:15:26:15 +0152] "GET /loja.html?color=40&price=2830-&tamanho=12&limit=15&mode=grid HTTP/1.1" - -
157.55.39.110 - - [11/Oct/2016:15:26:19 +0152] "GET /loja.html?tamanho=17&limit=30&cat=8 HTTP/1.1" - -
157.55.39.110 - - [11/Oct/2016:15:26:19 +0152] "GET /loja/vestidos-11.html?color=24&cat=10&order=position&dir=asc&mode=list HTTP/1.1" - -
157.55.39.110 - - [11/Oct/2016:15:26:20 +0152] "GET /loja.html?p=1&limit=30&mode=list&color=28&price=2060-&tamanho=17 HTTP/1.1" - -
207.46.13.49 - - [11/Oct/2016:15:26:24 +0152] "GET /loja.html?color=37&price=2800-&order=position&dir=desc HTTP/1.1" - -
207.46.13.14 - - [11/Oct/2016:15:26:29 +0152] "GET /loja.html?price=2000-2100&order=price&dir=desc&cat=9 HTTP/1.1" - -
207.46.13.49 - - [11/Oct/2016:15:26:38 +0152] "GET /loja.html?price=3000-&tamanho=22&order=price&dir=desc&cat=7 HTTP/1.1" - -
157.55.39.110 - - [11/Oct/2016:15:26:42 +0152] "GET /loja.html?color=27&p=3&tamanho=17&mode=grid&cat=7 HTTP/1.1" - -
207.46.13.14 - - [11/Oct/2016:15:26:56 +0152] "GET /loja/vestidos-11/madrinhas.html?color=33&price=2000-&mode=list HTTP/1.1" - -
207.46.13.49 - - [11/Oct/2016:15:27:01 +0152] "GET /loja.html?price=1980-&tamanho=18&limit=15&mode=list HTTP/1.1" - -
207.46.13.14 - - [11/Oct/2016:15:27:43 +0152] "GET /loja/vestidos-11.html?color=30&p=2&price=2100-2200&tamanho=22&cat=8 HTTP/1.1" - -
157.55.39.237 - - [11/Oct/2016:15:27:48 +0152] "GET /loja/vestidos-11.html?mode=list&color=27&price=2800-&order=position&dir=desc&cat=10 HTTP/1.1" - -
157.55.39.237 - - [11/Oct/2016:15:27:48 +0152] "GET /loja.html?p=3&limit=30&mode=list&color=28&tamanho=17&order=position&dir=desc HTTP/1.1" - -
207.46.13.49 - - [11/Oct/2016:15:27:58 +0152] "GET /loja.html?limit=30&color=34&price=2000-3000&order=position&dir=desc&cat=10 HTTP/1.1" - -
207.46.13.14 - - [11/Oct/2016:15:28:10 +0152] "GET /loja/vestidos-11/formaturas.html?color=26&price=2000-3000&tamanho=20 HTTP/1.1" - -
207.46.13.14 - - [11/Oct/2016:15:28:10 +0152] "GET /loja/vestidos-11.html?color=27&p=3&price=2800-&mode=list&cat=10 HTTP/1.1" - -
207.46.13.49 - - [11/Oct/2016:15:28:14 +0152] "GET /loja.html?color=30&tamanho=21&limit=10&mode=list HTTP/1.1" - -
207.46.13.49 - - [11/Oct/2016:15:28:16 +0152] "GET /loja.html?limit=30&mode=list&color=44&tamanho=22&order=position&dir=desc&cat=10 HTTP/1.1" - -
207.46.13.49 - - [11/Oct/2016:15:28:16 +0152] "GET /loja.html?color=48&tamanho=22&order=position&dir=desc&cat=8 HTTP/1.1" - -
207.46.13.14 - - [11/Oct/2016:15:28:21 +0152] "GET /loja.html?p=2&tamanho=13&cat=9 HTTP/1.1" - -
157.55.39.110 - - [11/Oct/2016:15:28:35 +0152] "GET /loja.html?color=39&tamanho=20&limit=15&mode=grid HTTP/1.1" - -
157.55.39.110 - - [11/Oct/2016:15:28:35 +0152] "GET /loja/vestidos-11.html?color=27&p=2&price=2100-2200&tamanho=22&cat=10 HTTP/1.1" - -
157.55.39.237 - - [11/Oct/2016:15:28:38 +0152] "GET /loja/vestidos-11/madrinhas.html?color=26&p=1&mode=list HTTP/1.1" - -
207.46.13.49 - - [11/Oct/2016:15:28:44 +0152] "GET /loja.html?p=3&color=26&price=2000-3000&tamanho=13&order=position&dir=desc&cat=7 HTTP/1.1" - -
207.46.13.49 - - [11/Oct/2016:15:28:45 +0152] "GET /loja.html?tamanho=20&order=price&dir=asc&cat=8 HTTP/1.1" - -
207.46.13.14 - - [11/Oct/2016:15:28:52 +0152] "GET /loja/vestidos-11/madrinhas.html?color=41&p=2 HTTP/1.1" - -
207.46.13.14 - - [11/Oct/2016:15:28:52 +0152] "GET /loja/vestidos-11/madrinhas.html?color=34&p=3 HTTP/1.1" - -
157.55.39.237 - - [11/Oct/2016:15:29:52 +0152] "GET /loja/vestidos-11.html?color=40&price=2000-3000&tamanho=13 HTTP/1.1" - -
157.55.39.237 - - [11/Oct/2016:15:29:52 +0152] "GET /loja.html?color=38&price=1880-&tamanho=20&limit=10&cat=7 HTTP/1.1" - -
157.55.39.237 - - [11/Oct/2016:15:29:52 +0152] "GET /loja.html?color=4&tamanho=13&mode=grid&cat=8 HTTP/1.1" - -
157.55.39.237 - - [11/Oct/2016:15:29:54 +0152] "GET /loja/vestidos-11/formaturas.html?color=27&p=3&price=2800-&tamanho=21&mode=list HTTP/1.1" - -
157.55.39.237 - - [11/Oct/2016:15:30:01 +0152] "GET /loja/vestidos-11.html?color=27&p=2&price=2800-&cat=10 HTTP/1.1" - -
157.55.39.110 - - [11/Oct/2016:15:30:08 +0152] "GET /loja/vestidos-11.html?color=26&price=2000-2100&tamanho=20 HTTP/1.1" - -
157.55.39.110 - - [11/Oct/2016:15:30:08 +0152] "GET /loja.html?color=27&p=2&price=2100-2200&order=position&dir=asc HTTP/1.1" - -
207.46.13.14 - - [11/Oct/2016:15:30:18 +0152] "GET /loja.html?color=4&p=1&order=price&dir=desc&cat=7 HTTP/1.1" - -
157.55.39.237 - - [11/Oct/2016:15:30:27 +0152] "GET /loja.html?color=26&price=1000-2000&tamanho=22&cat=10 HTTP/1.1" - -
157.55.39.237 - - [11/Oct/2016:15:30:27 +0152] "GET /loja.html?color=28&p=3&limit=10&order=position&dir=asc HTTP/1.1" - -
157.55.39.237 - - [11/Oct/2016:15:30:27 +0152] "GET /loja.html?color=26&p=3&price=1000-2000&tamanho=22&mode=list HTTP/1.1" - -
207.46.13.49 - - [11/Oct/2016:15:30:33 +0152] "GET /loja.html?limit=30&mode=list&color=26&price=2000-3000&tamanho=21&cat=8 HTTP/1.1" - -
207.46.13.49 - - [11/Oct/2016:15:30:35 +0152] "GET /loja.html?p=3&tamanho=21&order=price&dir=asc&cat=8 HTTP/1.1" - -
157.55.39.237 - - [11/Oct/2016:15:30:38 +0152] "GET /loja/vestidos-11/madrinhas.html?color=47&price=2780-&tamanho=13&limit=30 HTTP/1.1" - -
157.55.39.110 - - [11/Oct/2016:15:30:47 +0152] "GET /loja/vestidos-11.html?color=28&price=1000-2000&order=position&dir=asc&cat=10 HTTP/1.1" - -
207.46.13.14 - - [11/Oct/2016:15:30:50 +0152] "GET /loja.html?p=3&price=2000-3000&tamanho=21&order=position&dir=desc&cat=7 HTTP/1.1" - -
207.46.13.49 - - [11/Oct/2016:15:31:08 +0152] "GET /loja.html?p=2&color=38&price=2000-3000&tamanho=21&order=position&dir=desc&cat=7 HTTP/1.1" - -
157.55.39.237 - - [11/Oct/2016:15:31:57 +0152] "GET /loja/vestidos-11.html?p=3&price=2830-2840&cat=10 HTTP/1.1" - -
207.46.13.49 - - [11/Oct/2016:15:32:18 +0152] "GET /loja.html?color=27&tamanho=17&mode=list&cat=9 HTTP/1.1" - -
157.55.39.237 - - [11/Oct/2016:15:32:30 +0152] "GET /loja/vestidos-11/madrinhas.html?color=39&tamanho=13&limit=10&mode=list HTTP/1.1" - -
157.55.39.110 - - [11/Oct/2016:15:32:40 +0152] "GET /loja.html?color=33&price=2000-3000&tamanho=13&mode=grid&cat=7 HTTP/1.1" - -
157.55.39.237 - - [11/Oct/2016:15:32:43 +0152] "GET /loja.html?price=2860-&tamanho=13&limit=15&mode=list HTTP/1.1" - -
157.55.39.237 - - [11/Oct/2016:15:33:00 +0152] "GET /loja.html?color=47&price=2000-3000&mode=grid HTTP/1.1" - -
207.46.13.49 - - [11/Oct/2016:15:33:08 +0152] "GET /loja.html?color=40&p=3&tamanho=13&limit=10&cat=9 HTTP/1.1" - -
157.55.39.237 - - [11/Oct/2016:15:33:28 +0152] "GET /loja.html?color=41&price=2000-3000&mode=list&cat=9 HTTP/1.1" - -
157.55.39.237 - - [11/Oct/2016:15:33:49 +0152] "GET /loja.html?color=24&price=2000-&limit=15&mode=list HTTP/1.1" - -
157.55.39.237 - - [11/Oct/2016:15:33:50 +0152] "GET /loja.html?color=36&price=2100-2200&limit=10 HTTP/1.1" - -
66.249.79.103 - - [11/Oct/2016:15:33:51 +0152] "GET /macac-o.html?color=138&price=140-&tamanho=129 HTTP/1.1" - -
207.46.13.49 - - [11/Oct/2016:15:34:06 +0152] "GET /loja.html?color=27&p=3&tamanho=22 HTTP/1.1" - -
207.46.13.49 - - [11/Oct/2016:15:34:06 +0152] "GET /loja/vestidos-11.html?color=37&tamanho=13&order=position&dir=asc&cat=10 HTTP/1.1" - -
207.46.13.14 - - [11/Oct/2016:15:34:10 +0152] "GET /loja.html?color=27&p=2&price=2800-&limit=10&mode=list HTTP/1.1" - -
157.55.39.110 - - [11/Oct/2016:15:34:15 +0152] "GET /loja.html?color=24&p=1&mode=list HTTP/1.1" - -
207.46.13.49 - - [11/Oct/2016:15:34:37 +0152] "GET /loja/vestidos-11/maes.html?color=38&p=1&price=2000-&order=position&dir=desc HTTP/1.1" - -
207.46.13.49 - - [11/Oct/2016:15:34:37 +0152] "GET /loja.html?p=2&limit=10&mode=list&color=27&price=2060-&tamanho=17 HTTP/1.1" - -
207.46.13.49 - - [11/Oct/2016:15:34:38 +0152] "GET /loja.html?color=42&p=3&price=2000-3000&tamanho=13&cat=8 HTTP/1.1" - -
207.46.13.14 - - [11/Oct/2016:15:34:41 +0152] "GET /loja/vestidos-11.html?mode=list&color=26&tamanho=13&order=position&dir=desc&cat=8 HTTP/1.1" - -
207.46.13.14 - - [11/Oct/2016:15:34:42 +0152] "GET /loja.html?color=41&tamanho=13&order=price&dir=asc&cat=8 HTTP/1.1" - -
157.55.39.110 - - [11/Oct/2016:15:34:47 +0152] "GET /loja.html?color=41&p=2&mode=list&cat=10 HTTP/1.1" - -
157.55.39.237 - - [11/Oct/2016:15:34:52 +0152] "GET /loja.html?p=3&limit=10&mode=list&color=46&price=3750-&tamanho=13&cat=8 HTTP/1.1" - -
157.55.39.237 - - [11/Oct/2016:15:34:52 +0152] "GET /loja.html?limit=10&color=36&price=2900-&order=position&dir=desc&cat=9 HTTP/1.1" - -
207.46.13.49 - - [11/Oct/2016:15:35:01 +0152] "GET /loja/vestidos-11.html?color=30&p=3&price=2100-2200&tamanho=21&cat=9 HTTP/1.1" - -
207.46.13.49 - - [11/Oct/2016:15:36:09 +0152] "GET /loja.html?color=28&price=2060-&tamanho=21&order=position&dir=asc HTTP/1.1" - -
207.46.13.49 - - [11/Oct/2016:15:36:09 +0152] "GET /loja.html?color=27&price=2060-&tamanho=17&mode=grid&cat=7 HTTP/1.1" - -
207.46.13.14 - - [11/Oct/2016:15:36:12 +0152] "GET /loja.html?color=30&tamanho=22&mode=list&dir=desc&order=price HTTP/1.1" - -
157.55.39.237 - - [11/Oct/2016:15:36:26 +0152] "GET /loja.html?color=36&limit=10&mode=grid&cat=7 HTTP/1.1" - -
157.55.39.237 - - [11/Oct/2016:15:36:26 +0152] "GET /loja.html?limit=15&color=39&price=1980-&tamanho=13&order=position&dir=desc HTTP/1.1" - -
207.46.13.14 - - [11/Oct/2016:15:36:31 +0152] "GET /loja.html?color=39&p=3&price=1980-&mode=list&cat=7 HTTP/1.1" - -
207.46.13.14 - - [11/Oct/2016:15:36:31 +0152] "GET /loja.html?p=3&cat=10&order=position&dir=desc&mode=list HTTP/1.1" - -
207.46.13.14 - - [11/Oct/2016:15:36:32 +0152] "GET /loja/vestidos-11/maes.html?color=38&price=2000-&tamanho=13&order=position&dir=asc HTTP/1.1" - -
207.46.13.49 - - [11/Oct/2016:15:36:36 +0152] "GET /loja.html?p=2&limit=10&color=37&tamanho=13&order=position&dir=desc&cat=7 HTTP/1.1" - -
207.46.13.49 - - [11/Oct/2016:15:36:37 +0152] "GET /loja.html?color=27&p=2&tamanho=13&limit=15&mode=list HTTP/1.1" - -
207.46.13.49 - - [11/Oct/2016:15:36:37 +0152] "GET /loja.html?limit=15&mode=list&color=30&order=position&dir=desc&cat=8 HTTP/1.1" - -
207.46.13.49 - - [11/Oct/2016:15:36:37 +0152] "GET /loja.html?color=48&price=2000-&limit=30&mode=list HTTP/1.1" - -
207.46.13.49 - - [11/Oct/2016:15:36:42 +0152] "GET /loja/vestidos-11.html?price=3000-&tamanho=20&order=position&dir=asc&cat=10 HTTP/1.1" - -
207.46.13.49 - - [11/Oct/2016:15:36:42 +0152] "GET /loja.html?p=1&color=24&tamanho=21&order=price&dir=asc&cat=7 HTTP/1.1" - -
207.46.13.14 - - [11/Oct/2016:15:36:50 +0152] "GET /loja/vestidos-11/madrinhas.html?color=36&p=3&tamanho=13 HTTP/1.1" - -
207.46.13.14 - - [11/Oct/2016:15:36:50 +0152] "GET /loja.html?color=27&price=2800-&tamanho=21&cat=8 HTTP/1.1" - -
157.55.39.110 - - [11/Oct/2016:15:36:54 +0152] "GET /loja.html?limit=15&mode=grid&color=38&tamanho=21&order=position&dir=desc&cat=7 HTTP/1.1" - -
180.76.15.141 - - [11/Oct/2016:15:37:18 +0152] "GET / HTTP/1.1" - -
157.55.39.237 - - [11/Oct/2016:15:37:37 +0152] "GET /loja.html?p=3&color=46&tamanho=13&order=price&dir=desc&cat=8 HTTP/1.1" - -
207.46.13.49 - - [11/Oct/2016:15:37:47 +0152] "GET /loja.html?color=47&p=1&tamanho=13&limit=15 HTTP/1.1" - -
157.55.39.237 - - [11/Oct/2016:15:37:51 +0152] "GET /loja.html?color=38&price=2060-&limit=30&mode=list HTTP/1.1" - -
207.46.13.14 - - [11/Oct/2016:15:38:01 +0152] "GET /loja.html?p=2&limit=30&mode=list&color=44&tamanho=20&cat=7 HTTP/1.1" - -
180.76.15.8 - - [11/Oct/2016:15:38:12 +0152] "GET / HTTP/1.1" - -
157.55.39.237 - - [11/Oct/2016:15:38:13 +0152] "GET /loja.html?color=42&price=2000-3000&mode=list&dir=desc&order=position HTTP/1.1" - -
157.55.39.237 - - [11/Oct/2016:15:38:14 +0152] "GET /loja.html?color=27&price=2100-2200&tamanho=21&limit=15 HTTP/1.1" - -
157.55.39.110 - - [11/Oct/2016:15:38:23 +0152] "GET /loja.html?color=38&p=2&price=1000-2000&mode=list HTTP/1.1" - -
157.55.39.237 - - [11/Oct/2016:15:38:32 +0152] "GET /loja.html?color=48&p=2&cat=8 HTTP/1.1" - -
207.46.13.49 - - [11/Oct/2016:15:38:38 +0152] "GET /loja.html?price=2800-&mode=list&dir=desc&order=position HTTP/1.1" - -
207.46.13.49 - - [11/Oct/2016:15:38:38 +0152] "GET /loja/vestidos-11.html?color=42&p=2&price=2060-&tamanho=13&cat=10 HTTP/1.1" - -
207.46.13.49 - - [11/Oct/2016:15:38:39 +0152] "GET /loja.html?color=36&p=3&price=2950-2960&cat=7 HTTP/1.1" - -
207.46.13.14 - - [11/Oct/2016:15:38:42 +0152] "GET /loja/vestidos-11/formaturas.html?price=1000-2000&mode=list&dir=asc&order=position HTTP/1.1" - -
207.46.13.14 - - [11/Oct/2016:15:38:43 +0152] "GET /loja/vestidos-11/madrinhas.html?color=26&price=2000-&tamanho=22&mode=grid HTTP/1.1" - -
157.55.39.237 - - [11/Oct/2016:15:38:47 +0152] "GET /loja.html?color=30&mode=grid&cat=10 HTTP/1.1" - -
157.55.39.237 - - [11/Oct/2016:15:38:47 +0152] "GET /loja.html?color=40&p=2&tamanho=13&limit=10&mode=list HTTP/1.1" - -
207.46.13.49 - - [11/Oct/2016:15:38:52 +0152] "GET /loja.html?p=2&limit=10&mode=list&tamanho=13&order=position&dir=desc&cat=9 HTTP/1.1" - -
207.46.13.49 - - [11/Oct/2016:15:38:52 +0152] "GET /loja.html?color=26&price=2000-&limit=10 HTTP/1.1" - -
157.55.39.110 - - [11/Oct/2016:15:38:57 +0152] "GET /loja.html?p=3&limit=10&mode=list&color=26&tamanho=21&cat=8 HTTP/1.1" - -
157.55.39.110 - - [11/Oct/2016:15:38:57 +0152] "GET /loja.html?color=26&price=1000-2000&limit=15&order=position&dir=desc HTTP/1.1" - -
157.55.39.110 - - [11/Oct/2016:15:38:57 +0152] "GET /loja.html?color=27&cat=10&order=position&dir=asc&mode=list HTTP/1.1" - -
157.55.39.237 - - [11/Oct/2016:15:40:08 +0152] "GET /loja.html?color=37&tamanho=13&order=position&dir=asc&cat=10 HTTP/1.1" - -
157.55.39.237 - - [11/Oct/2016:15:40:08 +0152] "GET /loja.html?p=3&limit=30&mode=list&color=4&tamanho=20&cat=7 HTTP/1.1" - -
207.46.13.49 - - [11/Oct/2016:15:40:12 +0152] "GET /loja/vestidos-11/formaturas.html?color=41&mode=list&dir=asc&order=position HTTP/1.1" - -
207.46.13.49 - - [11/Oct/2016:15:40:13 +0152] "GET /loja.html?price=2290-&tamanho=18&limit=10&mode=grid&cat=9 HTTP/1.1" - -
157.55.39.110 - - [11/Oct/2016:15:40:17 +0152] "GET /loja/vestidos-11.html?color=48&p=1&tamanho=20&mode=list HTTP/1.1" - -
207.46.13.14 - - [11/Oct/2016:15:40:22 +0152] "GET /loja.html?p=3&mode=list&color=41&tamanho=13&order=position&dir=asc HTTP/1.1" - -
207.46.13.14 - - [11/Oct/2016:15:40:22 +0152] "GET /loja.html?p=2&limit=15&color=4&price=2000-3000&order=position&dir=desc&cat=7 HTTP/1.1" - -
207.46.13.14 - - [11/Oct/2016:15:40:22 +0152] "GET /loja/vestidos-11/maes.html?p=1&tamanho=21 HTTP/1.1" - -
207.46.13.14 - - [11/Oct/2016:15:40:23 +0152] "GET /loja.html?color=30&tamanho=21&order=price&dir=asc&cat=8 HTTP/1.1" - -
157.55.39.110 - - [11/Oct/2016:15:40:33 +0152] "GET /loja.html?price=2980-&tamanho=13&order=position&dir=desc&cat=7 HTTP/1.1" - -
157.55.39.237 - - [11/Oct/2016:15:40:36 +0152] "GET /loja/vestidos-11/madrinhas.html?color=37&limit=15&order=position&dir=asc HTTP/1.1" - -
207.46.13.14 - - [11/Oct/2016:15:40:41 +0152] "GET /loja.html?color=28&price=1000-2000&limit=10&mode=grid&cat=8 HTTP/1.1" - -
207.46.13.14 - - [11/Oct/2016:15:40:42 +0152] "GET /loja.html?color=36&p=2&mode=list&cat=10 HTTP/1.1" - -
207.46.13.49 - - [11/Oct/2016:15:40:58 +0152] "GET /loja.html?p=2&mode=list&color=4&price=2000-3000&tamanho=13&cat=7 HTTP/1.1" - -
207.46.13.14 - - [11/Oct/2016:15:41:40 +0152] "GET /loja/vestidos-11.html?color=27&p=2&tamanho=17&order=position&dir=asc HTTP/1.1" - -
157.55.39.110 - - [11/Oct/2016:15:41:51 +0152] "GET /loja.html?mode=list&color=38&price=2000-3000&order=position&dir=asc&cat=7 HTTP/1.1" - -
157.55.39.110 - - [11/Oct/2016:15:42:24 +0152] "GET /loja.html?color=26&price=2000-&tamanho=21&order=position&dir=asc&cat=9 HTTP/1.1" - -
157.55.39.110 - - [11/Oct/2016:15:42:25 +0152] "GET /loja.html?color=46&price=2860-&limit=15&mode=list HTTP/1.1" - -
157.55.39.237 - - [11/Oct/2016:15:42:28 +0152] "GET /loja/vestidos-11/madrinhas.html?color=28&price=1000-2000&limit=10&mode=list HTTP/1.1" - -
157.55.39.237 - - [11/Oct/2016:15:42:28 +0152] "GET /loja/vestidos-11/maes.html?price=2060-&tamanho=22&order=position&dir=desc HTTP/1.1" - -
157.55.39.237 - - [11/Oct/2016:15:42:28 +0152] "GET /loja.html?color=26&tamanho=21&limit=10&cat=10 HTTP/1.1" - -
157.55.39.110 - - [11/Oct/2016:15:42:36 +0152] "GET /loja/vestidos-11.html?color=40&tamanho=13&mode=grid HTTP/1.1" - -
207.46.13.49 - - [11/Oct/2016:15:42:41 +0152] "GET /loja/vestidos-11/madrinhas.html?color=33&p=3&price=1980-&tamanho=13 HTTP/1.1" - -
207.46.13.49 - - [11/Oct/2016:15:42:41 +0152] "GET /loja.html?color=27&p=3&price=2800-&mode=list HTTP/1.1" - -
207.46.13.49 - - [11/Oct/2016:15:42:42 +0152] "GET /loja.html?color=38&price=1000-2000&tamanho=20&limit=30 HTTP/1.1" - -
157.55.39.110 - - [11/Oct/2016:15:42:51 +0152] "GET /loja/vestidos-11/formaturas.html?color=28&price=1000-2000 HTTP/1.1" - -
157.55.39.237 - - [11/Oct/2016:15:43:48 +0152] "GET /loja/vestidos-11/maes.html?color=30&price=2000-3000&tamanho=21&mode=list HTTP/1.1" - -
157.55.39.237 - - [11/Oct/2016:15:43:48 +0152] "GET /loja.html?mode=list&color=39&price=1980-&order=position&dir=desc&cat=8 HTTP/1.1" - -
207.46.13.14 - - [11/Oct/2016:15:43:52 +0152] "GET /loja.html?color=47&p=3&mode=list&cat=8 HTTP/1.1" - -
157.55.39.110 - - [11/Oct/2016:15:44:09 +0152] "GET /loja/vestidos-11/formaturas.html?price=2750-&tamanho=13&mode=list HTTP/1.1" - -
207.46.13.14 - - [11/Oct/2016:15:44:31 +0152] "GET /loja.html?color=44&price=2000-3000&limit=30&order=position&dir=asc HTTP/1.1" - -
207.46.13.14 - - [11/Oct/2016:15:44:32 +0152] "GET /loja/vestidos-11/madrinhas.html?p=1&tamanho=20&mode=list&dir=asc&order=position HTTP/1.1" - -
157.55.39.237 - - [11/Oct/2016:15:44:57 +0152] "GET /loja/vestidos-11.html?p=2&mode=list&tamanho=13&order=position&dir=desc&cat=8 HTTP/1.1" - -
157.55.39.237 - - [11/Oct/2016:15:44:57 +0152] "GET /loja.html?color=42&p=2&limit=10&cat=10 HTTP/1.1" - -
207.46.13.49 - - [11/Oct/2016:15:45:20 +0152] "GET /loja.html?p=2&limit=30&mode=list&color=36&price=2000-3000&cat=9 HTTP/1.1" - -
157.55.39.237 - - [11/Oct/2016:15:45:29 +0152] "GET /loja.html?color=36&price=2950-2960&tamanho=13&limit=15&cat=9 HTTP/1.1" - -
157.55.39.237 - - [11/Oct/2016:15:45:29 +0152] "GET /loja.html?p=3&limit=10&mode=list&color=28&price=1000-2000&tamanho=13&cat=9 HTTP/1.1" - -
207.46.13.14 - - [11/Oct/2016:15:45:42 +0152] "GET /loja.html?color=46&price=1530-&tamanho=21&limit=10&cat=7 HTTP/1.1" - -
157.55.39.237 - - [11/Oct/2016:15:45:49 +0152] "GET /loja.html?p=2&limit=30&mode=list&color=40&price=2000-3000&order=position&dir=desc HTTP/1.1" - -
157.55.39.110 - - [11/Oct/2016:15:45:53 +0152] "GET /loja.html?color=30&price=2600-&limit=10&mode=list&cat=8 HTTP/1.1" - -
157.55.39.110 - - [11/Oct/2016:15:45:53 +0152] "GET /loja/vestidos-11/madrinhas.html?color=4&p=3&price=3200-3300&tamanho=22&mode=list HTTP/1.1" - -
157.55.39.110 - - [11/Oct/2016:15:45:54 +0152] "GET /loja.html?color=28&price=2060-&cat=9 HTTP/1.1" - -
207.46.13.49 - - [11/Oct/2016:15:46:06 +0152] "GET /loja.html?color=27&price=2000-2100&order=position&dir=asc&cat=7 HTTP/1.1" - -
207.46.13.49 - - [11/Oct/2016:15:46:07 +0152] "GET /loja.html?price=2000-3000&tamanho=22&mode=list&cat=10 HTTP/1.1" - -
157.55.39.110 - - [11/Oct/2016:15:46:09 +0152] "GET /loja.html?p=3&mode=list&color=28&order=position&dir=desc&cat=7 HTTP/1.1" - -
207.46.13.14 - - [11/Oct/2016:15:46:18 +0152] "GET /loja/vestidos-11.html?color=42&tamanho=21&order=position&dir=desc HTTP/1.1" - -
157.55.39.237 - - [11/Oct/2016:15:46:22 +0152] "GET /loja.html?price=2060-&tamanho=13&order=position&dir=desc HTTP/1.1" - -
157.55.39.237 - - [11/Oct/2016:15:46:23 +0152] "GET /loja.html?color=27&tamanho=22&limit=10&cat=9 HTTP/1.1" - -
207.46.13.49 - - [11/Oct/2016:15:46:52 +0152] "GET /loja.html?price=2060-&limit=30&cat=7 HTTP/1.1" - -
157.55.39.237 - - [11/Oct/2016:15:47:00 +0152] "GET /loja.html?p=1&mode=list&color=46&price=3000-&order=position&dir=desc HTTP/1.1" - -
157.55.39.110 - - [11/Oct/2016:15:47:05 +0152] "GET /loja/vestidos-11/madrinhas.html?color=26&price=2000-&limit=10 HTTP/1.1" - -
207.46.13.49 - - [11/Oct/2016:15:47:56 +0152] "GET /loja.html?color=34&price=2000-3000&order=position&dir=desc&cat=7 HTTP/1.1" - -
207.46.13.49 - - [11/Oct/2016:15:47:56 +0152] "GET /loja.html?p=2&limit=10&mode=list&tamanho=20&order=position&dir=asc&cat=8 HTTP/1.1" - -
157.55.39.237 - - [11/Oct/2016:15:48:14 +0152] "GET /loja/vestidos-11/maes.html?color=26&p=3&price=2000-3000 HTTP/1.1" - -
157.55.39.110 - - [11/Oct/2016:15:48:18 +0152] "GET /loja/vestidos-11/formaturas.html?color=44&price=2710-&limit=30&order=position&dir=desc HTTP/1.1" - -
157.55.39.110 - - [11/Oct/2016:15:48:19 +0152] "GET /loja/vestidos-11.html?color=24&price=2400-&tamanho=21&order=position&dir=asc HTTP/1.1" - -
198.20.70.114 - - [11/Oct/2016:15:48:22 +0152] "GET / HTTP/1.1" - -
198.20.70.114 - - [11/Oct/2016:15:48:28 +0152] "GET /robots.txt HTTP/1.1" - -
207.46.13.14 - - [11/Oct/2016:15:48:28 +0152] "GET /loja.html?color=46&limit=15&cat=10 HTTP/1.1" - -
198.20.70.114 - - [11/Oct/2016:15:48:28 +0152] "GET /sitemap.xml HTTP/1.1" - -
207.46.13.14 - - [11/Oct/2016:15:48:28 +0152] "GET /loja.html?color=47&price=2000-3000&limit=10&mode=grid&cat=8 HTTP/1.1" - -
207.46.13.14 - - [11/Oct/2016:15:48:28 +0152] "GET /loja.html?color=41&tamanho=13&limit=30&order=position&dir=asc HTTP/1.1" - -
207.46.13.49 - - [11/Oct/2016:15:48:39 +0152] "GET /loja.html?p=2&price=2950-2960&tamanho=13&limit=15&mode=list HTTP/1.1" - -
207.46.13.49 - - [11/Oct/2016:15:48:39 +0152] "GET /loja.html?color=27&price=2100-2200&mode=grid&cat=9 HTTP/1.1" - -
207.46.13.49 - - [11/Oct/2016:15:48:41 +0152] "GET /loja.html?cat=9&tamanho=18&order=price&dir=desc&mode=list HTTP/1.1" - -
207.46.13.49 - - [11/Oct/2016:15:48:41 +0152] "GET /loja/vestidos-11.html?color=36&p=2&tamanho=13 HTTP/1.1" - -
207.46.13.49 - - [11/Oct/2016:15:48:41 +0152] "GET /loja.html?color=46&tamanho=13&limit=10&mode=grid&cat=9 HTTP/1.1" - -
157.55.39.110 - - [11/Oct/2016:15:48:57 +0152] "GET /loja.html?color=26&price=2000-2100&tamanho=13&cat=10 HTTP/1.1" - -
157.55.39.237 - - [11/Oct/2016:15:49:40 +0152] "GET /loja/vestidos-11.html?color=41&mode=grid HTTP/1.1" - -
157.55.39.110 - - [11/Oct/2016:15:49:59 +0152] "GET /loja/vestidos-11.html?price=2000-3000&tamanho=13&order=position&dir=asc HTTP/1.1" - -
157.55.39.110 - - [11/Oct/2016:15:50:00 +0152] "GET /loja.html?color=37&p=2&order=position&dir=asc&cat=7 HTTP/1.1" - -
207.46.13.14 - - [11/Oct/2016:15:50:09 +0152] "GET /loja/vestidos-11.html?color=47&tamanho=13&order=position&dir=asc&cat=8 HTTP/1.1" - -
157.55.39.110 - - [11/Oct/2016:15:50:13 +0152] "GET /loja/vestidos-11.html?color=27&p=1&price=2800-&cat=10 HTTP/1.1" - -
157.55.39.237 - - [11/Oct/2016:15:50:20 +0152] "GET /loja.html?price=3000-&tamanho=13&limit=30&order=position&dir=desc HTTP/1.1" - -
157.55.39.237 - - [11/Oct/2016:15:50:21 +0152] "GET /loja.html?color=34&p=2&cat=8 HTTP/1.1" - -
207.46.13.49 - - [11/Oct/2016:15:50:24 +0152] "GET /loja.html?color=42&p=3&price=2060-&tamanho=17&cat=10 HTTP/1.1" - -
207.46.13.14 - - [11/Oct/2016:15:50:32 +0152] "GET /loja/vestidos-11/maes.html?p=3&tamanho=22&limit=30&mode=list HTTP/1.1" - -
157.55.39.110 - - [11/Oct/2016:15:50:42 +0152] "GET /loja.html?color=26&limit=30&mode=grid&cat=10 HTTP/1.1" - -
157.55.39.237 - - [11/Oct/2016:15:50:51 +0152] "GET /loja/vestidos-11.html?color=39&price=1980-&tamanho=13&mode=grid HTTP/1.1" - -
207.46.13.49 - - [11/Oct/2016:15:50:55 +0152] "GET /loja/vestidos-11/maes.html?p=2&price=2000-&tamanho=21 HTTP/1.1" - -
207.46.13.14 - - [11/Oct/2016:15:51:31 +0152] "GET /loja.html?p=2&limit=30&mode=list&price=2060-&tamanho=17&cat=7 HTTP/1.1" - -
157.55.39.110 - - [11/Oct/2016:15:52:01 +0152] "GET /loja.html?p=2&tamanho=17&mode=list&cat=10 HTTP/1.1" - -
207.46.13.14 - - [11/Oct/2016:15:52:05 +0152] "GET /loja.html?color=38&price=2000-3000&tamanho=13&order=price&dir=desc HTTP/1.1" - -
207.46.13.14 - - [11/Oct/2016:15:52:05 +0152] "GET /loja.html?p=3&mode=list&color=26&tamanho=21&order=position&dir=desc HTTP/1.1" - -
207.46.13.14 - - [11/Oct/2016:15:52:05 +0152] "GET /loja.html?color=4&price=2000-3000&limit=15&mode=list&cat=8 HTTP/1.1" - -
207.46.13.14 - - [11/Oct/2016:15:52:06 +0152] "GET /loja.html?p=2&mode=list&price=1000-2000&tamanho=21&order=price&dir=desc HTTP/1.1" - -
207.46.13.14 - - [11/Oct/2016:15:52:06 +0152] "GET /loja.html?color=27&price=2000-2100&limit=15&mode=grid&cat=7 HTTP/1.1" - -
157.55.39.237 - - [11/Oct/2016:15:52:39 +0152] "GET /loja.html?mode=list&color=4&price=2830-&tamanho=13&order=price&dir=asc HTTP/1.1" - -
157.55.39.237 - - [11/Oct/2016:15:52:40 +0152] "GET /loja.html?limit=10&mode=list&color=41&tamanho=13&order=position&dir=desc&cat=7 HTTP/1.1" - -
157.55.39.237 - - [11/Oct/2016:15:52:40 +0152] "GET /loja/vestidos-11/formaturas.html?color=26&p=3&tamanho=21 HTTP/1.1" - -
157.55.39.110 - - [11/Oct/2016:15:52:44 +0152] "GET /loja/vestidos-11/madrinhas.html?price=1980-&tamanho=18&order=position&dir=desc HTTP/1.1" - -
157.55.39.110 - - [11/Oct/2016:15:52:46 +0152] "GET /loja/vestidos-11/madrinhas.html?color=39&p=3&price=1980-&tamanho=13&limit=10 HTTP/1.1" - -
157.55.39.237 - - [11/Oct/2016:15:52:54 +0152] "GET /loja.html?color=36&price=2000-3000&mode=grid&cat=9 HTTP/1.1" - -
157.55.39.237 - - [11/Oct/2016:15:52:54 +0152] "GET /loja/vestidos-11/formaturas.html?tamanho=22&mode=list&dir=asc&order=position HTTP/1.1" - -
157.55.39.237 - - [11/Oct/2016:15:52:54 +0152] "GET /loja.html?color=47&p=3&price=2000-3000&tamanho=13 HTTP/1.1" - -
157.55.39.237 - - [11/Oct/2016:15:52:55 +0152] "GET /loja.html?color=30&price=2000-3000&order=price&dir=desc&cat=9 HTTP/1.1" - -
157.55.39.237 - - [11/Oct/2016:15:52:55 +0152] "GET /loja/vestidos-11/madrinhas.html?color=37&price=2780-&tamanho=13 HTTP/1.1" - -
157.55.39.237 - - [11/Oct/2016:15:53:07 +0152] "GET /loja/vestidos-11/formaturas.html?color=46&price=1000-2000&limit=30&mode=list HTTP/1.1" - -
157.55.39.237 - - [11/Oct/2016:15:53:08 +0152] "GET /loja/vestidos-11.html?color=34&cat=8 HTTP/1.1" - -
157.55.39.237 - - [11/Oct/2016:15:53:08 +0152] "GET /loja.html?limit=30&mode=list&color=36&price=2180-&tamanho=21&cat=7 HTTP/1.1" - -
157.55.39.110 - - [11/Oct/2016:15:53:28 +0152] "GET /loja.html?p=2&price=2400-&mode=list&dir=asc&order=price HTTP/1.1" - -
157.55.39.237 - - [11/Oct/2016:15:53:39 +0152] "GET /loja/vestidos-11.html?price=2060-&mode=list&cat=9 HTTP/1.1" - -
157.55.39.237 - - [11/Oct/2016:15:53:39 +0152] "GET /loja.html?color=33&p=2&mode=list&cat=9 HTTP/1.1" - -
157.55.39.237 - - [11/Oct/2016:15:53:39 +0152] "GET /loja.html?mode=grid&color=36&tamanho=21&order=position&dir=asc&cat=7 HTTP/1.1" - -
157.55.39.237 - - [11/Oct/2016:15:53:40 +0152] "GET /loja/vestidos-11.html?price=2060-&tamanho=17&mode=list&cat=10 HTTP/1.1" - -
157.55.39.237 - - [11/Oct/2016:15:53:40 +0152] "GET /loja/vestidos-11.html?color=38&price=1000-2000&tamanho=20&mode=list HTTP/1.1" - -
157.55.39.237 - - [11/Oct/2016:15:53:40 +0152] "GET /loja.html?price=1000-2000&limit=15&order=position&dir=asc HTTP/1.1" - -
207.46.13.49 - - [11/Oct/2016:15:53:52 +0152] "GET /loja/vestidos-11.html?color=48&price=3270-&order=position&dir=desc&cat=8 HTTP/1.1" - -
207.46.13.49 - - [11/Oct/2016:15:53:52 +0152] "GET /loja.html?p=3&limit=30&mode=list&price=1000-2000&tamanho=20&cat=9 HTTP/1.1" - -
66.249.79.103 - - [11/Oct/2016:15:53:55 +0152] "GET / HTTP/1.1" - -
157.55.39.237 - - [11/Oct/2016:15:53:56 +0152] "GET /loja/vestidos-11.html?color=36&price=2980-&cat=10 HTTP/1.1" - -
157.55.39.237 - - [11/Oct/2016:15:53:56 +0152] "GET /loja.html?color=24&p=2&mode=grid&cat=9 HTTP/1.1" - -
157.55.39.237 - - [11/Oct/2016:15:53:56 +0152] "GET /loja.html?p=2&color=41&tamanho=13&order=position&dir=desc&cat=7 HTTP/1.1" - -
157.55.39.237 - - [11/Oct/2016:15:53:57 +0152] "GET /loja.html?color=28&p=3&price=2060-&tamanho=21 HTTP/1.1" - -
157.55.39.237 - - [11/Oct/2016:15:53:57 +0152] "GET /loja.html?color=41&p=1&limit=10&cat=9 HTTP/1.1" - -
157.55.39.237 - - [11/Oct/2016:15:54:10 +0152] "GET /loja.html?color=44&price=2100-&tamanho=22&limit=15&mode=list HTTP/1.1" - -
157.55.39.237 - - [11/Oct/2016:15:54:10 +0152] "GET /loja.html?p=1&tamanho=13&mode=list HTTP/1.1" - -
207.46.13.49 - - [11/Oct/2016:15:54:19 +0152] "GET /loja/vestidos-11.html?color=48&price=2060-&cat=9 HTTP/1.1" - -
207.46.13.49 - - [11/Oct/2016:15:54:19 +0152] "GET /loja.html?p=2&limit=15&cat=8 HTTP/1.1" - -
207.46.13.14 - - [11/Oct/2016:15:54:23 +0152] "GET /loja.html?p=2&limit=10&mode=list&color=40&price=2860-&cat=9 HTTP/1.1" - -
207.46.13.14 - - [11/Oct/2016:15:54:24 +0152] "GET /loja.html?color=28&tamanho=13&order=price&dir=asc HTTP/1.1" - -
207.46.13.14 - - [11/Oct/2016:15:54:24 +0152] "GET /loja.html?color=28&tamanho=21&limit=10&mode=list HTTP/1.1" - -
207.46.13.14 - - [11/Oct/2016:15:54:24 +0152] "GET /loja.html?color=42&price=2000-3000&mode=list&dir=asc&order=price HTTP/1.1" - -
157.55.39.110 - - [11/Oct/2016:15:54:29 +0152] "GET /loja.html?color=28&p=2&tamanho=17&mode=list&cat=7 HTTP/1.1" - -
157.55.39.110 - - [11/Oct/2016:15:54:29 +0152] "GET /loja.html?color=26&price=2000-2100&cat=8 HTTP/1.1" - -
157.55.39.237 - - [11/Oct/2016:15:54:34 +0152] "GET /loja.html?mode=list&color=26&price=1000-2000&order=price&dir=desc&cat=10 HTTP/1.1" - -
157.55.39.237 - - [11/Oct/2016:15:54:34 +0152] "GET /loja.html?p=3&limit=10&mode=list&color=28&price=2000-&cat=9 HTTP/1.1" - -
157.55.39.110 - - [11/Oct/2016:15:54:45 +0152] "GET /loja.html?limit=15&mode=grid&color=39&order=position&dir=desc&cat=9 HTTP/1.1" - -
207.46.13.14 - - [11/Oct/2016:15:54:49 +0152] "GET /loja/vestidos-11/madrinhas.html?color=26&p=2&tamanho=21&limit=10&mode=list HTTP/1.1" - -
207.46.13.14 - - [11/Oct/2016:15:54:50 +0152] "GET /loja/vestidos-11.html?color=33&p=3&tamanho=20&mode=list&cat=10 HTTP/1.1" - -
157.55.39.237 - - [11/Oct/2016:15:54:55 +0152] "GET /loja.html?color=36&price=2000-3000&tamanho=21&cat=8 HTTP/1.1" - -
157.55.39.237 - - [11/Oct/2016:15:54:56 +0152] "GET /loja.html?p=2&limit=15&mode=list&tamanho=13&order=position&dir=desc HTTP/1.1" - -
157.55.39.237 - - [11/Oct/2016:15:54:56 +0152] "GET /loja.html?color=27&p=2&price=2800-&cat=10 HTTP/1.1" - -
157.55.39.110 - - [11/Oct/2016:15:56:15 +0152] "GET /loja.html?color=42&p=3&tamanho=13&mode=list&cat=9 HTTP/1.1" - -
207.46.13.49 - - [11/Oct/2016:15:56:32 +0152] "GET /loja/vestidos-11.html?color=27&price=2000-2100&order=position&dir=desc&cat=10 HTTP/1.1" - -
207.46.13.49 - - [11/Oct/2016:15:56:33 +0152] "GET /loja/vestidos-11.html?color=27&p=2&tamanho=22&mode=list&cat=10 HTTP/1.1" - -
207.46.13.14 - - [11/Oct/2016:15:56:38 +0152] "GET /loja.html?p=3&price=2800-&tamanho=12&mode=list HTTP/1.1" - -
207.46.13.14 - - [11/Oct/2016:15:56:38 +0152] "GET /loja/vestidos-11/madrinhas.html?color=28&price=2000-3000&tamanho=17 HTTP/1.1" - -
157.55.39.237 - - [11/Oct/2016:15:56:42 +0152] "GET /loja.html?color=38&limit=15&order=position&dir=asc HTTP/1.1" - -
157.55.39.237 - - [11/Oct/2016:15:56:42 +0152] "GET /loja.html?color=30&price=2000-3000&tamanho=22&order=position&dir=desc HTTP/1.1" - -
157.55.39.237 - - [11/Oct/2016:15:56:42 +0152] "GET /loja.html?p=3&limit=10&tamanho=20&order=position&dir=desc&cat=10 HTTP/1.1" - -
157.55.39.237 - - [11/Oct/2016:15:56:43 +0152] "GET /loja.html?p=2&price=2700-&tamanho=13&limit=10&cat=8 HTTP/1.1" - -
157.55.39.237 - - [11/Oct/2016:15:56:43 +0152] "GET /loja.html?color=26&p=3&limit=10 HTTP/1.1" - -
157.55.39.110 - - [11/Oct/2016:15:56:47 +0152] "GET /loja.html?mode=grid&color=4&price=3000-&order=position&dir=desc&cat=7 HTTP/1.1" - -
157.55.39.110 - - [11/Oct/2016:15:56:48 +0152] "GET /loja/vestidos-11.html?color=46&price=1530-&tamanho=21 HTTP/1.1" - -
157.55.39.237 - - [11/Oct/2016:15:56:52 +0152] "GET /loja.html?price=2000-3000&tamanho=17&limit=30&mode=grid HTTP/1.1" - -
157.55.39.237 - - [11/Oct/2016:15:56:52 +0152] "GET /loja.html?color=44&price=2000-3000&order=position&dir=desc&cat=10 HTTP/1.1" - -
157.55.39.237 - - [11/Oct/2016:15:56:53 +0152] "GET /loja.html?color=33&price=2400-2500&limit=10&mode=grid&cat=9 HTTP/1.1" - -
157.55.39.237 - - [11/Oct/2016:15:56:53 +0152] "GET /loja/vestidos-11/maes.html?color=42&p=2&tamanho=21&mode=list HTTP/1.1" - -
157.55.39.237 - - [11/Oct/2016:15:56:53 +0152] "GET /loja.html?color=26&price=2000-&tamanho=22&order=price&dir=asc HTTP/1.1" - -
157.55.39.237 - - [11/Oct/2016:15:57:07 +0152] "GET /loja.html?limit=10&color=44&tamanho=20&order=position&dir=desc&cat=10 HTTP/1.1" - -
157.55.39.237 - - [11/Oct/2016:15:57:07 +0152] "GET /loja.html?color=28&price=1000-2000&tamanho=20&mode=list HTTP/1.1" - -
157.55.39.237 - - [11/Oct/2016:15:57:09 +0152] "GET /loja.html?mode=grid&color=41&price=2750-&order=position&dir=desc&cat=7 HTTP/1.1" - -
157.55.39.237 - - [11/Oct/2016:15:57:10 +0152] "GET /loja.html?color=26&tamanho=22&mode=list&dir=desc&order=price HTTP/1.1" - -
157.55.39.237 - - [11/Oct/2016:15:57:10 +0152] "GET /loja/vestidos-11.html?color=46&p=1&mode=list HTTP/1.1" - -
157.55.39.110 - - [11/Oct/2016:15:57:15 +0152] "GET /loja.html?color=26&p=1&mode=list&cat=7 HTTP/1.1" - -
207.46.13.33 - - [11/Oct/2016:15:57:25 +0152] "GET /loja.html?p=2&cat=10&order=position&dir=desc&mode=list HTTP/1.1" - -
157.55.39.237 - - [11/Oct/2016:15:57:29 +0152] "GET /loja.html?p=3&mode=list&price=2000-3000&order=position&dir=desc&cat=7 HTTP/1.1" - -
157.55.39.237 - - [11/Oct/2016:15:57:29 +0152] "GET /loja.html?limit=15&mode=list&color=47&order=position&dir=asc&cat=7 HTTP/1.1" - -
157.55.39.237 - - [11/Oct/2016:15:57:30 +0152] "GET /loja.html?color=34&price=2000-3000&limit=30&mode=list&cat=9 HTTP/1.1" - -
207.46.13.14 - - [11/Oct/2016:15:57:44 +0152] "GET /loja.html?price=3000-&tamanho=22&limit=30&cat=7 HTTP/1.1" - -
157.55.39.110 - - [11/Oct/2016:15:57:58 +0152] "GET /loja.html?color=28&p=3&mode=grid&cat=9 HTTP/1.1" - -
157.55.39.110 - - [11/Oct/2016:15:57:58 +0152] "GET /loja.html?mode=grid&price=3000-&tamanho=22&order=position&dir=desc&cat=7 HTTP/1.1" - -
157.55.39.110 - - [11/Oct/2016:15:57:58 +0152] "GET /loja.html?color=33&price=2830-&tamanho=13&limit=30 HTTP/1.1" - -
157.55.39.110 - - [11/Oct/2016:15:57:59 +0152] "GET /loja/vestidos-11.html?color=37&price=3860-&order=position&dir=desc&cat=10 HTTP/1.1" - -
157.55.39.237 - - [11/Oct/2016:15:58:04 +0152] "GET /loja.html?price=1000-2000&tamanho=20&limit=10&mode=grid HTTP/1.1" - -
157.55.39.237 - - [11/Oct/2016:15:58:04 +0152] "GET /loja.html?price=2800-&mode=grid&cat=7 HTTP/1.1" - -
157.55.39.237 - - [11/Oct/2016:15:58:07 +0152] "GET /loja/vestidos-11.html?color=40&price=2060-&tamanho=12&cat=9 HTTP/1.1" - -
157.55.39.237 - - [11/Oct/2016:15:58:07 +0152] "GET /loja.html?color=27&price=2100-2200&tamanho=22&mode=list&cat=8 HTTP/1.1" - -
207.46.13.49 - - [11/Oct/2016:15:58:15 +0152] "GET /loja.html?color=27&p=3&tamanho=21&mode=list HTTP/1.1" - -
157.55.39.237 - - [11/Oct/2016:15:58:30 +0152] "GET /loja.html?color=26&price=1000-2000&limit=30&mode=list&cat=8 HTTP/1.1" - -
157.55.39.237 - - [11/Oct/2016:15:58:32 +0152] "GET /loja.html?price=2100-2200&limit=10&cat=10 HTTP/1.1" - -
157.55.39.237 - - [11/Oct/2016:15:58:32 +0152] "GET /loja/vestidos-11.html?color=42&mode=grid&dir=desc&order=position HTTP/1.1" - -
207.46.13.14 - - [11/Oct/2016:15:58:37 +0152] "GET /loja.html?p=3&limit=10&color=24&tamanho=21&order=position&dir=desc&cat=9 HTTP/1.1" - -
207.46.13.33 - - [11/Oct/2016:15:59:00 +0152] "GET /loja/vestidos-11/maes.html?tamanho=13&mode=list HTTP/1.1" - -
207.46.13.33 - - [11/Oct/2016:15:59:01 +0152] "GET /loja/vestidos-11/maes.html?color=44&price=2000-&order=position&dir=desc HTTP/1.1" - -
207.46.13.14 - - [11/Oct/2016:15:59:04 +0152] "GET /loja.html?p=1&price=3000-&limit=15 HTTP/1.1" - -
207.46.13.14 - - [11/Oct/2016:15:59:50 +0152] "GET /loja.html?cat=7&tamanho=13&order=price&dir=asc&mode=grid HTTP/1.1" - -
