207.46.13.14 - - [11/Oct/2016:14:26:14 +0152] "GET /loja.html?color=41&p=2&mode=list&cat=7 HTTP/1.1" - -
207.46.13.14 - - [11/Oct/2016:14:26:15 +0152] "GET /loja.html?limit=10&mode=list&color=26&price=2000-2100&tamanho=20&cat=8 HTTP/1.1" - -
157.55.39.110 - - [11/Oct/2016:14:26:26 +0152] "GET /loja/vestidos-11/madrinhas.html?color=38&price=2150-&tamanho=13&limit=15 HTTP/1.1" - -
157.55.39.110 - - [11/Oct/2016:14:26:27 +0152] "GET /loja.html?color=4&price=2000-&limit=15 HTTP/1.1" - -
207.46.13.49 - - [11/Oct/2016:14:26:37 +0152] "GET /loja.html?tamanho=21&mode=list&dir=desc&order=position HTTP/1.1" - -
207.46.13.49 - - [11/Oct/2016:14:26:37 +0152] "GET /loja.html?limit=15&mode=list&color=28&price=1000-2000&order=position&dir=desc HTTP/1.1" - -
157.55.39.110 - - [11/Oct/2016:14:26:40 +0152] "GET /loja.html?p=2&limit=15&mode=list&color=30&price=2100-2200&tamanho=21&cat=7 HTTP/1.1" - -
207.46.13.14 - - [11/Oct/2016:14:26:51 +0152] "GET /loja.html?color=38&price=2000-3000&tamanho=21&order=price&dir=asc HTTP/1.1" - -
180.76.15.136 - - [11/Oct/2016:14:27:43 +0152] "GET / HTTP/1.1" - -
207.46.13.14 - - [11/Oct/2016:14:28:08 +0152] "GET /loja.html?color=38&price=2000-3000&order=price&dir=desc HTTP/1.1" - -
180.76.15.154 - - [11/Oct/2016:14:28:19 +0152] "GET / HTTP/1.1" - -
207.46.13.14 - - [11/Oct/2016:14:28:20 +0152] "GET /loja.html?color=42&p=1&limit=15&mode=list HTTP/1.1" - -
207.46.13.14 - - [11/Oct/2016:14:28:21 +0152] "GET /loja/vestidos-11.html?color=33&price=2400-2500&mode=list HTTP/1.1" - -
157.55.39.110 - - [11/Oct/2016:14:28:45 +0152] "GET /loja.html?mode=list&price=2000-3000&tamanho=12&order=price&dir=desc&cat=10 HTTP/1.1" - -
66.249.79.52 - - [11/Oct/2016:14:29:24 +0152] "GET /robots.txt HTTP/1.1" - -
66.249.79.52 - - [11/Oct/2016:14:29:24 +0152] "GET / HTTP/1.1" - -
207.46.13.14 - - [11/Oct/2016:14:29:26 +0152] "GET /loja.html?p=2&price=2000-&tamanho=21&mode=list HTTP/1.1" - -
207.46.13.14 - - [11/Oct/2016:14:29:59 +0152] "GET /loja.html?mode=list&color=30&tamanho=22&order=price&dir=desc&cat=9 HTTP/1.1" - -
207.46.13.14 - - [11/Oct/2016:14:30:00 +0152] "GET /loja/vestidos-11.html?color=30&price=2100-2200&tamanho=22&mode=list&cat=9 HTTP/1.1" - -
207.46.13.14 - - [11/Oct/2016:14:30:01 +0152] "GET /loja.html?limit=10&mode=list&color=40&price=2000-3000&tamanho=13&cat=9 HTTP/1.1" - -
157.55.39.110 - - [11/Oct/2016:14:30:28 +0152] "GET /loja.html?p=3&tamanho=17&mode=list&dir=asc&order=price HTTP/1.1" - -
46.172.91.188 - - [11/Oct/2016:14:30:38 +0152] "GET /media-tmp-menu68.php HTTP/1.1" - -
46.172.91.188 - - [11/Oct/2016:14:30:39 +0152] "GET /errors-default-wp-info.php?admin=1 HTTP/1.1" - -
46.172.91.188 - - [11/Oct/2016:14:30:39 +0152] "GET /errors/404.php?index=1 HTTP/1.1" - -
46.172.91.188 - - [11/Oct/2016:14:30:39 +0152] "GET /errors/default/content-comments.php HTTP/1.1" - -
46.172.91.188 - - [11/Oct/2016:14:30:39 +0152] "GET /errors/default/error/log.php HTTP/1.1" - -
46.172.91.188 - - [11/Oct/2016:14:30:40 +0152] "GET /errors/default/wp-info.php?admin=1 HTTP/1.1" - -
46.172.91.188 - - [11/Oct/2016:14:30:40 +0152] "GET /errors/report.php HTTP/1.1" - -
207.46.13.14 - - [11/Oct/2016:14:30:41 +0152] "GET /loja.html?p=3&limit=10&color=40&tamanho=21&order=position&dir=desc&cat=7 HTTP/1.1" - -
207.46.13.14 - - [11/Oct/2016:14:30:41 +0152] "GET /loja/vestidos-11/madrinhas.html?color=37&price=3860-&limit=10&mode=grid HTTP/1.1" - -
157.55.39.85 - - [11/Oct/2016:14:31:42 +0152] "GET /loja/vestidos-11.html?color=27&p=2&tamanho=21&cat=10 HTTP/1.1" - -
157.55.39.85 - - [11/Oct/2016:14:31:42 +0152] "GET /loja/vestidos-11.html?color=47&cat=9&order=position&dir=asc&mode=list HTTP/1.1" - -
157.55.39.85 - - [11/Oct/2016:14:31:42 +0152] "GET /loja.html?color=44&price=2060-&limit=30&cat=7 HTTP/1.1" - -
157.55.39.85 - - [11/Oct/2016:14:31:43 +0152] "GET /loja.html?p=2&price=2000-3000&mode=list HTTP/1.1" - -
157.55.39.85 - - [11/Oct/2016:14:31:43 +0152] "GET /loja.html?cat=7&tamanho=21&order=position&dir=desc&mode=list HTTP/1.1" - -
157.55.39.85 - - [11/Oct/2016:14:31:43 +0152] "GET /loja.html?price=2600-&mode=list&cat=10 HTTP/1.1" - -
157.55.39.85 - - [11/Oct/2016:14:31:43 +0152] "GET /loja.html?mode=list&color=28&tamanho=21&order=price&dir=desc&cat=10 HTTP/1.1" - -
157.55.39.85 - - [11/Oct/2016:14:31:43 +0152] "GET /loja.html?color=38&price=2150-&tamanho=13&order=position&dir=asc&cat=7 HTTP/1.1" - -
157.55.39.85 - - [11/Oct/2016:14:31:43 +0152] "GET /loja.html?color=24&tamanho=18&order=price&dir=desc&cat=7 HTTP/1.1" - -
157.55.39.85 - - [11/Oct/2016:14:31:44 +0152] "GET /loja.html?price=2900-&order=position&dir=desc&cat=10 HTTP/1.1" - -
157.55.39.85 - - [11/Oct/2016:14:31:44 +0152] "GET /loja.html?color=47&price=2000-3000&tamanho=13&order=position&dir=asc&cat=10 HTTP/1.1" - -
157.55.39.85 - - [11/Oct/2016:14:31:44 +0152] "GET /loja.html?p=2&price=2060-&tamanho=17&order=price&dir=desc&cat=9 HTTP/1.1" - -
157.55.39.85 - - [11/Oct/2016:14:31:44 +0152] "GET /loja/vestidos-11/maes.html?color=36&tamanho=21&mode=list HTTP/1.1" - -
157.55.39.85 - - [11/Oct/2016:14:31:44 +0152] "GET /loja.html?p=3&price=1000-2000&tamanho=13&order=price&dir=desc&cat=8 HTTP/1.1" - -
157.55.39.85 - - [11/Oct/2016:14:31:44 +0152] "GET /loja.html?color=26&p=2&tamanho=20&cat=7 HTTP/1.1" - -
157.55.39.85 - - [11/Oct/2016:14:31:45 +0152] "GET /loja.html?mode=list&color=4&price=2830-&tamanho=13&order=price&dir=desc&cat=7 HTTP/1.1" - -
157.55.39.85 - - [11/Oct/2016:14:31:47 +0152] "GET /loja/vestidos-11.html?color=34&tamanho=13&cat=9 HTTP/1.1" - -
157.55.39.85 - - [11/Oct/2016:14:31:47 +0152] "GET /loja/vestidos-11.html?color=46&price=1000-2000&mode=list&cat=8 HTTP/1.1" - -
157.55.39.85 - - [11/Oct/2016:14:31:47 +0152] "GET /loja.html?color=4&price=3270-&tamanho=20&order=position&dir=asc&cat=7 HTTP/1.1" - -
157.55.39.85 - - [11/Oct/2016:14:31:47 +0152] "GET /loja.html?color=27&p=2&tamanho=21&mode=grid&cat=7 HTTP/1.1" - -
157.55.39.85 - - [11/Oct/2016:14:31:47 +0152] "GET /loja.html?color=28&price=2000-3000&order=price&dir=desc HTTP/1.1" - -
157.55.39.85 - - [11/Oct/2016:14:31:48 +0152] "GET /loja.html?color=42&price=2060-&tamanho=21&limit=30&mode=grid HTTP/1.1" - -
157.55.39.85 - - [11/Oct/2016:14:31:48 +0152] "GET /loja/vestidos-11.html?color=4&tamanho=22&order=position&dir=desc&cat=8 HTTP/1.1" - -
157.55.39.85 - - [11/Oct/2016:14:31:48 +0152] "GET /loja.html?color=33&limit=30&order=position&dir=asc&cat=8 HTTP/1.1" - -
157.55.39.85 - - [11/Oct/2016:14:31:49 +0152] "GET /loja.html?color=44&p=2&limit=15&cat=8 HTTP/1.1" - -
157.55.39.85 - - [11/Oct/2016:14:31:49 +0152] "GET /loja.html?p=3&limit=30&mode=list&color=44&price=2000-3000&tamanho=13 HTTP/1.1" - -
157.55.39.85 - - [11/Oct/2016:14:31:49 +0152] "GET /loja.html?price=2000-3000&tamanho=20&limit=10&mode=list&cat=9 HTTP/1.1" - -
157.55.39.85 - - [11/Oct/2016:14:31:49 +0152] "GET /loja.html?p=3&limit=10&mode=list&color=42&tamanho=21&cat=8 HTTP/1.1" - -
157.55.39.85 - - [11/Oct/2016:14:31:50 +0152] "GET /loja/vestidos-11/maes.html?color=38&price=1000-2000&tamanho=21 HTTP/1.1" - -
157.55.39.85 - - [11/Oct/2016:14:31:50 +0152] "GET /loja.html?limit=15&mode=list&color=40&price=2830-&tamanho=12&cat=7 HTTP/1.1" - -
157.55.39.110 - - [11/Oct/2016:14:32:25 +0152] "GET /loja/vestidos-11.html?color=42&price=2060-&tamanho=17&order=position&dir=desc HTTP/1.1" - -
157.55.39.110 - - [11/Oct/2016:14:32:25 +0152] "GET /loja/vestidos-11/maes.html?color=48&tamanho=22&mode=list&dir=desc&order=position HTTP/1.1" - -
157.55.39.110 - - [11/Oct/2016:14:32:25 +0152] "GET /loja/vestidos-11.html?color=26&p=3&order=position&dir=asc&cat=10 HTTP/1.1" - -
157.55.39.110 - - [11/Oct/2016:14:32:26 +0152] "GET /loja.html?mode=list&color=33&price=2900-&order=position&dir=desc&cat=7 HTTP/1.1" - -
207.46.13.49 - - [11/Oct/2016:14:32:33 +0152] "GET /loja.html?color=30&price=2000-3000&cat=10 HTTP/1.1" - -
207.46.13.49 - - [11/Oct/2016:14:32:33 +0152] "GET /loja.html?p=2&limit=15&mode=list&color=39&order=position&dir=desc HTTP/1.1" - -
207.46.13.49 - - [11/Oct/2016:14:32:36 +0152] "GET /loja.html?color=42&p=3&price=2060-&order=position&dir=asc HTTP/1.1" - -
66.249.79.107 - - [11/Oct/2016:14:33:35 +0152] "GET /robots.txt HTTP/1.1" - -
66.249.79.107 - - [11/Oct/2016:14:33:35 +0152] "GET /calcas.html?color=24&mode=list&dir=asc&order=price HTTP/1.1" - -
157.55.39.110 - - [11/Oct/2016:14:33:40 +0152] "GET /loja.html?color=27&price=2060-&tamanho=17&limit=30&cat=9 HTTP/1.1" - -
207.46.13.49 - - [11/Oct/2016:14:33:50 +0152] "GET /loja/vestidos-11/maes.html?color=26&tamanho=13&mode=list&dir=asc&order=position HTTP/1.1" - -
207.46.13.14 - - [11/Oct/2016:14:33:54 +0152] "GET /loja.html?limit=15&color=39&price=1980-&order=position&dir=desc&cat=10 HTTP/1.1" - -
207.46.13.14 - - [11/Oct/2016:14:33:55 +0152] "GET /loja/vestidos-11/madrinhas.html?color=34&p=2&tamanho=21&order=position&dir=desc HTTP/1.1" - -
207.46.13.49 - - [11/Oct/2016:14:34:11 +0152] "GET /loja.html?mode=list&color=34&price=2000-3000&order=position&dir=desc&cat=9 HTTP/1.1" - -
207.46.13.49 - - [11/Oct/2016:14:34:40 +0152] "GET /loja.html?limit=10&mode=list&color=26&tamanho=20&order=position&dir=asc&cat=8 HTTP/1.1" - -
207.46.13.49 - - [11/Oct/2016:14:34:41 +0152] "GET /loja.html?color=44&tamanho=20&limit=15&cat=8 HTTP/1.1" - -
207.46.13.49 - - [11/Oct/2016:14:34:41 +0152] "GET /loja.html?color=26&price=2000-3000&tamanho=20&limit=10&mode=list HTTP/1.1" - -
157.55.39.110 - - [11/Oct/2016:14:34:45 +0152] "GET /loja/vestidos-11/madrinhas.html?price=1000-2000&tamanho=13&limit=10&mode=grid HTTP/1.1" - -
157.55.39.110 - - [11/Oct/2016:14:35:44 +0152] "GET /loja.html?color=26&price=2000-&limit=15&mode=grid HTTP/1.1" - -
207.46.13.49 - - [11/Oct/2016:14:36:03 +0152] "GET /loja.html?mode=list&color=28&price=1980-&tamanho=20&order=price&dir=desc&cat=7 HTTP/1.1" - -
207.46.13.49 - - [11/Oct/2016:14:36:04 +0152] "GET /loja.html?mode=list&color=36&tamanho=20&order=price&dir=asc&cat=8 HTTP/1.1" - -
207.46.13.49 - - [11/Oct/2016:14:36:04 +0152] "GET /loja.html?color=38&p=3&tamanho=20&cat=9 HTTP/1.1" - -
157.55.39.110 - - [11/Oct/2016:14:36:15 +0152] "GET /loja.html?price=1000-2000&tamanho=22&order=position&dir=asc&cat=9 HTTP/1.1" - -
157.55.39.110 - - [11/Oct/2016:14:36:15 +0152] "GET /loja/vestidos-11/maes.html?price=2000-3000&tamanho=12&mode=list HTTP/1.1" - -
157.55.39.110 - - [11/Oct/2016:14:36:16 +0152] "GET /loja/vestidos-11/madrinhas.html?color=27&p=2&tamanho=13&limit=15 HTTP/1.1" - -
207.46.13.14 - - [11/Oct/2016:14:36:25 +0152] "GET /loja/vestidos-11/formaturas.html?color=26&price=2000-3000&limit=30&mode=list HTTP/1.1" - -
207.46.13.14 - - [11/Oct/2016:14:36:27 +0152] "GET /loja.html?limit=10&mode=list&color=37&price=3000-&order=position&dir=desc&cat=7 HTTP/1.1" - -
207.46.13.14 - - [11/Oct/2016:14:36:27 +0152] "GET /loja.html?tamanho=22&limit=15&order=position&dir=desc HTTP/1.1" - -
207.46.13.49 - - [11/Oct/2016:14:36:28 +0152] "GET /loja.html?limit=15&mode=list&color=44&tamanho=20&order=position&dir=asc HTTP/1.1" - -
207.46.13.49 - - [11/Oct/2016:14:36:28 +0152] "GET /loja.html?color=26&p=3&price=2000-&limit=10&cat=8 HTTP/1.1" - -
207.46.13.49 - - [11/Oct/2016:14:37:45 +0152] "GET /loja.html?p=3&price=2000-3000&tamanho=18&order=position&dir=desc&cat=9 HTTP/1.1" - -
207.46.13.49 - - [11/Oct/2016:14:37:46 +0152] "GET /loja.html?price=3000-&tamanho=13&limit=10&cat=10 HTTP/1.1" - -
157.55.39.110 - - [11/Oct/2016:14:38:14 +0152] "GET /loja.html?p=2&tamanho=18&limit=30&mode=list&cat=8 HTTP/1.1" - -
157.55.39.110 - - [11/Oct/2016:14:38:14 +0152] "GET /loja.html?p=2&color=28&price=2000-3000&tamanho=17&order=position&dir=desc&cat=7 HTTP/1.1" - -
207.46.13.49 - - [11/Oct/2016:14:38:16 +0152] "GET /loja.html?p=3&limit=30&mode=list&price=2000-3000&tamanho=20&cat=7 HTTP/1.1" - -
207.46.13.49 - - [11/Oct/2016:14:38:17 +0152] "GET /loja/vestidos-11.html?color=27&price=2800-&mode=list&dir=desc&order=position HTTP/1.1" - -
207.46.13.49 - - [11/Oct/2016:14:38:35 +0152] "GET /loja.html?limit=30&mode=grid&color=26&price=2000-3000&tamanho=13&cat=9 HTTP/1.1" - -
66.249.79.107 - - [11/Oct/2016:14:38:35 +0152] "GET /catalogsearch/result/index/?color=138&q=s s df&tamanho=128&limit=15 HTTP/1.1" - -
157.55.39.110 - - [11/Oct/2016:14:38:56 +0152] "GET /loja.html?p=2&price=1000-2000&mode=list&cat=10 HTTP/1.1" - -
157.55.39.110 - - [11/Oct/2016:14:38:56 +0152] "GET /loja/vestidos-11.html?color=26&order=position&dir=desc&cat=9 HTTP/1.1" - -
157.55.39.110 - - [11/Oct/2016:14:38:57 +0152] "GET /loja.html?color=26&price=2000-&limit=15&mode=grid HTTP/1.1" - -
157.55.39.110 - - [11/Oct/2016:14:39:42 +0152] "GET /loja.html?color=33&price=2980-&tamanho=20&order=position&dir=desc&cat=8 HTTP/1.1" - -
157.55.39.110 - - [11/Oct/2016:14:39:42 +0152] "GET /loja.html?color=30&order=position&dir=desc&cat=8 HTTP/1.1" - -
157.55.39.110 - - [11/Oct/2016:14:39:42 +0152] "GET /loja.html?p=1&price=2290-&tamanho=18&limit=15 HTTP/1.1" - -
207.46.13.49 - - [11/Oct/2016:14:39:54 +0152] "GET /loja/vestidos-11.html?price=1000-2000&tamanho=13&mode=grid&cat=9 HTTP/1.1" - -
207.46.13.49 - - [11/Oct/2016:14:39:55 +0152] "GET /loja.html?p=3&limit=30&mode=list&color=26&price=2000-3000&tamanho=13&cat=8 HTTP/1.1" - -
207.46.13.14 - - [11/Oct/2016:14:40:13 +0152] "GET /loja/vestidos-11.html?p=1&tamanho=20&cat=8 HTTP/1.1" - -
157.55.39.237 - - [11/Oct/2016:14:40:17 +0152] "GET /loja/vestidos-11.html?color=47&price=2780-&tamanho=13&mode=list&cat=8 HTTP/1.1" - -
157.55.39.110 - - [11/Oct/2016:14:40:26 +0152] "GET /loja.html?p=2&limit=10&mode=list&color=27&price=2000-2100&cat=7 HTTP/1.1" - -
157.55.39.237 - - [11/Oct/2016:14:40:30 +0152] "GET /loja.html?price=1000-2000&tamanho=13&limit=10&cat=10 HTTP/1.1" - -
157.55.39.237 - - [11/Oct/2016:14:40:30 +0152] "GET /loja.html?color=36&price=2000-&tamanho=21&cat=7 HTTP/1.1" - -
157.55.39.237 - - [11/Oct/2016:14:40:30 +0152] "GET /loja.html?color=40&tamanho=12&mode=list&cat=8 HTTP/1.1" - -
207.46.13.14 - - [11/Oct/2016:14:40:36 +0152] "GET /loja/vestidos-11.html?p=3&tamanho=22&mode=list HTTP/1.1" - -
207.46.13.14 - - [11/Oct/2016:14:40:36 +0152] "GET /loja.html?limit=10&mode=list&color=34&price=2000-3000&tamanho=13&cat=8 HTTP/1.1" - -
207.46.13.49 - - [11/Oct/2016:14:40:40 +0152] "GET /loja.html?color=37&mode=grid&cat=10 HTTP/1.1" - -
157.55.39.85 - - [11/Oct/2016:14:41:14 +0152] "GET /loja.html?color=26&tamanho=21&order=price&dir=asc&cat=10 HTTP/1.1" - -
157.55.39.85 - - [11/Oct/2016:14:41:14 +0152] "GET /loja/vestidos-11/madrinhas.html?color=41&p=2&order=position&dir=desc HTTP/1.1" - -
157.55.39.85 - - [11/Oct/2016:14:41:14 +0152] "GET /loja.html?mode=grid&color=44&tamanho=13&order=price&dir=asc&cat=7 HTTP/1.1" - -
157.55.39.85 - - [11/Oct/2016:14:41:15 +0152] "GET /loja/vestidos-11/madrinhas.html?color=26&limit=10&order=position&dir=desc HTTP/1.1" - -
157.55.39.85 - - [11/Oct/2016:14:41:15 +0152] "GET /loja.html?color=46&tamanho=21&limit=30&mode=grid HTTP/1.1" - -
157.55.39.85 - - [11/Oct/2016:14:41:15 +0152] "GET /loja/vestidos-11/formaturas.html?color=41&p=2&order=position&dir=desc HTTP/1.1" - -
157.55.39.85 - - [11/Oct/2016:14:41:15 +0152] "GET /loja/vestidos-11/formaturas.html?color=27&price=2000-3000&order=position&dir=desc HTTP/1.1" - -
157.55.39.85 - - [11/Oct/2016:14:41:15 +0152] "GET /loja/vestidos-11.html?color=4&price=3000-&cat=10 HTTP/1.1" - -
157.55.39.85 - - [11/Oct/2016:14:41:15 +0152] "GET /loja.html?color=36&price=2900-&limit=30&cat=9 HTTP/1.1" - -
157.55.39.85 - - [11/Oct/2016:14:41:16 +0152] "GET /loja/vestidos-11.html?color=4&price=3270-&tamanho=20&cat=8 HTTP/1.1" - -
157.55.39.85 - - [11/Oct/2016:14:41:16 +0152] "GET /loja/vestidos-11/madrinhas.html?color=38&price=2000-3000&tamanho=13 HTTP/1.1" - -
157.55.39.85 - - [11/Oct/2016:14:41:16 +0152] "GET /loja/vestidos-11.html?color=47&price=2000-3000&tamanho=13&order=position&dir=asc HTTP/1.1" - -
157.55.39.85 - - [11/Oct/2016:14:41:16 +0152] "GET /loja.html?limit=30&mode=list&color=26&price=2000-3000&tamanho=22&cat=8 HTTP/1.1" - -
157.55.39.85 - - [11/Oct/2016:14:41:16 +0152] "GET /loja/vestidos-11.html?color=46&mode=grid&dir=desc&order=position HTTP/1.1" - -
157.55.39.85 - - [11/Oct/2016:14:41:16 +0152] "GET /loja.html?color=27&price=2000-3000&tamanho=22&limit=30 HTTP/1.1" - -
157.55.39.85 - - [11/Oct/2016:14:41:17 +0152] "GET /loja.html?p=3&color=44&price=2000-3000&order=position&dir=asc&cat=7 HTTP/1.1" - -
157.55.39.85 - - [11/Oct/2016:14:41:17 +0152] "GET /loja.html?p=2&limit=10&mode=list&color=28&order=position&dir=asc HTTP/1.1" - -
157.55.39.85 - - [11/Oct/2016:14:41:17 +0152] "GET /loja/vestidos-11.html?price=2830-&tamanho=12&order=position&dir=asc&cat=9 HTTP/1.1" - -
157.55.39.85 - - [11/Oct/2016:14:41:17 +0152] "GET /loja/vestidos-11.html?color=26&price=2000-3000&order=position&dir=asc&cat=8 HTTP/1.1" - -
157.55.39.85 - - [11/Oct/2016:14:41:18 +0152] "GET /loja.html?color=42&price=2000-3000&tamanho=13&order=price&dir=desc HTTP/1.1" - -
157.55.39.85 - - [11/Oct/2016:14:41:18 +0152] "GET /loja.html?color=39&cat=7&order=position&dir=asc&mode=list HTTP/1.1" - -
157.55.39.85 - - [11/Oct/2016:14:41:18 +0152] "GET /loja.html?color=26&tamanho=13&cat=10 HTTP/1.1" - -
157.55.39.85 - - [11/Oct/2016:14:41:18 +0152] "GET /loja.html?color=27&price=2100-2200&order=position&dir=desc&cat=9 HTTP/1.1" - -
157.55.39.85 - - [11/Oct/2016:14:41:18 +0152] "GET /loja.html?p=2&color=47&price=2000-3000&order=position&dir=desc&cat=8 HTTP/1.1" - -
157.55.39.85 - - [11/Oct/2016:14:41:18 +0152] "GET /loja/vestidos-11.html?mode=list&color=42&tamanho=17&order=position&dir=asc&cat=8 HTTP/1.1" - -
157.55.39.85 - - [11/Oct/2016:14:41:19 +0152] "GET /loja.html?color=24&tamanho=18&limit=15&order=position&dir=desc HTTP/1.1" - -
157.55.39.85 - - [11/Oct/2016:14:41:19 +0152] "GET /loja/vestidos-11.html?color=41&price=2000-3000&tamanho=13 HTTP/1.1" - -
157.55.39.85 - - [11/Oct/2016:14:41:19 +0152] "GET /loja.html?limit=15&mode=list&color=27&price=2800-&tamanho=21&cat=7 HTTP/1.1" - -
157.55.39.85 - - [11/Oct/2016:14:41:19 +0152] "GET /loja.html?color=41&price=2000-3000&tamanho=13&order=position&dir=asc&cat=9 HTTP/1.1" - -
157.55.39.85 - - [11/Oct/2016:14:41:19 +0152] "GET /loja.html?p=2&limit=30&mode=list&color=44&price=2000-3000&tamanho=13 HTTP/1.1" - -
157.55.39.237 - - [11/Oct/2016:14:41:44 +0152] "GET /loja/vestidos-11/madrinhas.html?color=26&p=3&tamanho=21&mode=list HTTP/1.1" - -
157.55.39.237 - - [11/Oct/2016:14:41:44 +0152] "GET /loja/vestidos-11/maes.html?color=38&p=2&tamanho=21&order=position&dir=desc HTTP/1.1" - -
157.55.39.237 - - [11/Oct/2016:14:41:45 +0152] "GET /loja.html?limit=10&mode=list&color=4&price=3000-&tamanho=22&cat=9 HTTP/1.1" - -
157.55.39.110 - - [11/Oct/2016:14:41:57 +0152] "GET /loja.html?color=44&price=2000-3000&tamanho=20&order=position&dir=desc HTTP/1.1" - -
157.55.39.110 - - [11/Oct/2016:14:41:57 +0152] "GET /loja.html?color=44&tamanho=20&order=position&dir=desc HTTP/1.1" - -
207.46.13.14 - - [11/Oct/2016:14:42:01 +0152] "GET /loja.html?color=26&price=2000-3000&tamanho=13&limit=10&cat=8 HTTP/1.1" - -
207.46.13.49 - - [11/Oct/2016:14:42:12 +0152] "GET /loja/vestidos-11.html?color=42&tamanho=13&limit=30 HTTP/1.1" - -
207.46.13.49 - - [11/Oct/2016:14:42:12 +0152] "GET /loja.html?color=41&order=position&dir=desc&cat=9 HTTP/1.1" - -
157.55.39.237 - - [11/Oct/2016:14:42:19 +0152] "GET /loja.html?p=3&price=2000-3000&tamanho=18&cat=9 HTTP/1.1" - -
157.55.39.237 - - [11/Oct/2016:14:42:21 +0152] "GET /loja.html?color=37&tamanho=13&mode=list&dir=desc&order=price HTTP/1.1" - -
157.55.39.110 - - [11/Oct/2016:14:42:27 +0152] "GET /loja.html?color=48&price=3270-&tamanho=22&order=price&dir=desc&cat=8 HTTP/1.1" - -
207.46.13.14 - - [11/Oct/2016:14:42:33 +0152] "GET /loja.html?p=3&tamanho=21&mode=list&dir=desc&order=position HTTP/1.1" - -
207.46.13.49 - - [11/Oct/2016:14:42:36 +0152] "GET /loja.html?p=2&color=26&tamanho=13&order=position&dir=desc&cat=10 HTTP/1.1" - -
207.46.13.49 - - [11/Oct/2016:14:42:36 +0152] "GET /loja/vestidos-11.html?color=37&price=3860-&mode=list&cat=10 HTTP/1.1" - -
157.55.39.237 - - [11/Oct/2016:14:42:42 +0152] "GET /loja.html?color=40&p=3&mode=list&dir=asc&order=price HTTP/1.1" - -
207.46.13.14 - - [11/Oct/2016:14:42:46 +0152] "GET /loja.html?limit=15&color=40&tamanho=13&order=position&dir=desc&cat=10 HTTP/1.1" - -
207.46.13.14 - - [11/Oct/2016:14:42:46 +0152] "GET /loja.html?color=44&price=2600-&limit=15&mode=list HTTP/1.1" - -
157.55.39.110 - - [11/Oct/2016:14:42:51 +0152] "GET /loja.html?color=28&p=3&tamanho=20&limit=30&mode=list HTTP/1.1" - -
157.55.39.110 - - [11/Oct/2016:14:42:51 +0152] "GET /loja/vestidos-11/madrinhas.html?p=3&tamanho=13&mode=list HTTP/1.1" - -
207.46.13.49 - - [11/Oct/2016:14:43:43 +0152] "GET /loja.html?color=42&p=2&tamanho=13&limit=15 HTTP/1.1" - -
173.252.121.119 - - [11/Oct/2016:14:44:14 +0152] "GET / HTTP/1.1" - -
207.46.13.49 - - [11/Oct/2016:14:44:16 +0152] "GET /loja.html?color=27&tamanho=22&limit=10&order=position&dir=desc HTTP/1.1" - -
157.55.39.237 - - [11/Oct/2016:14:44:20 +0152] "GET /loja/vestidos-11.html?p=3&price=2100-2200&order=position&dir=desc HTTP/1.1" - -
157.55.39.110 - - [11/Oct/2016:14:44:26 +0152] "GET /loja.html?mode=grid&color=26&tamanho=13&order=price&dir=asc&cat=8 HTTP/1.1" - -
157.55.39.110 - - [11/Oct/2016:14:44:27 +0152] "GET /loja.html?color=24&p=2&price=2400- HTTP/1.1" - -
157.55.39.110 - - [11/Oct/2016:14:44:28 +0152] "GET /loja.html?color=27&tamanho=17&cat=10 HTTP/1.1" - -
207.46.13.49 - - [11/Oct/2016:14:44:30 +0152] "GET /loja/vestidos-11/madrinhas.html?color=26&price=1000-2000&mode=grid HTTP/1.1" - -
207.46.13.49 - - [11/Oct/2016:14:44:30 +0152] "GET /loja.html?color=40&tamanho=12&cat=9&p=3&limit=10&mode=list&order=position&dir=desc HTTP/1.1" - -
207.46.13.49 - - [11/Oct/2016:14:44:30 +0152] "GET /loja.html?color=46&price=2750-&tamanho=13&limit=10&cat=7 HTTP/1.1" - -
207.46.13.14 - - [11/Oct/2016:14:44:42 +0152] "GET /loja.html?color=44&p=3&price=2000-3000&order=position&dir=asc HTTP/1.1" - -
207.46.13.14 - - [11/Oct/2016:14:44:42 +0152] "GET /loja.html?p=2&price=3000-&order=position&dir=desc&cat=8 HTTP/1.1" - -
157.55.39.110 - - [11/Oct/2016:14:44:50 +0152] "GET /loja.html?color=44&order=position&dir=desc&cat=9 HTTP/1.1" - -
157.55.39.237 - - [11/Oct/2016:14:45:50 +0152] "GET /loja.html?color=30&price=2100-2200&limit=10&mode=grid&cat=9 HTTP/1.1" - -
157.55.39.237 - - [11/Oct/2016:14:45:50 +0152] "GET /loja/vestidos-11/madrinhas.html?color=36&tamanho=21&limit=10&mode=grid HTTP/1.1" - -
207.46.13.14 - - [11/Oct/2016:14:46:02 +0152] "GET /loja/vestido-jovani-946a.html HTTP/1.1" - -
207.46.13.14 - - [11/Oct/2016:14:46:03 +0152] "GET /loja.html?color=37&price=3000-&tamanho=13&order=price&dir=desc HTTP/1.1" - -
157.55.39.237 - - [11/Oct/2016:14:46:05 +0152] "GET /loja/vestidos-11/madrinhas.html?color=4&tamanho=22 HTTP/1.1" - -
157.55.39.110 - - [11/Oct/2016:14:46:18 +0152] "GET /loja.html?p=3&color=26&price=2000-3000&tamanho=13&order=position&dir=asc&cat=7 HTTP/1.1" - -
157.55.39.110 - - [11/Oct/2016:14:46:18 +0152] "GET /loja.html?color=4&mode=grid&dir=desc&order=price HTTP/1.1" - -
157.55.39.110 - - [11/Oct/2016:14:46:20 +0152] "GET /loja/vestidos-11.html?color=28&price=2060-&tamanho=17&cat=10 HTTP/1.1" - -
207.46.13.49 - - [11/Oct/2016:14:46:21 +0152] "GET /loja.html?p=2&mode=list&color=26&price=1000-2000&order=price&dir=asc&cat=9 HTTP/1.1" - -
157.55.39.237 - - [11/Oct/2016:14:46:27 +0152] "GET /loja.html?mode=list&color=27&tamanho=22&order=price&dir=asc&cat=7 HTTP/1.1" - -
207.46.13.14 - - [11/Oct/2016:14:46:34 +0152] "GET /loja/vestidos-11/maes.html?color=27&mode=list&dir=asc&order=position HTTP/1.1" - -
207.46.13.14 - - [11/Oct/2016:14:46:34 +0152] "GET /loja.html?price=2000-3000&tamanho=18&limit=10&mode=list&cat=9 HTTP/1.1" - -
207.46.13.14 - - [11/Oct/2016:14:46:35 +0152] "GET /loja.html?color=27&tamanho=17&order=position&dir=asc&cat=9 HTTP/1.1" - -
207.46.13.14 - - [11/Oct/2016:14:46:35 +0152] "GET /loja.html?limit=10&mode=grid&color=27&price=2060-&tamanho=17&cat=9 HTTP/1.1" - -
207.46.13.14 - - [11/Oct/2016:14:46:35 +0152] "GET /loja/vestidos-11/madrinhas.html?color=38&price=1000-2000&tamanho=20&mode=grid HTTP/1.1" - -
207.46.13.14 - - [11/Oct/2016:14:46:35 +0152] "GET /loja.html?mode=grid&color=26&price=2000-3000&tamanho=20&order=price&dir=asc HTTP/1.1" - -
157.55.39.110 - - [11/Oct/2016:14:46:39 +0152] "GET /loja/vestidos-11/maes.html?color=40&price=2860- HTTP/1.1" - -
157.55.39.110 - - [11/Oct/2016:14:46:39 +0152] "GET /loja/vestidos-11.html?color=42&mode=grid&dir=asc&order=position HTTP/1.1" - -
157.55.39.110 - - [11/Oct/2016:14:46:39 +0152] "GET /loja.html?color=24&p=2&limit=10&mode=list&cat=9 HTTP/1.1" - -
157.55.39.237 - - [11/Oct/2016:14:46:44 +0152] "GET /loja.html?color=40&p=2&order=position&dir=desc&cat=9 HTTP/1.1" - -
157.55.39.237 - - [11/Oct/2016:14:46:44 +0152] "GET /loja.html?color=4&price=2830-&limit=30&mode=list HTTP/1.1" - -
207.46.13.14 - - [11/Oct/2016:14:46:54 +0152] "GET /loja.html?limit=10&color=27&price=2100-2200&order=position&dir=desc&cat=9 HTTP/1.1" - -
66.249.79.103 - - [11/Oct/2016:14:47:21 +0152] "GET /catalogsearch/result/index/?q=s s df&limit=12&mode=list&color=26&order=name&dir=asc HTTP/1.1" - -
66.249.79.99 - - [11/Oct/2016:14:47:28 +0152] "GET /catalogsearch/result/index/?q=s s df&price=100-&limit=12&order=name&dir=asc HTTP/1.1" - -
66.249.79.99 - - [11/Oct/2016:14:47:33 +0152] "GET /catalogsearch/result/index/?color=137&q=na&price=-100&tamanho=130 HTTP/1.1" - -
66.249.79.99 - - [11/Oct/2016:14:47:34 +0152] "GET /bermudas.html?price=70-&tamanho=127&limit=4&mode=list HTTP/1.1" - -
157.55.39.110 - - [11/Oct/2016:14:47:54 +0152] "GET /loja.html?color=44&price=2000-3000&tamanho=13&order=position&dir=desc&cat=9 HTTP/1.1" - -
157.55.39.110 - - [11/Oct/2016:14:47:55 +0152] "GET /loja.html?tamanho=12&mode=list&cat=9 HTTP/1.1" - -
207.46.13.14 - - [11/Oct/2016:14:48:00 +0152] "GET /loja.html?color=26&price=2700-&tamanho=13&cat=7&p=3&mode=list&order=price&dir=asc HTTP/1.1" - -
157.55.39.110 - - [11/Oct/2016:14:48:11 +0152] "GET /loja.html?color=36&tamanho=20&mode=list&cat=10 HTTP/1.1" - -
207.46.13.14 - - [11/Oct/2016:14:48:16 +0152] "GET /loja/vestidos-11.html?price=1000-2000&tamanho=20&mode=grid&dir=desc&order=position HTTP/1.1" - -
157.55.39.237 - - [11/Oct/2016:14:48:20 +0152] "GET /loja/vestidos-11.html?color=33&cat=8&order=position&dir=asc&mode=list HTTP/1.1" - -
207.46.13.49 - - [11/Oct/2016:14:48:38 +0152] "GET /loja.html?color=48&p=2&tamanho=22 HTTP/1.1" - -
66.249.79.99 - - [11/Oct/2016:14:48:38 +0152] "GET /catalogsearch/result/index/?q=s s df&color=22&price=80-90&tamanho=128&order=price&dir=asc HTTP/1.1" - -
207.46.13.49 - - [11/Oct/2016:14:48:38 +0152] "GET /loja.html?color=46&price=2000-&limit=30&order=position&dir=asc HTTP/1.1" - -
207.46.13.49 - - [11/Oct/2016:14:48:38 +0152] "GET /loja.html?mode=grid&color=47&tamanho=13&order=price&dir=desc&cat=7 HTTP/1.1" - -
207.46.13.49 - - [11/Oct/2016:14:48:38 +0152] "GET /loja/vestidos-11/formaturas.html?color=24&order=position&dir=desc HTTP/1.1" - -
207.46.13.49 - - [11/Oct/2016:14:48:40 +0152] "GET /loja.html?p=3&limit=10&mode=list&color=37&tamanho=13&cat=7 HTTP/1.1" - -
207.46.13.14 - - [11/Oct/2016:14:48:42 +0152] "GET /loja/vestidos-11/madrinhas.html?color=26&p=2&price=1980-&tamanho=21 HTTP/1.1" - -
66.249.79.99 - - [11/Oct/2016:14:49:01 +0152] "GET /vestidos.html?mode=list&color=138&price=140-&tamanho=127&order=price&dir=asc HTTP/1.1" - -
207.46.13.14 - - [11/Oct/2016:14:49:02 +0152] "GET /loja/vestidos-11.html?color=40&cat=10&order=position&dir=desc&mode=list HTTP/1.1" - -
207.46.13.14 - - [11/Oct/2016:14:49:50 +0152] "GET /loja/vestidos-11/formaturas.html?p=2&price=2800-&tamanho=21 HTTP/1.1" - -
207.46.13.14 - - [11/Oct/2016:14:49:52 +0152] "GET /loja/vestidos-11.html?color=33&p=3&tamanho=20&cat=8 HTTP/1.1" - -
157.55.39.110 - - [11/Oct/2016:14:49:57 +0152] "GET /loja.html?p=2&limit=10&mode=list&color=28&price=1980-&tamanho=20&cat=7 HTTP/1.1" - -
157.55.39.110 - - [11/Oct/2016:14:49:57 +0152] "GET /loja.html?color=36&price=2980-&tamanho=13&order=position&dir=desc&cat=8 HTTP/1.1" - -
207.46.13.14 - - [11/Oct/2016:14:50:14 +0152] "GET /loja.html?p=3&mode=list&color=42&tamanho=21&order=price&dir=asc&cat=9 HTTP/1.1" - -
157.55.39.237 - - [11/Oct/2016:14:50:18 +0152] "GET /loja.html?price=2100-2200&limit=30&cat=9 HTTP/1.1" - -
207.46.13.49 - - [11/Oct/2016:14:50:24 +0152] "GET /loja.html?p=3&limit=10&mode=list&color=4&tamanho=22&cat=8 HTTP/1.1" - -
157.55.39.85 - - [11/Oct/2016:14:50:43 +0152] "GET /loja.html?price=2600-&limit=10&cat=8 HTTP/1.1" - -
157.55.39.85 - - [11/Oct/2016:14:50:43 +0152] "GET /loja.html?p=2&color=26&price=2000-2100&tamanho=20&order=price&dir=asc HTTP/1.1" - -
157.55.39.85 - - [11/Oct/2016:14:50:43 +0152] "GET /loja.html?p=3&limit=30&mode=list&color=26&price=2000-&tamanho=13 HTTP/1.1" - -
157.55.39.85 - - [11/Oct/2016:14:50:43 +0152] "GET /loja.html?limit=30&color=33&tamanho=20&order=position&dir=asc&cat=7 HTTP/1.1" - -
157.55.39.85 - - [11/Oct/2016:14:50:43 +0152] "GET /loja.html?p=2&color=34&tamanho=13&order=price&dir=desc&cat=7 HTTP/1.1" - -
157.55.39.85 - - [11/Oct/2016:14:50:44 +0152] "GET /loja.html?limit=10&mode=list&color=34&price=2000-3000&tamanho=21&cat=7 HTTP/1.1" - -
157.55.39.85 - - [11/Oct/2016:14:50:44 +0152] "GET /loja/vestidos-11.html?p=3&price=2710-&tamanho=20 HTTP/1.1" - -
157.55.39.85 - - [11/Oct/2016:14:50:44 +0152] "GET /loja.html?limit=30&mode=list&color=28&price=2000-&order=position&dir=asc HTTP/1.1" - -
157.55.39.85 - - [11/Oct/2016:14:50:44 +0152] "GET /loja/vestidos-11.html?color=33&price=2400-2500 HTTP/1.1" - -
157.55.39.85 - - [11/Oct/2016:14:50:44 +0152] "GET /loja/vestidos-11/madrinhas.html?color=44&p=2&price=1980-&order=position&dir=desc HTTP/1.1" - -
157.55.39.85 - - [11/Oct/2016:14:50:44 +0152] "GET /loja.html?color=44&tamanho=22&limit=30&mode=grid&cat=7 HTTP/1.1" - -
157.55.39.85 - - [11/Oct/2016:14:50:44 +0152] "GET /loja/vestidos-11/maes.html?color=46&p=2&tamanho=21&mode=list HTTP/1.1" - -
157.55.39.85 - - [11/Oct/2016:14:50:45 +0152] "GET /loja/vestidos-11/madrinhas.html?color=42&price=2060- HTTP/1.1" - -
157.55.39.85 - - [11/Oct/2016:14:50:45 +0152] "GET /loja.html?price=2290-&tamanho=18&mode=list&dir=desc&order=price HTTP/1.1" - -
157.55.39.85 - - [11/Oct/2016:14:50:45 +0152] "GET /loja.html?color=39&price=1980-&limit=10&mode=grid&cat=9 HTTP/1.1" - -
157.55.39.85 - - [11/Oct/2016:14:50:45 +0152] "GET /loja.html?color=37&price=3000-&order=price&dir=asc&cat=7 HTTP/1.1" - -
157.55.39.85 - - [11/Oct/2016:14:50:48 +0152] "GET /loja.html?p=1&tamanho=13&limit=10&cat=10 HTTP/1.1" - -
157.55.39.85 - - [11/Oct/2016:14:50:48 +0152] "GET /loja.html?color=4&tamanho=20&order=position&dir=asc&cat=9 HTTP/1.1" - -
157.55.39.85 - - [11/Oct/2016:14:50:48 +0152] "GET /loja/vestidos-11.html?color=26&p=2&tamanho=20 HTTP/1.1" - -
157.55.39.85 - - [11/Oct/2016:14:50:48 +0152] "GET /loja.html?mode=list&color=40&tamanho=12&order=price&dir=desc&cat=7 HTTP/1.1" - -
157.55.39.85 - - [11/Oct/2016:14:50:49 +0152] "GET /loja/vestidos-11/maes.html?color=24&p=1&mode=list&dir=desc&order=position HTTP/1.1" - -
157.55.39.85 - - [11/Oct/2016:14:50:49 +0152] "GET /loja/vestidos-11/maes.html?color=24&tamanho=18&limit=30&order=position&dir=desc HTTP/1.1" - -
157.55.39.85 - - [11/Oct/2016:14:50:49 +0152] "GET /loja/vestidos-11.html?color=27&price=2800-&order=position&dir=asc&cat=10 HTTP/1.1" - -
157.55.39.85 - - [11/Oct/2016:14:50:49 +0152] "GET /loja.html?color=36&tamanho=21&order=position&dir=asc HTTP/1.1" - -
157.55.39.85 - - [11/Oct/2016:14:50:49 +0152] "GET /loja.html?price=2400-&order=price&dir=asc HTTP/1.1" - -
157.55.39.85 - - [11/Oct/2016:14:50:49 +0152] "GET /loja/vestidos-11/maes.html?p=3&tamanho=18&order=position&dir=desc HTTP/1.1" - -
157.55.39.85 - - [11/Oct/2016:14:50:50 +0152] "GET /loja/vestidos-11/maes.html?p=3&tamanho=17&mode=list&dir=asc&order=position HTTP/1.1" - -
157.55.39.85 - - [11/Oct/2016:14:50:50 +0152] "GET /loja.html?color=33&p=2&tamanho=13&limit=10&cat=8 HTTP/1.1" - -
157.55.39.85 - - [11/Oct/2016:14:50:50 +0152] "GET /loja/vestidos-11/maes.html?color=26&p=1&tamanho=22&mode=list HTTP/1.1" - -
157.55.39.85 - - [11/Oct/2016:14:50:50 +0152] "GET /loja/vestidos-11/maes.html?p=3&mode=list&dir=desc&order=position HTTP/1.1" - -
157.55.39.237 - - [11/Oct/2016:14:51:43 +0152] "GET /loja/vestidos-11/madrinhas.html?color=33&p=3&tamanho=13&order=position&dir=asc HTTP/1.1" - -
157.55.39.237 - - [11/Oct/2016:14:51:53 +0152] "GET /loja.html?color=47&price=2000-&limit=15 HTTP/1.1" - -
207.46.13.49 - - [11/Oct/2016:14:52:02 +0152] "GET /loja.html?color=30&p=1&order=price&dir=asc HTTP/1.1" - -
207.46.13.49 - - [11/Oct/2016:14:52:03 +0152] "GET /loja/vestidos-11.html?color=28&tamanho=13&order=position&dir=desc HTTP/1.1" - -
157.55.39.110 - - [11/Oct/2016:14:52:07 +0152] "GET /loja/vestidos-11.html?price=1000-2000&tamanho=21&order=position&dir=asc&cat=9 HTTP/1.1" - -
207.46.13.14 - - [11/Oct/2016:14:52:15 +0152] "GET /loja/vestidos-11/maes.html?color=33&price=2000-3000&tamanho=20&limit=30 HTTP/1.1" - -
207.46.13.14 - - [11/Oct/2016:14:52:15 +0152] "GET /loja.html?color=39&price=1000-2000&mode=list&dir=asc&order=price HTTP/1.1" - -
207.46.13.49 - - [11/Oct/2016:14:52:26 +0152] "GET /loja.html?color=36&price=2950-2960&tamanho=13&limit=10&cat=7 HTTP/1.1" - -
207.46.13.49 - - [11/Oct/2016:14:52:26 +0152] "GET /loja/vestidos-11/madrinhas.html?color=4&price=2000-3000&tamanho=13&limit=10 HTTP/1.1" - -
207.46.13.49 - - [11/Oct/2016:14:52:27 +0152] "GET /loja/vestidos-11/madrinhas.html?color=30&tamanho=21&mode=grid HTTP/1.1" - -
157.55.39.110 - - [11/Oct/2016:14:52:35 +0152] "GET /loja/vestidos-11.html?price=2000-&tamanho=21&mode=list&cat=10 HTTP/1.1" - -
157.55.39.237 - - [11/Oct/2016:14:52:40 +0152] "GET /loja.html?color=30&p=2&mode=list&dir=desc&order=price HTTP/1.1" - -
207.46.13.14 - - [11/Oct/2016:14:52:45 +0152] "GET /loja.html?mode=grid&color=44&tamanho=20&order=price&dir=asc&cat=7 HTTP/1.1" - -
207.46.13.49 - - [11/Oct/2016:14:53:47 +0152] "GET /loja.html?mode=list&color=27&tamanho=21&order=price&dir=desc&cat=9 HTTP/1.1" - -
207.46.13.49 - - [11/Oct/2016:14:53:48 +0152] "GET /loja.html?limit=30&mode=list&color=44&price=2710-&tamanho=22&order=position&dir=desc HTTP/1.1" - -
207.46.13.49 - - [11/Oct/2016:14:53:48 +0152] "GET /loja.html?price=2860-&tamanho=21&limit=10&mode=list HTTP/1.1" - -
207.46.13.14 - - [11/Oct/2016:14:54:01 +0152] "GET /loja.html?color=38&p=2&tamanho=20&mode=grid&cat=10 HTTP/1.1" - -
157.55.39.110 - - [11/Oct/2016:14:54:05 +0152] "GET /loja.html?p=2&limit=10&mode=list&color=26&tamanho=20&cat=7 HTTP/1.1" - -
157.55.39.237 - - [11/Oct/2016:14:54:13 +0152] "GET /loja.html?color=40&tamanho=12&order=position&dir=desc&cat=9 HTTP/1.1" - -
157.55.39.237 - - [11/Oct/2016:14:54:13 +0152] "GET /loja.html?p=3&mode=list&price=1000-2000&tamanho=21&order=position&dir=desc&cat=7 HTTP/1.1" - -
207.46.13.14 - - [11/Oct/2016:14:54:37 +0152] "GET /loja.html?color=30&tamanho=21&order=position&dir=asc&cat=8 HTTP/1.1" - -
207.46.13.49 - - [11/Oct/2016:14:54:38 +0152] "GET /loja.html?limit=15&color=30&price=2600-&order=position&dir=desc&cat=10 HTTP/1.1" - -
66.249.79.107 - - [11/Oct/2016:14:54:48 +0152] "GET /blusas.html?color=138&tamanho=129&limit=15 HTTP/1.1" - -
157.55.39.237 - - [11/Oct/2016:14:55:59 +0152] "GET /loja/vestidos-11/madrinhas.html?color=26&tamanho=20&mode=list HTTP/1.1" - -
207.46.13.14 - - [11/Oct/2016:14:56:07 +0152] "GET /loja.html?color=30&cat=9&order=price&dir=desc&mode=list HTTP/1.1" - -
157.55.39.110 - - [11/Oct/2016:14:56:20 +0152] "GET /loja.html?color=44&price=2000-3000 HTTP/1.1" - -
157.55.39.110 - - [11/Oct/2016:14:56:20 +0152] "GET /loja/vestidos-11.html?color=47&tamanho=13&order=position&dir=asc&cat=9 HTTP/1.1" - -
157.55.39.237 - - [11/Oct/2016:14:56:29 +0152] "GET /loja/vestidos-11/madrinhas.html?color=39&price=1000-2000&tamanho=13 HTTP/1.1" - -
157.55.39.237 - - [11/Oct/2016:14:56:30 +0152] "GET /loja/vestidos-11/madrinhas.html?color=36&price=2100-2200&tamanho=21&limit=10 HTTP/1.1" - -
157.55.39.237 - - [11/Oct/2016:14:56:31 +0152] "GET /loja.html?color=33&p=3&tamanho=20&limit=10&cat=7 HTTP/1.1" - -
207.46.13.49 - - [11/Oct/2016:14:57:30 +0152] "GET /loja/vestidos-11/madrinhas.html?color=4&limit=15&mode=grid&dir=desc&order=position HTTP/1.1" - -
157.55.39.110 - - [11/Oct/2016:14:57:34 +0152] "GET /loja.html?color=26&tamanho=20&mode=list&cat=9 HTTP/1.1" - -
207.46.13.14 - - [11/Oct/2016:14:57:39 +0152] "GET /loja.html?color=33&price=2900-&tamanho=20&order=position&dir=desc&cat=10 HTTP/1.1" - -
157.55.39.110 - - [11/Oct/2016:14:58:05 +0152] "GET /loja.html?p=2&mode=list&tamanho=12&order=position&dir=desc&cat=7 HTTP/1.1" - -
157.55.39.110 - - [11/Oct/2016:14:58:21 +0152] "GET /loja.html?color=36&p=2&limit=15&mode=grid&cat=7 HTTP/1.1" - -
157.55.39.110 - - [11/Oct/2016:14:58:35 +0152] "GET /loja/vestidos-11/madrinhas.html?color=36&p=2&tamanho=13&limit=10&mode=list HTTP/1.1" - -
157.55.39.110 - - [11/Oct/2016:14:58:35 +0152] "GET /loja/vestidos-11/madrinhas.html?color=39&tamanho=13&limit=30&mode=list HTTP/1.1" - -
207.46.13.14 - - [11/Oct/2016:14:58:47 +0152] "GET /loja.html?color=36&p=3&tamanho=21&limit=30&mode=list HTTP/1.1" - -
157.55.39.110 - - [11/Oct/2016:14:59:42 +0152] "GET /loja.html?mode=grid&color=48&tamanho=22&order=position&dir=desc&cat=7 HTTP/1.1" - -
207.46.13.49 - - [11/Oct/2016:14:59:57 +0152] "GET /loja.html?p=3&mode=list&dir=asc&order=position HTTP/1.1" - -
207.46.13.49 - - [11/Oct/2016:14:59:57 +0152] "GET /loja.html?limit=10&mode=list&color=30&tamanho=22&order=position&dir=desc&cat=8 HTTP/1.1" - -
157.55.39.237 - - [11/Oct/2016:15:00:16 +0152] "GET /loja.html?color=37&tamanho=13&mode=list&cat=8 HTTP/1.1" - -
207.46.13.49 - - [11/Oct/2016:15:00:24 +0152] "GET /loja.html?color=39&tamanho=20&mode=grid&dir=asc&order=price HTTP/1.1" - -
157.55.39.237 - - [11/Oct/2016:15:00:32 +0152] "GET /loja/vestidos-11.html?color=4&mode=list HTTP/1.1" - -
207.46.13.49 - - [11/Oct/2016:15:00:37 +0152] "GET /loja/vestidos-11/madrinhas.html?price=3200-3300&tamanho=22&order=position&dir=asc HTTP/1.1" - -
207.46.13.49 - - [11/Oct/2016:15:00:38 +0152] "GET /loja/promocao.html HTTP/1.1" - -
207.46.13.49 - - [11/Oct/2016:15:00:38 +0152] "GET /loja.html?price=3000-&limit=10&cat=7 HTTP/1.1" - -
207.46.13.49 - - [11/Oct/2016:15:00:38 +0152] "GET /loja.html?p=2&limit=10&color=4&order=position&dir=desc&cat=9 HTTP/1.1" - -
207.46.13.49 - - [11/Oct/2016:15:00:38 +0152] "GET /loja/vestidos-11/maes.html?color=44&price=2060-&order=position&dir=desc HTTP/1.1" - -
207.46.13.14 - - [11/Oct/2016:15:00:43 +0152] "GET /loja/vestidos-11/madrinhas.html?color=26&price=2000-2100&tamanho=13&limit=15 HTTP/1.1" - -
207.46.13.14 - - [11/Oct/2016:15:00:43 +0152] "GET /loja.html?color=38&price=2000-&tamanho=13&order=price&dir=asc HTTP/1.1" - -
157.55.39.110 - - [11/Oct/2016:15:00:46 +0152] "GET /loja.html?color=39&price=1000-2000&order=price&dir=desc&cat=7 HTTP/1.1" - -
157.55.39.110 - - [11/Oct/2016:15:00:46 +0152] "GET /loja.html?p=3&color=38&price=2000-3000&tamanho=13&order=position&dir=asc&cat=7 HTTP/1.1" - -
157.55.39.110 - - [11/Oct/2016:15:00:47 +0152] "GET /loja/vestidos-11.html?p=2&price=3000-&tamanho=20&cat=10 HTTP/1.1" - -
157.55.39.85 - - [11/Oct/2016:15:00:55 +0152] "GET /loja/vestidos-11/maes.html?color=36&tamanho=13&mode=list&dir=asc&order=position HTTP/1.1" - -
157.55.39.85 - - [11/Oct/2016:15:00:55 +0152] "GET /loja.html?color=36&p=2&order=price&dir=desc HTTP/1.1" - -
157.55.39.85 - - [11/Oct/2016:15:00:55 +0152] "GET /loja.html?color=27&price=2100-2200&tamanho=22&cat=10 HTTP/1.1" - -
157.55.39.85 - - [11/Oct/2016:15:00:55 +0152] "GET /loja/vestidos-11/maes.html?color=26&order=position&dir=asc HTTP/1.1" - -
157.55.39.85 - - [11/Oct/2016:15:00:55 +0152] "GET /loja/vestidos-11/madrinhas.html?color=30&tamanho=22&mode=grid HTTP/1.1" - -
157.55.39.85 - - [11/Oct/2016:15:00:56 +0152] "GET /loja.html?color=4&p=3&mode=list&dir=desc&order=position HTTP/1.1" - -
157.55.39.85 - - [11/Oct/2016:15:00:56 +0152] "GET /loja/vestidos-11/maes.html?color=39&p=1&tamanho=13&order=position&dir=desc HTTP/1.1" - -
157.55.39.85 - - [11/Oct/2016:15:00:56 +0152] "GET /loja.html?price=2000-&tamanho=21&limit=10&cat=8 HTTP/1.1" - -
157.55.39.85 - - [11/Oct/2016:15:00:56 +0152] "GET /loja/vestidos-11/madrinhas.html?color=26&p=2&tamanho=13&limit=15 HTTP/1.1" - -
157.55.39.85 - - [11/Oct/2016:15:00:56 +0152] "GET /loja/vestido-jovani-926a.html HTTP/1.1" - -
157.55.39.85 - - [11/Oct/2016:15:00:56 +0152] "GET /loja/vestidos-11/formaturas.html?color=37&p=2&tamanho=13 HTTP/1.1" - -
157.55.39.85 - - [11/Oct/2016:15:00:56 +0152] "GET /loja.html?limit=30&mode=list&color=28&tamanho=13&order=position&dir=asc HTTP/1.1" - -
157.55.39.85 - - [11/Oct/2016:15:00:57 +0152] "GET /loja.html?color=41&p=2&limit=10&mode=grid&cat=9 HTTP/1.1" - -
157.55.39.85 - - [11/Oct/2016:15:00:57 +0152] "GET /loja/vestidos-11/formaturas.html?color=36&price=2000-3000&order=position&dir=desc HTTP/1.1" - -
157.55.39.85 - - [11/Oct/2016:15:00:57 +0152] "GET /loja.html?p=3&price=2060-&tamanho=21&order=position&dir=asc HTTP/1.1" - -
157.55.39.85 - - [11/Oct/2016:15:00:57 +0152] "GET /loja.html?color=40&tamanho=13&order=position&dir=desc&cat=8 HTTP/1.1" - -
157.55.39.85 - - [11/Oct/2016:15:00:57 +0152] "GET /loja/vestidos-11.html?color=36&price=2900-&order=position&dir=asc HTTP/1.1" - -
157.55.39.85 - - [11/Oct/2016:15:00:57 +0152] "GET /loja.html?color=42&tamanho=13&limit=15&cat=7 HTTP/1.1" - -
157.55.39.85 - - [11/Oct/2016:15:00:58 +0152] "GET /loja/vestidos-11/madrinhas.html?color=47&tamanho=13&limit=10&mode=list HTTP/1.1" - -
157.55.39.85 - - [11/Oct/2016:15:00:58 +0152] "GET /loja/vestidos-11/formaturas.html?color=48&p=3&order=position&dir=asc HTTP/1.1" - -
157.55.39.85 - - [11/Oct/2016:15:00:58 +0152] "GET /loja/vestidos-11/maes.html?color=39&p=3&mode=list&dir=asc&order=position HTTP/1.1" - -
157.55.39.85 - - [11/Oct/2016:15:00:58 +0152] "GET /loja.html?color=27&price=2060-&tamanho=13&order=position&dir=asc HTTP/1.1" - -
157.55.39.85 - - [11/Oct/2016:15:00:58 +0152] "GET /loja.html?p=3&price=2000-&tamanho=21&order=position&dir=desc&cat=10 HTTP/1.1" - -
157.55.39.85 - - [11/Oct/2016:15:00:58 +0152] "GET /loja.html?p=2&price=3000-&mode=list&cat=10 HTTP/1.1" - -
157.55.39.85 - - [11/Oct/2016:15:00:59 +0152] "GET /loja/vestidos-11.html?color=26&p=2&tamanho=20&order=position&dir=desc HTTP/1.1" - -
157.55.39.85 - - [11/Oct/2016:15:00:59 +0152] "GET /loja.html?mode=list&color=42&tamanho=17&order=position&dir=desc&cat=10 HTTP/1.1" - -
157.55.39.85 - - [11/Oct/2016:15:00:59 +0152] "GET /loja.html?color=27&tamanho=21&order=position&dir=desc&cat=8 HTTP/1.1" - -
157.55.39.85 - - [11/Oct/2016:15:00:59 +0152] "GET /loja.html?price=2400-2500&limit=10 HTTP/1.1" - -
157.55.39.85 - - [11/Oct/2016:15:00:59 +0152] "GET /loja/vestidos-11.html?color=30&order=position&dir=desc&cat=9 HTTP/1.1" - -
157.55.39.237 - - [11/Oct/2016:15:01:57 +0152] "GET /loja.html?color=28&price=1980-&order=price&dir=desc&cat=7 HTTP/1.1" - -
157.55.39.237 - - [11/Oct/2016:15:01:57 +0152] "GET /loja.html?p=2&color=47&price=2780-&tamanho=13&order=position&dir=desc&cat=7 HTTP/1.1" - -
207.46.13.49 - - [11/Oct/2016:15:02:02 +0152] "GET /loja.html?color=34&p=1&price=2150-&order=position&dir=desc HTTP/1.1" - -
207.46.13.49 - - [11/Oct/2016:15:02:26 +0152] "GET /loja.html?color=46&tamanho=21&limit=30&order=position&dir=asc HTTP/1.1" - -
207.46.13.49 - - [11/Oct/2016:15:02:26 +0152] "GET /loja.html?color=30&price=2100-&tamanho=22&order=price&dir=asc&cat=7 HTTP/1.1" - -
207.46.13.14 - - [11/Oct/2016:15:02:36 +0152] "GET /loja/vestidos-11.html?color=46&cat=8&order=position&dir=desc&mode=grid HTTP/1.1" - -
157.55.39.237 - - [11/Oct/2016:15:02:39 +0152] "GET /loja/vestidos-11/madrinhas.html?color=36&price=2710-&limit=15 HTTP/1.1" - -
157.55.39.110 - - [11/Oct/2016:15:02:47 +0152] "GET /loja.html?p=3&color=44&price=2000-3000&tamanho=13&order=position&dir=desc HTTP/1.1" - -
157.55.39.237 - - [11/Oct/2016:15:03:44 +0152] "GET /loja.html?color=42&tamanho=21&limit=10&cat=10 HTTP/1.1" - -
207.46.13.49 - - [11/Oct/2016:15:03:49 +0152] "GET /loja.html?p=2&mode=grid&tamanho=18&order=position&dir=desc&cat=7 HTTP/1.1" - -
207.46.13.49 - - [11/Oct/2016:15:03:59 +0152] "GET /loja.html?color=33&price=2800-&tamanho=20&order=position&dir=desc HTTP/1.1" - -
157.55.39.110 - - [11/Oct/2016:15:04:02 +0152] "GET /loja.html?limit=10&mode=grid&color=27&price=2000-3000&tamanho=22&cat=8 HTTP/1.1" - -
157.55.39.110 - - [11/Oct/2016:15:04:03 +0152] "GET /loja.html?limit=30&mode=list&color=39&tamanho=20&order=position&dir=desc&cat=7 HTTP/1.1" - -
157.55.39.237 - - [11/Oct/2016:15:04:13 +0152] "GET /loja/vestidos-11/maes.html?color=44&mode=grid&dir=asc&order=position HTTP/1.1" - -
157.55.39.237 - - [11/Oct/2016:15:04:14 +0152] "GET /loja.html?color=36&p=3&limit=30&mode=list&cat=7 HTTP/1.1" - -
157.55.39.237 - - [11/Oct/2016:15:04:14 +0152] "GET /loja.html?color=41&p=3&mode=grid&cat=9 HTTP/1.1" - -
157.55.39.237 - - [11/Oct/2016:15:04:15 +0152] "GET /loja.html?color=36&p=3&tamanho=21&limit=10&cat=7 HTTP/1.1" - -
207.46.13.49 - - [11/Oct/2016:15:04:21 +0152] "GET /loja/vestidos-11/maes.html?color=44&tamanho=13&order=position&dir=desc HTTP/1.1" - -
207.46.13.14 - - [11/Oct/2016:15:04:24 +0152] "GET /loja/vestidos-11.html?color=26&tamanho=13&order=position&dir=asc&cat=8 HTTP/1.1" - -
207.46.13.14 - - [11/Oct/2016:15:04:25 +0152] "GET /loja.html?color=27&p=2&tamanho=21&order=position&dir=asc HTTP/1.1" - -
157.55.39.237 - - [11/Oct/2016:15:04:29 +0152] "GET /loja/vestidos-11.html?color=28&p=2&mode=list HTTP/1.1" - -
157.55.39.110 - - [11/Oct/2016:15:04:44 +0152] "GET /loja.html?color=26&tamanho=21&mode=list&cat=10 HTTP/1.1" - -
207.46.13.14 - - [11/Oct/2016:15:04:51 +0152] "GET /loja.html?p=3&color=44&price=2710-&tamanho=13&order=price&dir=desc&cat=7 HTTP/1.1" - -
157.55.39.110 - - [11/Oct/2016:15:05:15 +0152] "GET /loja/vestidos-11/madrinhas.html?price=2710-&tamanho=12&limit=15 HTTP/1.1" - -
207.46.13.49 - - [11/Oct/2016:15:05:39 +0152] "GET /loja.html?p=3&limit=10&mode=grid&price=1000-2000&tamanho=13&cat=9 HTTP/1.1" - -
157.55.39.110 - - [11/Oct/2016:15:05:45 +0152] "GET /loja/vestidos-11.html?color=40&p=1&tamanho=21 HTTP/1.1" - -
207.46.13.14 - - [11/Oct/2016:15:06:02 +0152] "GET /loja.html?price=2000-2100&tamanho=13&order=price&dir=asc&cat=7 HTTP/1.1" - -
207.46.13.49 - - [11/Oct/2016:15:06:21 +0152] "GET /loja/vestidos-11/madrinhas.html?color=4&p=1&mode=grid HTTP/1.1" - -
207.46.13.49 - - [11/Oct/2016:15:06:21 +0152] "GET /loja.html?color=26&price=2000-2100&tamanho=13&cat=8 HTTP/1.1" - -
207.46.13.49 - - [11/Oct/2016:15:06:23 +0152] "GET /loja.html?color=42&p=3&price=2000-3000&cat=8 HTTP/1.1" - -
157.55.39.110 - - [11/Oct/2016:15:06:26 +0152] "GET /loja.html?price=1980-&tamanho=13&mode=list&dir=desc&order=position HTTP/1.1" - -
157.55.39.110 - - [11/Oct/2016:15:06:27 +0152] "GET /loja.html?color=42&price=2060-&tamanho=13&order=position&dir=desc&cat=10 HTTP/1.1" - -
157.55.39.110 - - [11/Oct/2016:15:06:27 +0152] "GET /loja.html?p=2&mode=list&color=36&price=2900-&tamanho=20&order=price&dir=asc HTTP/1.1" - -
207.46.13.14 - - [11/Oct/2016:15:06:31 +0152] "GET /loja.html?p=2&mode=grid&tamanho=12&order=position&dir=asc&cat=7 HTTP/1.1" - -
207.46.13.14 - - [11/Oct/2016:15:06:32 +0152] "GET /loja.html?color=42&price=2060-&tamanho=17&limit=15&mode=list HTTP/1.1" - -
207.46.13.49 - - [11/Oct/2016:15:06:36 +0152] "GET /loja.html?price=2900-&order=position&dir=asc&cat=7 HTTP/1.1" - -
207.46.13.49 - - [11/Oct/2016:15:06:37 +0152] "GET /loja.html?p=1&tamanho=17&limit=30&mode=list&cat=7 HTTP/1.1" - -
157.55.39.110 - - [11/Oct/2016:15:06:44 +0152] "GET /loja/vestidos-11/maes.html?price=2000-&tamanho=21&order=position&dir=desc HTTP/1.1" - -
157.55.39.237 - - [11/Oct/2016:15:07:02 +0152] "GET /loja.html?price=2100-&tamanho=22&mode=grid HTTP/1.1" - -
157.55.39.237 - - [11/Oct/2016:15:07:02 +0152] "GET /loja.html?p=3&limit=10&color=40&price=2860-&tamanho=13&cat=8 HTTP/1.1" - -
157.55.39.110 - - [11/Oct/2016:15:07:20 +0152] "GET /loja/vestidos-11.html?color=28&price=2000-3000&tamanho=13&order=position&dir=asc HTTP/1.1" - -
157.55.39.237 - - [11/Oct/2016:15:08:23 +0152] "GET /loja.html?color=39&price=1980-&limit=15&cat=10 HTTP/1.1" - -
157.55.39.237 - - [11/Oct/2016:15:08:23 +0152] "GET /loja.html?tamanho=20&mode=grid&dir=asc&order=position HTTP/1.1" - -
157.55.39.237 - - [11/Oct/2016:15:08:23 +0152] "GET /loja/vestidos-11.html?color=33&p=3&price=2900-&tamanho=13&mode=list HTTP/1.1" - -
207.46.13.14 - - [11/Oct/2016:15:08:33 +0152] "GET /loja/vestidos-11/maes.html?color=28&p=1&mode=list&dir=desc&order=position HTTP/1.1" - -
207.46.13.14 - - [11/Oct/2016:15:08:33 +0152] "GET /loja.html?color=26&price=1000-2000&mode=list&dir=asc&order=position HTTP/1.1" - -
207.46.13.49 - - [11/Oct/2016:15:08:36 +0152] "GET /loja.html?price=2060-&tamanho=17&cat=10 HTTP/1.1" - -
207.46.13.49 - - [11/Oct/2016:15:08:36 +0152] "GET /loja.html?color=4&order=position&dir=desc&cat=9 HTTP/1.1" - -
207.46.13.49 - - [11/Oct/2016:15:08:38 +0152] "GET /loja.html?color=27&price=2100-2200&tamanho=21&mode=list&cat=8 HTTP/1.1" - -
157.55.39.110 - - [11/Oct/2016:15:08:48 +0152] "GET /loja.html?color=30&price=2100-&tamanho=22&mode=list&cat=8 HTTP/1.1" - -
207.46.13.14 - - [11/Oct/2016:15:08:52 +0152] "GET /loja.html?cat=8&tamanho=17&order=position&dir=asc&mode=list HTTP/1.1" - -
207.46.13.14 - - [11/Oct/2016:15:08:52 +0152] "GET /loja/vestidos-11/formaturas.html?color=39&p=2&tamanho=13 HTTP/1.1" - -
157.55.39.110 - - [11/Oct/2016:15:08:58 +0152] "GET /loja.html?color=40&price=2830-&tamanho=21&limit=30 HTTP/1.1" - -
207.46.13.49 - - [11/Oct/2016:15:09:05 +0152] "GET /loja.html?color=28&price=2060-&tamanho=17&mode=list&cat=7 HTTP/1.1" - -
157.55.39.237 - - [11/Oct/2016:15:10:03 +0152] "GET /loja.html?p=3&mode=list&tamanho=12&order=position&dir=asc&cat=7 HTTP/1.1" - -
207.46.13.49 - - [11/Oct/2016:15:10:21 +0152] "GET /loja/vestidos-11.html?color=47&tamanho=13&order=position&dir=desc HTTP/1.1" - -
207.46.13.49 - - [11/Oct/2016:15:10:22 +0152] "GET /loja.html?color=42&tamanho=17&limit=10&cat=10 HTTP/1.1" - -
